
	Solution from PySLSQP:
	----------------------------------------------------------------------------------------------------
	Problem                       : unnamed_problem
	Solver                        : pyslsqp
	Success                       : True
	Message                       : Optimization terminated successfully
	Status                        : 0
	Objective                     : 1.8953660638604624
	Optimality                    : -6.824077140477058e-06
	Feasibility                   : 0.0
	Gradient norm                 : 0.9288928184580607
	Major iterations              : 68
	Total function evals          : 110
	Total gradient evals          : 67
	Total time                    : 9556.57466006279
	Function eval. time           : 5111.227239499916
	Derivative eval. time         : 4445.250975299918
	Optimizer time                : 0.004311299824621528
	Processing time               : 0.0808333003660664
	Visualization time            : 0.0
	Summary saved in              : unnamed_problem_outputs/2026-04-11_19.35.44.480650/slsqp_summary.out
	Total callbacks               : 177
	Reused callbacks              : 0
	obj callbacks                 : 110
	grad callbacks                : 67
	hess callbacks                : 0
	con callbacks                 : 0
	jac callbacks                 : 0
	Optimal variables             : [  5.          -5.71185929 -10.           3.08315771   8.
   8.19983608  -7.76289725   8.55861255   4.2362907    6.05477708
   5.10753031   2.06172359   4.13534693   3.93505754  -0.33419271]
	Optimal obj. gradient         : [-0.48373048 -0.13815823  0.04336083 -0.23237446 -0.23975256 -0.09024966
  0.00193014 -0.01169749 -0.010932   -0.07448622 -0.18171908  0.12784301
  0.007114    0.06560205  0.65477209]
	Optimal constraints           : []
	Optimal multipliers (constr.) : []
	Optimal Jacobian              : []
	----------------------------------------------------------------------------------------------------
