
	Solution from PySLSQP:
	----------------------------------------------------------------------------------------------------
	Problem                       : SP1_V3
	Solver                        : pyslsqp
	Success                       : True
	Message                       : Optimization terminated successfully
	Status                        : 0
	Objective                     : 1.4024254276345312
	Optimality                    : -5.236699032185044e-07
	Feasibility                   : 0.0
	Gradient norm                 : 1.0106476727688096
	Major iterations              : 68
	Total function evals          : 101
	Total gradient evals          : 67
	Total time                    : 4352.040656805038
	Function eval. time           : 2154.8164895997616
	Derivative eval. time         : 2197.137910299585
	Optimizer time                : 0.005663600750267506
	Processing time               : 0.08655149990227073
	Visualization time            : 0.0
	Summary saved in              : SP1_V3_outputs/2026-04-16_15.19.47.525382/slsqp_summary.out
	Total callbacks               : 168
	Reused callbacks              : 0
	obj callbacks                 : 101
	grad callbacks                : 67
	hess callbacks                : 0
	con callbacks                 : 0
	jac callbacks                 : 0
	Optimal variables             : [ 4.72508275 -8.13886545 -7.59746414  4.69121409  7.36485737  8.
  2.14653446  2.11105952  3.61365223  4.18882657  6.17972045  1.62451449
  3.95725779  2.06937795 -0.20941628]
	Optimal obj. gradient         : [-0.62386845 -0.20953078 -0.07995424 -0.32634483 -0.18033998  0.05085639
 -0.01564369  0.00601642 -0.00886945 -0.02680226 -0.27875001 -0.15003845
 -0.01879343 -0.03350166  0.58096868]
	Optimal constraints           : []
	Optimal multipliers (constr.) : []
	Optimal Jacobian              : []
	----------------------------------------------------------------------------------------------------
