
	Solution from PySLSQP:
	----------------------------------------------------------------------------------------------------
	Problem                       : SP2_V5
	Solver                        : pyslsqp
	Success                       : True
	Message                       : Optimization terminated successfully
	Status                        : 0
	Objective                     : 0.6697160600505386
	Optimality                    : -4.6841245904261086e-07
	Feasibility                   : 0.0
	Gradient norm                 : 0.02865309303904759
	Major iterations              : 2
	Total function evals          : 5
	Total gradient evals          : 1
	Total time                    : 272.91370129585266
	Function eval. time           : 272.9161979999917
	Derivative eval. time         : 2.1500003640539944e-05
	Optimizer time                : 0.00010890001431107521
	Processing time               : 0.004250499987392686
	Visualization time            : 0.0
	Summary saved in              : SP2_V5_outputs/2026-04-17_23.24.00.017576/slsqp_summary.out
	Total callbacks               : 6
	Reused callbacks              : 0
	obj callbacks                 : 5
	grad callbacks                : 1
	hess callbacks                : 0
	con callbacks                 : 0
	jac callbacks                 : 0
	Optimal variables             : [ 3.46944104e-01  4.70819844e-01  2.34665696e+00  5.14163691e+00
  4.67170483e+00  3.30907415e+00  2.26088944e+00  1.26699279e+00
  5.31005208e-01  1.20502064e-01  3.92937383e-01  5.54124678e-01
  6.03971793e-01  1.38145346e+00  1.12317390e+00  8.97832679e-01
  7.05709790e-01  3.47213592e-01  1.71626193e-01  1.00000001e-01
  9.99999997e+00  0.00000000e+00 -3.51488475e-14]
	Optimal obj. gradient         : [ 1.64303510e-02  1.10521800e-02  2.48542978e-03  1.11354542e-03
 -5.68016177e-03  1.84091640e-03  1.18366025e-03  6.57310284e-04
  2.60640666e-04 -3.84681951e-06  3.55030573e-03  2.38489622e-03
  4.79326754e-04  1.77587939e-04 -1.85100025e-04  2.98309916e-04
  1.96615816e-04  1.12049878e-04  4.49701374e-05 -6.45766683e-07
 -1.91099669e-02  0.00000000e+00  4.06205397e-19]
	Optimal constraints           : []
	Optimal multipliers (constr.) : []
	Optimal Jacobian              : []
	----------------------------------------------------------------------------------------------------
