
	Solution from PySLSQP:
	----------------------------------------------------------------------------------------------------
	Problem                       : SP2_V2
	Solver                        : pyslsqp
	Success                       : True
	Message                       : Optimization terminated successfully
	Status                        : 0
	Objective                     : 1.0045011219930418
	Optimality                    : 1.2677035776675893e-07
	Feasibility                   : 0.0
	Gradient norm                 : 2.4374200168050986
	Major iterations              : 2
	Total function evals          : 12
	Total gradient evals          : 1
	Total time                    : 2095.6669824123383
	Function eval. time           : 2095.6638449000893
	Derivative eval. time         : 2.319994382560253e-05
	Optimizer time                : 0.00032680004369467497
	Processing time               : 0.004397599957883358
	Visualization time            : 0.0
	Summary saved in              : SP2_V2_outputs/2026-04-16_15.13.41.361086/slsqp_summary.out
	Total callbacks               : 13
	Reused callbacks              : 0
	obj callbacks                 : 12
	grad callbacks                : 1
	hess callbacks                : 0
	con callbacks                 : 0
	jac callbacks                 : 0
	Optimal variables             : [ 1.00000000e-01  1.00290179e-01  1.13429232e-01  1.03004326e-01
  1.00189908e-01  1.00074251e-01  1.00000000e-01  1.00000000e-01
  1.00000000e-01  1.00000000e-01  1.01065383e-01  1.18865110e-01
  1.14942160e-01  1.37056924e-01  1.28606594e-01  1.05927760e-01
  1.00000000e-01  1.00000000e-01  1.00000000e-01  1.00000000e-01
  1.71049404e-03  0.00000000e+00 -1.70108619e-20]
	Optimal obj. gradient         : [ 3.38766370e-02  2.56839318e-02  1.17166712e-01  4.62627587e-03
  3.10727287e-03  2.55621263e-03  2.02047253e-03  1.50784902e-03
  1.01315206e-03  5.37900230e-04  7.33533745e-03  5.56304615e-03
 -2.43409060e+00  9.55286660e-04  6.37434796e-04  5.19730863e-04
  4.05725414e-04  2.96729669e-04  1.91639540e-04  9.07444147e-05
 -2.34961545e-02  0.00000000e+00 -4.43859726e-21]
	Optimal constraints           : []
	Optimal multipliers (constr.) : []
	Optimal Jacobian              : []
	----------------------------------------------------------------------------------------------------
