
	Solution from PySLSQP:
	----------------------------------------------------------------------------------------------------
	Problem                       : unnamed_problem
	Solver                        : pyslsqp
	Success                       : True
	Message                       : Optimization terminated successfully
	Status                        : 0
	Objective                     : 1.5643747703677349
	Optimality                    : -7.106064120021571e-06
	Feasibility                   : 0.0
	Gradient norm                 : 1.5702948655418836
	Major iterations              : 21
	Total function evals          : 86
	Total gradient evals          : 20
	Total time                    : 8371.416142463684
	Function eval. time           : 6848.822672599461
	Derivative eval. time         : 1522.5506355001125
	Optimizer time                : 0.0026755001163110137
	Processing time               : 0.030822000233456492
	Visualization time            : 0.0
	Summary saved in              : unnamed_problem_outputs/2026-04-14_19.32.44.576563/slsqp_summary.out
	Total callbacks               : 106
	Reused callbacks              : 0
	obj callbacks                 : 86
	grad callbacks                : 20
	hess callbacks                : 0
	con callbacks                 : 0
	jac callbacks                 : 0
	Optimal variables             : [ 1.10696572e-01  1.14902700e-01  3.63828948e-01  3.51241481e-01
  1.01720077e-01  1.01504709e-01  1.40881876e-01  1.01111001e-01
  1.00928109e-01  1.00753297e-01  1.02316666e-01  1.76460361e-01
  2.13016936e-01  3.12173474e-01  1.53390850e-01  1.00293121e-01
  1.01623186e-01  1.00206338e-01  1.00166051e-01  1.00127507e-01
 -1.17760656e-01  0.00000000e+00  5.50220536e-21]
	Optimal obj. gradient         : [ 4.88562963e-01  6.75752208e-01  4.81083976e-01 -1.20677262e+00
  8.33658300e-02  7.45184174e-02  6.58894716e-02  5.74982702e-02
  4.91564968e-02  4.08634948e-02  1.05808903e-01  1.46366915e-01
  1.01557927e-01 -1.14709925e-01  1.65372784e-02  1.45155840e-02
  1.25393460e-02  1.06781657e-02  8.79425364e-03  6.91637646e-03
 -3.92540216e-02  0.00000000e+00  6.92774643e-21]
	Optimal constraints           : []
	Optimal multipliers (constr.) : []
	Optimal Jacobian              : []
	----------------------------------------------------------------------------------------------------
