
	Solution from Scipy SLSQP:
	----------------------------------------------------------------------------------------------------
	Problem                  : attitude_opt
	Solver                   : scipy-slsqp
	Success                  : False
	Message                  : Positive directional derivative for linesearch
	Status                   : 8
	Total time               : 0.014096736907958984
	Objective                : 9.88261083367937e-21
	Gradient norm            : 1.1195463585679008e-18
	Total function evals     : 1
	Total gradient evals     : 1
	Major iterations         : 5
	Total callbacks          : 5
	Reused callbacks         : 0
	obj callbacks            : 1
	grad callbacks           : 1
	hess callbacks           : 0
	con callbacks            : 2
	jac callbacks            : 1
	Optimal variables        : [1.         0.98305085 0.96610169 0.94915254 0.93220339 0.91525424
 0.89830508 0.88135593 0.86440678 0.84745763 0.83050847 0.81355932
 0.79661017 0.77966102 0.76271186 0.74576271 0.72881356 0.71186441
 0.69491525 0.6779661  0.66101695 0.6440678  0.62711864 0.61016949
 0.59322034 0.57627119 0.55932203 0.54237288 0.52542373 0.50847458
 0.49152542 0.47457627 0.45762712 0.44067797 0.42372881 0.40677966
 0.38983051 0.37288136 0.3559322  0.33898305 0.3220339  0.30508475
 0.28813559 0.27118644 0.25423729 0.23728814 0.22033898 0.20338983
 0.18644068 0.16949153 0.15254237 0.13559322 0.11864407 0.10169492
 0.08474576 0.06779661 0.05084746 0.03389831 0.01694915 0.
 1.         0.98305085 0.96610169 0.94915254 0.93220339 0.91525424
 0.89830508 0.88135593 0.86440678 0.84745763 0.83050847 0.81355932
 0.79661017 0.77966102 0.76271186 0.74576271 0.72881356 0.71186441
 0.69491525 0.6779661  0.66101695 0.6440678  0.62711864 0.61016949
 0.59322034 0.57627119 0.55932203 0.54237288 0.52542373 0.50847458
 0.49152542 0.47457627 0.45762712 0.44067797 0.42372881 0.40677966
 0.38983051 0.37288136 0.3559322  0.33898305 0.3220339  0.30508475
 0.28813559 0.27118644 0.25423729 0.23728814 0.22033898 0.20338983
 0.18644068 0.16949153 0.15254237 0.13559322 0.11864407 0.10169492
 0.08474576 0.06779661 0.05084746 0.03389831 0.01694915 0.
 1.         0.98305085 0.96610169 0.94915254 0.93220339 0.91525424
 0.89830508 0.88135593 0.86440678 0.84745763 0.83050847 0.81355932
 0.79661017 0.77966102 0.76271186 0.74576271 0.72881356 0.71186441
 0.69491525 0.6779661  0.66101695 0.6440678  0.62711864 0.61016949
 0.59322034 0.57627119 0.55932203 0.54237288 0.52542373 0.50847458
 0.49152542 0.47457627 0.45762712 0.44067797 0.42372881 0.40677966
 0.38983051 0.37288136 0.3559322  0.33898305 0.3220339  0.30508475
 0.28813559 0.27118644 0.25423729 0.23728814 0.22033898 0.20338983
 0.18644068 0.16949153 0.15254237 0.13559322 0.11864407 0.10169492
 0.08474576 0.06779661 0.05084746 0.03389831 0.01694915 0.
 0.         0.         0.        ]
	Optimal obj. gradient    : [ 8.09027155e-19 -7.58300749e-19 -6.32109489e-20  1.14349811e-20
  1.84432569e-21  1.12243747e-22  1.08768317e-22  1.06787138e-22
  1.04803550e-22  1.02815669e-22  1.00822832e-22  9.88278447e-23
  9.68305973e-23  9.48285404e-23  9.28226605e-23  9.08146729e-23
  8.88044615e-23  8.67892420e-23  8.47712054e-23  8.27511015e-23
  8.07286387e-23  7.87013927e-23  7.66720582e-23  7.46407749e-23
  7.26068384e-23  7.05687651e-23  6.85290071e-23  6.64874844e-23
  6.44430136e-23  6.23952668e-23  6.03460327e-23  5.82952107e-23
  5.62412987e-23  5.41849827e-23  5.21272950e-23  5.00681366e-23
  4.80059926e-23  4.59421869e-23  4.38771306e-23  4.18106464e-23
  3.97415587e-23  3.76713438e-23  3.56000486e-23  3.35273328e-23
  3.14526196e-23  2.93771091e-23  2.73007248e-23  2.52230021e-23
  2.31439518e-23  2.10643239e-23  1.89840289e-23  1.69026324e-23
  1.48205122e-23  1.27380044e-23  9.10704456e-24 -1.78382025e-21
 -1.16313662e-20  9.91068197e-21  5.72338001e-20 -5.36556496e-20
  4.91065391e-21 -4.86942437e-21 -3.41613033e-22  1.23444071e-22
  4.22571516e-23  2.83929116e-23  2.78570381e-23  2.73330088e-23
  2.68094312e-23  2.62858079e-23  2.57619561e-23  2.52385776e-23
  2.47156278e-23  2.41924404e-23  2.36692520e-23  2.31464838e-23
  2.26240888e-23  2.21013412e-23  2.15787828e-23  2.10565867e-23
  2.05346608e-23  2.00123711e-23  1.94903852e-23  1.89687201e-23
  1.84471780e-23  1.79253636e-23  1.74038811e-23  1.68826907e-23
  1.63614724e-23  1.58401236e-23  1.53190785e-23  1.47982916e-23
  1.42773611e-23  1.37564407e-23  1.32357718e-23  1.27153085e-23
  1.21946450e-23  1.16740958e-23  1.11537440e-23  1.06335232e-23
  1.01131122e-23  9.59286410e-24  9.07276895e-24  8.55271781e-24
  8.03254037e-24  7.51251967e-24  6.99261381e-24  6.47268076e-24
  5.95269887e-24  5.43283694e-24  4.91304926e-24  4.39319929e-24
  3.87335921e-24  3.35359230e-24  2.79270604e-24 -4.55936925e-23
 -3.14536889e-22  2.58303790e-22  1.54180767e-21 -1.44516459e-21
  8.34356104e-20 -7.86135866e-20 -6.55674262e-21  1.17928337e-21
  1.80479774e-22  3.60450008e-25  2.00123362e-25  1.95859194e-25
  1.91802104e-25  1.87941207e-25  1.84267959e-25  1.80780209e-25
  1.77470602e-25  1.74327411e-25  1.71345430e-25  1.68520945e-25
  1.65847043e-25  1.63311852e-25  1.60912835e-25  1.58645006e-25
  1.56501583e-25  1.54471581e-25  1.52554043e-25  1.50743380e-25
  1.49032413e-25  1.47412219e-25  1.45882156e-25  1.44436769e-25
  1.43068196e-25  1.41770254e-25  1.40541811e-25  1.39377942e-25
  1.38270227e-25  1.37215346e-25  1.36211362e-25  1.35253922e-25
  1.34334561e-25  1.33452455e-25  1.32604969e-25  1.31788050e-25
  1.30994054e-25  1.30223849e-25  1.29474550e-25  1.28741937e-25
  1.28020253e-25  1.27310984e-25  1.26611568e-25  1.25917341e-25
  1.25225115e-25  1.24536233e-25  1.23848782e-25  1.23157749e-25
  1.22462685e-25  1.21764453e-25 -5.04236660e-26 -1.98944718e-22
 -1.30143673e-21  1.08320584e-21  6.37215693e-21 -5.96758875e-21
  1.20370622e-29 -1.20370622e-28 -3.37037740e-28]
	----------------------------------------------------------------------------------------------------
