
	Solution from PySLSQP:
	----------------------------------------------------------------------------------------------------
	Problem                       : unnamed_problem
	Solver                        : pyslsqp
	Success                       : True
	Message                       : Optimization terminated successfully
	Status                        : 0
	Objective                     : 1.5591574249214188
	Optimality                    : -1.3554739111132363e-06
	Feasibility                   : 0.0
	Gradient norm                 : 0.47900987031438846
	Major iterations              : 72
	Total function evals          : 106
	Total gradient evals          : 71
	Total time                    : 17705.613426923752
	Function eval. time           : 9202.60551660019
	Derivative eval. time         : 8501.862233199761
	Optimizer time                : 0.004755599074997008
	Processing time               : 0.08870730095077306
	Visualization time            : 0.0
	Summary saved in              : unnamed_problem_outputs/2026-04-14_14.03.16.487762/slsqp_summary.out
	Total callbacks               : 177
	Reused callbacks              : 0
	obj callbacks                 : 106
	grad callbacks                : 71
	hess callbacks                : 0
	con callbacks                 : 0
	jac callbacks                 : 0
	Optimal variables             : [ 4.48176263 -3.04738456 -9.61040715  3.          8.          8.
 -5.31583763  8.55861255  3.24068595  6.05478909  4.59535966  2.05054908
  5.29427138  3.14773677  0.04899414]
	Optimal obj. gradient         : [-0.25634908 -0.08994293 -0.04009005  0.12219663 -0.07129038  0.03472035
 -0.01173566 -0.02450626  0.00200336 -0.03340583 -0.16192437 -0.06890189
 -0.00482809  0.004024    0.31615519]
	Optimal constraints           : []
	Optimal multipliers (constr.) : []
	Optimal Jacobian              : []
	----------------------------------------------------------------------------------------------------
