
	Solution from PySLSQP:
	----------------------------------------------------------------------------------------------------
	Problem                       : SP1_V5
	Solver                        : pyslsqp
	Success                       : True
	Message                       : Optimization terminated successfully
	Status                        : 0
	Objective                     : 0.6695192458758616
	Optimality                    : -6.855107154146722e-07
	Feasibility                   : 0.0
	Gradient norm                 : 0.04274116094238754
	Major iterations              : 8
	Total function evals          : 20
	Total gradient evals          : 7
	Total time                    : 2283.6397256851196
	Function eval. time           : 1603.1367308999907
	Derivative eval. time         : 680.4828117000288
	Optimizer time                : 0.0005696000444004312
	Processing time               : 0.012797599934856407
	Visualization time            : 0.0
	Summary saved in              : SP1_V5_outputs/2026-04-18_01.21.15.228949/slsqp_summary.out
	Total callbacks               : 27
	Reused callbacks              : 0
	obj callbacks                 : 20
	grad callbacks                : 7
	hess callbacks                : 0
	con callbacks                 : 0
	jac callbacks                 : 0
	Optimal variables             : [ 5.         -1.8495916  -1.86774108  3.          3.         17.70596514
 -0.56274651 -4.07381564 -3.34938049 -3.55805885  5.10900097  1.68983093
  3.96682168  3.15098428  0.50909949]
	Optimal obj. gradient         : [-0.0302186  -0.00217566 -0.00320219  0.01599903  0.01318196 -0.00322002
 -0.00019938  0.0005908   0.00032763 -0.00783573  0.01678591 -0.00973644
 -0.00365582  0.00232593  0.00114857]
	Optimal constraints           : []
	Optimal multipliers (constr.) : []
	Optimal Jacobian              : []
	----------------------------------------------------------------------------------------------------
