
	Solution from PySLSQP:
	----------------------------------------------------------------------------------------------------
	Problem                       : SP2_V7
	Solver                        : pyslsqp
	Success                       : True
	Message                       : Optimization terminated successfully
	Status                        : 0
	Objective                     : 0.6705634715978697
	Optimality                    : -1.6879300757111082e-07
	Feasibility                   : 0.0
	Gradient norm                 : 0.023694380598051578
	Major iterations              : 2
	Total function evals          : 6
	Total gradient evals          : 1
	Total time                    : 422.91291904449463
	Function eval. time           : 422.902371499993
	Derivative eval. time         : 2.920000406447798e-05
	Optimizer time                : 0.00014460003876592964
	Processing time               : 0.005764599947724491
	Visualization time            : 0.0
	Summary saved in              : SP2_V7_outputs/2026-04-18_15.10.53.250954/slsqp_summary.out
	Total callbacks               : 7
	Reused callbacks              : 0
	obj callbacks                 : 6
	grad callbacks                : 1
	hess callbacks                : 0
	con callbacks                 : 0
	jac callbacks                 : 0
	Optimal variables             : [3.71093626e-01 5.11519875e-01 2.55889246e+00 5.27097790e+00
 5.01485788e+00 3.56329304e+00 2.34714942e+00 1.35572808e+00
 6.22167423e-01 2.14029959e-01 4.76565889e-01 6.41343160e-01
 7.23252358e-01 1.48385415e+00 1.23884255e+00 1.00762808e+00
 8.03438499e-01 4.45305537e-01 2.70114227e-01 1.98924259e-01
 9.97443572e+00 0.00000000e+00 2.18791731e-20]
	Optimal obj. gradient         : [ 1.68655217e-02  1.28163049e-02  3.26000367e-03  1.51125118e-03
  2.44039369e-03  3.25381551e-03  2.64388906e-03  2.08322549e-03
  1.56600544e-03  1.09510495e-03  3.64392401e-03  2.76454023e-03
  6.23203786e-04  2.39389156e-04  4.94864012e-04  5.18281033e-04
  4.36531834e-04  3.52647634e-04  2.67860236e-04  1.81522024e-04
 -6.78119101e-03  0.00000000e+00 -1.21781668e-21]
	Optimal constraints           : []
	Optimal multipliers (constr.) : []
	Optimal Jacobian              : []
	----------------------------------------------------------------------------------------------------
