
	Solution from PySLSQP:
	----------------------------------------------------------------------------------------------------
	Problem                       : SP1_V2
	Solver                        : pyslsqp
	Success                       : True
	Message                       : Optimization terminated successfully
	Status                        : 0
	Objective                     : 1.0062222672697232
	Optimality                    : -9.061966747214711e-06
	Feasibility                   : 0.0
	Gradient norm                 : 0.146355264407999
	Major iterations              : 8
	Total function evals          : 17
	Total gradient evals          : 7
	Total time                    : 2682.0958948135376
	Function eval. time           : 1822.697661200189
	Derivative eval. time         : 859.374613899854
	Optimizer time                : 0.0006795000517740846
	Processing time               : 0.014957599807530642
	Visualization time            : 0.0
	Summary saved in              : SP1_V2_outputs/2026-04-16_17.09.25.340168/slsqp_summary.out
	Total callbacks               : 24
	Reused callbacks              : 0
	obj callbacks                 : 17
	grad callbacks                : 7
	hess callbacks                : 0
	con callbacks                 : 0
	jac callbacks                 : 0
	Optimal variables             : [ 5.         -8.73119978 -7.82167222  4.85522366  4.27912077  8.
  9.00025673  5.63548063  6.45873574  5.59739407 11.98427002  1.91842737
  1.72740682  1.69775176  0.33451266]
	Optimal obj. gradient         : [ 8.76362513e-02  4.24288382e-02  2.60656253e-02  3.41147719e-02
  2.70687312e-02  3.92178166e-02  2.22985701e-04  7.37135852e-04
 -3.96736999e-05 -4.14919206e-03 -4.27505039e-03  2.72117536e-02
  1.41448150e-02  4.13237341e-03 -8.26549356e-02]
	Optimal constraints           : []
	Optimal multipliers (constr.) : []
	Optimal Jacobian              : []
	----------------------------------------------------------------------------------------------------
