
	Solution from PySLSQP:
	----------------------------------------------------------------------------------------------------
	Problem                       : SP2_V9
	Solver                        : pyslsqp
	Success                       : True
	Message                       : Optimization terminated successfully
	Status                        : 0
	Objective                     : 0.8312028816222389
	Optimality                    : 4.1846643299367416e-08
	Feasibility                   : 0.0
	Gradient norm                 : 0.007426762216068578
	Major iterations              : 5
	Total function evals          : 12
	Total gradient evals          : 5
	Total time                    : 406.1117959022522
	Function eval. time           : 286.35972880007466
	Derivative eval. time         : 119.72259690001374
	Optimizer time                : 0.00038100004894658923
	Processing time               : 0.029038399865385145
	Visualization time            : 0.0
	Summary saved in              : SP2_V9_outputs/2026-04-18_12.56.32.400720/slsqp_summary.out
	Total callbacks               : 17
	Reused callbacks              : 0
	obj callbacks                 : 12
	grad callbacks                : 5
	hess callbacks                : 0
	con callbacks                 : 0
	jac callbacks                 : 0
	Optimal variables             : [2.46278965e-01 3.68226574e-01 2.24292145e+00 5.03989204e+00
 4.56689022e+00 3.20482405e+00 2.15758777e+00 1.16441614e+00
 4.29160758e-01 1.00020596e-01 2.97011351e-01 4.51508616e-01
 5.03229862e-01 1.28114688e+00 1.02234898e+00 7.97108626e-01
 6.05123472e-01 2.46751472e-01 1.00006141e-01 1.00003433e-01
 7.99998040e+00 0.00000000e+00 1.69155996e-23]
	Optimal obj. gradient         : [-7.39369549e-03  2.26091097e-04  6.96813167e-05  3.25302176e-05
  8.85155505e-05  7.51359789e-05  6.17574462e-05  4.82869329e-05
  3.46458278e-05  2.08843146e-05 -6.39126912e-04  4.88667881e-05
  1.38342423e-05  5.70721689e-06  1.52714698e-05  1.31973932e-05
  1.09594519e-05  8.65622959e-06  6.19280904e-06  3.48106297e-06
  4.75522227e-06  0.00000000e+00  7.76276467e-25]
	Optimal constraints           : []
	Optimal multipliers (constr.) : []
	Optimal Jacobian              : []
	----------------------------------------------------------------------------------------------------
