
	Solution from PySLSQP:
	----------------------------------------------------------------------------------------------------
	Problem                       : SP2_V8
	Solver                        : pyslsqp
	Success                       : True
	Message                       : Optimization terminated successfully
	Status                        : 0
	Objective                     : 0.6848923694193622
	Optimality                    : -7.176514047468885e-07
	Feasibility                   : 0.0
	Gradient norm                 : 0.01785624478888787
	Major iterations              : 2
	Total function evals          : 5
	Total gradient evals          : 1
	Total time                    : 186.16826510429382
	Function eval. time           : 186.1447337999707
	Derivative eval. time         : 1.7299986211583018e-05
	Optimizer time                : 0.0001044000091496855
	Processing time               : 0.013926600047852844
	Visualization time            : 0.0
	Summary saved in              : SP2_V8_outputs/2026-04-18_03.49.51.622619/slsqp_summary.out
	Total callbacks               : 6
	Reused callbacks              : 0
	obj callbacks                 : 5
	grad callbacks                : 1
	hess callbacks                : 0
	con callbacks                 : 0
	jac callbacks                 : 0
	Optimal variables             : [ 4.44600162e-01  5.69693977e-01  2.45038782e+00  5.24155387e+00
  4.78004826e+00  3.40896302e+00  2.36114758e+00  1.36734137e+00
  6.31390420e-01  2.20869736e-01  4.92450471e-01  6.53887462e-01
  7.04606267e-01  1.48144037e+00  1.22375788e+00  9.97834599e-01
  8.05752307e-01  4.47272471e-01  2.71691978e-01  2.00058113e-01
  9.00849864e+00  0.00000000e+00 -1.86980689e-21]
	Optimal obj. gradient         : [ 1.24071688e-02  1.01105871e-02  2.91958022e-03  1.35442951e-03
  3.56856835e-03  3.08349925e-03  2.64639298e-03  2.21073596e-03
  1.76952787e-03  1.32507634e-03  2.67882607e-03  2.17941383e-03
  5.60210165e-04  2.14827350e-04  5.49707118e-04  4.96440037e-04
  4.36460035e-04  3.73842114e-04  3.02377655e-04  2.19535783e-04
 -1.82542830e-05  0.00000000e+00 -6.27696245e-25]
	Optimal constraints           : []
	Optimal multipliers (constr.) : []
	Optimal Jacobian              : []
	----------------------------------------------------------------------------------------------------
