
	Solution from PySLSQP:
	----------------------------------------------------------------------------------------------------
	Problem                       : SP1_V2
	Solver                        : pyslsqp
	Success                       : True
	Message                       : Optimization terminated successfully
	Status                        : 0
	Objective                     : 1.050054381852061
	Optimality                    : -9.059620831530779e-06
	Feasibility                   : 0.0
	Gradient norm                 : 0.13733648700046636
	Major iterations              : 17
	Total function evals          : 31
	Total gradient evals          : 16
	Total time                    : 1969.8787958621979
	Function eval. time           : 1133.284294300247
	Derivative eval. time         : 836.57225510024
	Optimizer time                : 0.001129600452259183
	Processing time               : 0.01619909901637584
	Visualization time            : 0.0
	Summary saved in              : SP1_V2_outputs/2026-04-16_03.50.05.125741/slsqp_summary.out
	Total callbacks               : 47
	Reused callbacks              : 0
	obj callbacks                 : 31
	grad callbacks                : 16
	hess callbacks                : 0
	con callbacks                 : 0
	jac callbacks                 : 0
	Optimal variables             : [ 5.         -9.16558531 -8.10501059  4.9472322   4.48250078  8.
  9.00025673  5.52958274  6.30313189  5.56134569 11.98427002  1.82103587
  2.0504677   1.57638524  0.26603112]
	Optimal obj. gradient         : [-0.08503511 -0.01596704 -0.0012318  -0.03050073 -0.03296294  0.02305038
 -0.00432502 -0.00055334 -0.00066275  0.00268316 -0.04356366  0.00192239
  0.01984424 -0.02246508  0.07745383]
	Optimal constraints           : []
	Optimal multipliers (constr.) : []
	Optimal Jacobian              : []
	----------------------------------------------------------------------------------------------------
