
	Solution from PySLSQP:
	----------------------------------------------------------------------------------------------------
	Problem                       : unnamed_problem
	Solver                        : pyslsqp
	Success                       : True
	Message                       : Optimization terminated successfully
	Status                        : 0
	Objective                     : 1.158489429617018
	Optimality                    : -5.20970529871434e-06
	Feasibility                   : 0.0
	Gradient norm                 : 0.06613793193118384
	Major iterations              : 68
	Total function evals          : 96
	Total gradient evals          : 67
	Total time                    : 11993.340471506119
	Function eval. time           : 6043.9492155000335
	Derivative eval. time         : 5949.305434199981
	Optimizer time                : 0.003885499609168619
	Processing time               : 0.07692840037634596
	Visualization time            : 0.0
	Summary saved in              : unnamed_problem_outputs/2026-04-12_21.53.52.255316/slsqp_summary.out
	Total callbacks               : 163
	Reused callbacks              : 0
	obj callbacks                 : 96
	grad callbacks                : 67
	hess callbacks                : 0
	con callbacks                 : 0
	jac callbacks                 : 0
	Optimal variables             : [ 3.78812204 -4.64879855 -8.09039311  3.99788218  8.          8.68619407
 -1.32856867  0.81116645  2.90528952  3.97200407  6.78944863  1.49857258
  3.74972284  2.18607021  0.14528263]
	Optimal obj. gradient         : [ 9.81336542e-03  3.02873257e-03 -5.48374346e-03  5.87138833e-02
  2.31768577e-02  8.10209385e-03  1.44093346e-03  3.11100044e-03
 -1.02301582e-03  5.27164011e-05 -4.35506189e-03 -4.97611781e-03
  5.10024572e-03  1.02945507e-02  1.61050186e-04]
	Optimal constraints           : []
	Optimal multipliers (constr.) : []
	Optimal Jacobian              : []
	----------------------------------------------------------------------------------------------------
