
	Solution from PySLSQP:
	----------------------------------------------------------------------------------------------------
	Problem                       : SP2_V7
	Solver                        : pyslsqp
	Success                       : True
	Message                       : Optimization terminated successfully
	Status                        : 0
	Objective                     : 0.670513510066735
	Optimality                    : -2.76647686314746e-07
	Feasibility                   : 0.0
	Gradient norm                 : 0.02612638961659305
	Major iterations              : 2
	Total function evals          : 6
	Total gradient evals          : 1
	Total time                    : 370.7755973339081
	Function eval. time           : 370.7678817999986
	Derivative eval. time         : 1.8100006855092943e-05
	Optimizer time                : 0.0001269999920623377
	Processing time               : 0.003921199997421354
	Visualization time            : 0.0
	Summary saved in              : SP2_V7_outputs/2026-04-18_05.30.21.132195/slsqp_summary.out
	Total callbacks               : 7
	Reused callbacks              : 0
	obj callbacks                 : 6
	grad callbacks                : 1
	hess callbacks                : 0
	con callbacks                 : 0
	jac callbacks                 : 0
	Optimal variables             : [3.71104145e-01 5.11550672e-01 2.55890027e+00 5.27098152e+00
 5.01486061e+00 3.56330077e+00 2.34715567e+00 1.35573297e+00
 6.22171079e-01 2.14032495e-01 4.76571763e-01 6.41349804e-01
 7.23253851e-01 1.48385473e+00 1.23884351e+00 1.00762932e+00
 8.03439532e-01 4.45306366e-01 2.70114852e-01 1.98924680e-01
 9.97441800e+00 0.00000000e+00 2.18778970e-20]
	Optimal obj. gradient         : [ 1.73562181e-02  1.26800870e-02  3.15150359e-03  1.45464529e-03
 -4.79506429e-03  2.91181981e-03  2.23790597e-03  1.65061987e-03
  1.14567970e-03  7.26012678e-04  3.74993810e-03  2.73515914e-03
  6.02475691e-04  2.30444023e-04 -3.27839167e-05  4.63856496e-04
  3.69534036e-04  2.79437363e-04  1.95977773e-04  1.20358192e-04
 -1.20428646e-02  0.00000000e+00 -4.04337658e-22]
	Optimal constraints           : []
	Optimal multipliers (constr.) : []
	Optimal Jacobian              : []
	----------------------------------------------------------------------------------------------------
