
	Solution from PySLSQP:
	----------------------------------------------------------------------------------------------------
	Problem                       : SP1_V7
	Solver                        : pyslsqp
	Success                       : True
	Message                       : Optimization terminated successfully
	Status                        : 0
	Objective                     : 0.6705424586334281
	Optimality                    : -5.817511679051535e-07
	Feasibility                   : 0.0
	Gradient norm                 : 0.07262985166692183
	Major iterations              : 2
	Total function evals          : 6
	Total gradient evals          : 1
	Total time                    : 398.1189315319061
	Function eval. time           : 398.11741509998683
	Derivative eval. time         : 1.8700011423788965e-05
	Optimizer time                : 0.00012750002497341484
	Processing time               : 0.005146999974385835
	Visualization time            : 0.0
	Summary saved in              : SP1_V7_outputs/2026-04-18_06.08.55.610093/slsqp_summary.out
	Total callbacks               : 7
	Reused callbacks              : 0
	obj callbacks                 : 6
	grad callbacks                : 1
	hess callbacks                : 0
	con callbacks                 : 0
	jac callbacks                 : 0
	Optimal variables             : [ 5.         -1.83253661 -1.62248572  3.          3.00000159 17.99445864
 -1.51736414 -4.7380125  -3.75174254 -3.90860776  5.10008674  1.6602833
  3.98220551  3.23024394  0.53114322]
	Optimal obj. gradient         : [-0.04458824 -0.01009404 -0.00323402  0.02763354 -0.0034535  -0.00946279
 -0.0059036  -0.00178161  0.00084117  0.01091532 -0.02859784 -0.02174024
 -0.01887105 -0.0116751   0.01920351]
	Optimal constraints           : []
	Optimal multipliers (constr.) : []
	Optimal Jacobian              : []
	----------------------------------------------------------------------------------------------------
