
	Solution from PySLSQP:
	----------------------------------------------------------------------------------------------------
	Problem                       : SP1_V8
	Solver                        : pyslsqp
	Success                       : True
	Message                       : Optimization terminated successfully
	Status                        : 0
	Objective                     : 0.6859825995652649
	Optimality                    : -1.4593363850678998e-08
	Feasibility                   : 0.0
	Gradient norm                 : 0.026412225160542945
	Major iterations              : 126
	Total function evals          : 171
	Total gradient evals          : 125
	Total time                    : 6595.197266578674
	Function eval. time           : 2991.721111899882
	Derivative eval. time         : 3603.2341610000876
	Optimizer time                : 0.009890699555398896
	Processing time               : 0.22970160047407262
	Visualization time            : 0.0
	Summary saved in              : SP1_V8_outputs/2026-04-17_21.37.19.057511/slsqp_summary.out
	Total callbacks               : 296
	Reused callbacks              : 0
	obj callbacks                 : 171
	grad callbacks                : 125
	hess callbacks                : 0
	con callbacks                 : 0
	jac callbacks                 : 0
	Optimal variables             : [ 5.         -1.39213271 -1.4437534   3.12373376  3.03058369 16.90429449
 -2.47577757 -5.25797332 -3.8081772  -4.03642135  4.97257869  1.62623895
  3.99007081  3.25895174  0.55436099]
	Optimal obj. gradient         : [-0.01385769  0.00686498  0.00397146  0.01767752  0.00425006  0.00253275
  0.00024902  0.00048166  0.00078496 -0.00202135  0.00255964  0.00789679
  0.00331885  0.00334464  0.00309652]
	Optimal constraints           : []
	Optimal multipliers (constr.) : []
	Optimal Jacobian              : []
	----------------------------------------------------------------------------------------------------
