
	Solution from PySLSQP:
	----------------------------------------------------------------------------------------------------
	Problem                       : SP2_V10
	Solver                        : pyslsqp
	Success                       : True
	Message                       : Optimization terminated successfully
	Status                        : 0
	Objective                     : 0.4938634349312956
	Optimality                    : -8.021061315144351e-09
	Feasibility                   : 0.0
	Gradient norm                 : 0.026738351112728403
	Major iterations              : 2
	Total function evals          : 7
	Total gradient evals          : 1
	Total time                    : 345.4984219074249
	Function eval. time           : 345.48429459973704
	Derivative eval. time         : 2.22999369725585e-05
	Optimizer time                : 0.0001455999445170164
	Processing time               : 0.01458110031671822
	Visualization time            : 0.0
	Summary saved in              : SP2_V10_outputs/2026-05-01_02.56.24.902902/slsqp_summary.out
	Total callbacks               : 8
	Reused callbacks              : 0
	obj callbacks                 : 7
	grad callbacks                : 1
	hess callbacks                : 0
	con callbacks                 : 0
	jac callbacks                 : 0
	Optimal variables             : [1.00000000e-01 1.46799664e-01 7.48940851e-01 1.35179943e+00
 1.30939415e+00 1.06278434e+00 7.94045582e-01 5.23670782e-01
 2.67120734e-01 1.00000000e-01 1.00000000e-01 1.11052630e-01
 1.42769048e-01 1.88027658e-01 1.99285361e-01 1.73808753e-01
 1.44456662e-01 1.00086223e-01 1.04038552e-01 1.00000000e-01
 1.95173108e-02 0.00000000e+00 3.40686802e-22]
	Optimal obj. gradient         : [ 1.94795110e-02  1.45486748e-02  1.70826085e-03  8.32702925e-04
 -8.99529083e-03  1.96605675e-03  1.69735540e-03  1.42737936e-03
  1.15749315e-03  8.89041926e-04  4.21429028e-03  3.14741759e-03
  3.39397813e-04  1.56441953e-04 -4.55994380e-04  3.60155908e-04
  3.08799373e-04  2.57133782e-04  2.05364084e-04  1.51387698e-04
 -1.13929014e-04  0.00000000e+00 -4.44711479e-24]
	Optimal constraints           : []
	Optimal multipliers (constr.) : []
	Optimal Jacobian              : []
	----------------------------------------------------------------------------------------------------
