
	Solution from PySLSQP:
	----------------------------------------------------------------------------------------------------
	Problem                       : SP2_V5
	Solver                        : pyslsqp
	Success                       : True
	Message                       : Optimization terminated successfully
	Status                        : 0
	Objective                     : 0.6698623892626545
	Optimality                    : -4.833626371381072e-07
	Feasibility                   : 0.0
	Gradient norm                 : 0.027863053074499617
	Major iterations              : 3
	Total function evals          : 7
	Total gradient evals          : 2
	Total time                    : 564.8997521400452
	Function eval. time           : 483.9336427000235
	Derivative eval. time         : 80.9535051999992
	Optimizer time                : 0.0001857999450294301
	Processing time               : 0.006153600028483197
	Visualization time            : 0.0
	Summary saved in              : SP2_V5_outputs/2026-04-18_00.37.56.090867/slsqp_summary.out
	Total callbacks               : 9
	Reused callbacks              : 0
	obj callbacks                 : 7
	grad callbacks                : 2
	hess callbacks                : 0
	con callbacks                 : 0
	jac callbacks                 : 0
	Optimal variables             : [ 3.46710689e-01  4.70573418e-01  2.34660333e+00  5.14161302e+00
  4.67161559e+00  3.30903988e+00  2.26087137e+00  1.26698717e+00
  5.31008306e-01  1.20510082e-01  3.92869644e-01  5.54071503e-01
  6.03961450e-01  1.38144965e+00  1.12316292e+00  8.97827127e-01
  7.05706788e-01  3.47212634e-01  1.71626727e-01  1.00001520e-01
  9.99999997e+00  0.00000000e+00 -3.51488591e-14]
	Optimal obj. gradient         : [-1.84318726e-02  1.59677161e-04 -2.66628563e-04 -1.42470310e-04
 -7.12486029e-04 -1.12189426e-03 -1.39130647e-03 -1.52086216e-03
 -1.50500386e-03 -1.34330451e-03 -1.49722450e-03  3.44560377e-05
 -5.14206289e-05 -2.27211347e-05 -1.11264741e-04 -1.81796802e-04
 -2.31107850e-04 -2.59257395e-04 -2.59668834e-04 -2.25500919e-04
 -2.05884436e-02  0.00000000e+00  4.34305343e-19]
	Optimal constraints           : []
	Optimal multipliers (constr.) : []
	Optimal Jacobian              : []
	----------------------------------------------------------------------------------------------------
