
	Solution from PySLSQP:
	----------------------------------------------------------------------------------------------------
	Problem                       : SP1_V9
	Solver                        : pyslsqp
	Success                       : True
	Message                       : Optimization terminated successfully
	Status                        : 0
	Objective                     : 0.6877862263948823
	Optimality                    : -1.4969347650328757e-08
	Feasibility                   : 0.0
	Gradient norm                 : 0.030105722589182107
	Major iterations              : 74
	Total function evals          : 114
	Total gradient evals          : 73
	Total time                    : 5646.875088691711
	Function eval. time           : 2911.529045400908
	Derivative eval. time         : 2735.250670899637
	Optimizer time                : 0.004679599776864052
	Processing time               : 0.0850972996558994
	Visualization time            : 0.0
	Summary saved in              : SP1_V9_outputs/2026-04-29_18.25.13.061458/slsqp_summary.out
	Total callbacks               : 187
	Reused callbacks              : 0
	obj callbacks                 : 114
	grad callbacks                : 73
	hess callbacks                : 0
	con callbacks                 : 0
	jac callbacks                 : 0
	Optimal variables             : [ 5.         -5.95691887  0.48593638  4.48586181  3.         10.38301088
  9.00025673  1.66444266 -4.35009066 -5.20875326  7.22471188  1.49857258
  3.46229319  3.76093149  0.43319137]
	Optimal obj. gradient         : [-1.63083479e-02  9.99794092e-05  6.99788979e-04 -6.73539371e-04
  2.21118311e-02 -3.17933314e-04 -7.79979883e-03  9.70475186e-04
 -7.30861434e-05  1.58865876e-03 -1.01765681e-03  8.36362881e-03
  3.19025343e-03 -9.75876376e-04  1.99523947e-03]
	Optimal constraints           : []
	Optimal multipliers (constr.) : []
	Optimal Jacobian              : []
	----------------------------------------------------------------------------------------------------
