
	Solution from PySLSQP:
	----------------------------------------------------------------------------------------------------
	Problem                       : SP1_V7
	Solver                        : pyslsqp
	Success                       : True
	Message                       : Optimization terminated successfully
	Status                        : 0
	Objective                     : 0.6705930702147971
	Optimality                    : -7.749049023564325e-07
	Feasibility                   : 0.0
	Gradient norm                 : 0.07481163177137842
	Major iterations              : 2
	Total function evals          : 5
	Total gradient evals          : 1
	Total time                    : 241.20769000053406
	Function eval. time           : 241.2012371999881
	Derivative eval. time         : 2.469999890308827e-05
	Optimizer time                : 0.00010680001287255436
	Processing time               : 0.004058499995153397
	Visualization time            : 0.0
	Summary saved in              : SP1_V7_outputs/2026-04-18_08.36.49.449780/slsqp_summary.out
	Total callbacks               : 6
	Reused callbacks              : 0
	obj callbacks                 : 5
	grad callbacks                : 1
	hess callbacks                : 0
	con callbacks                 : 0
	jac callbacks                 : 0
	Optimal variables             : [ 4.99999317 -1.83254429 -1.62252956  3.00001765  3.00004777 17.99455471
 -1.51728034 -4.73798361 -3.75175481 -3.90877014  5.10016881  1.66029272
  3.98255039  3.23040835  0.5310899 ]
	Optimal obj. gradient         : [-0.04342909 -0.00795441  0.00522717 -0.01764736 -0.00566054  0.00544957
  0.00645598  0.00364506 -0.00046146 -0.01240634 -0.02960272  0.02099416
  0.03476088  0.01044843  0.02008155]
	Optimal constraints           : []
	Optimal multipliers (constr.) : []
	Optimal Jacobian              : []
	----------------------------------------------------------------------------------------------------
