
	Solution from PySLSQP:
	----------------------------------------------------------------------------------------------------
	Problem                       : SP1_V7
	Solver                        : pyslsqp
	Success                       : True
	Message                       : Optimization terminated successfully
	Status                        : 0
	Objective                     : 0.6705727252207976
	Optimality                    : -7.859669872711805e-07
	Feasibility                   : 0.0
	Gradient norm                 : 0.25442780286167105
	Major iterations              : 2
	Total function evals          : 6
	Total gradient evals          : 1
	Total time                    : 551.9453730583191
	Function eval. time           : 551.9321308999788
	Derivative eval. time         : 2.1100015146657825e-05
	Optimizer time                : 0.00013480003690347075
	Processing time               : 0.004052899981616065
	Visualization time            : 0.0
	Summary saved in              : SP1_V7_outputs/2026-04-18_17.48.44.038721/slsqp_summary.out
	Total callbacks               : 7
	Reused callbacks              : 0
	obj callbacks                 : 6
	grad callbacks                : 1
	hess callbacks                : 0
	con callbacks                 : 0
	jac callbacks                 : 0
	Optimal variables             : [ 4.99998893 -1.83835613 -1.62059526  3.          3.         17.99106716
 -1.51474039 -4.73597011 -3.75069791 -3.91147604  5.09839496  1.65689762
  3.98352312  3.22856768  0.52013127]
	Optimal obj. gradient         : [ 0.09847029  0.05904045  0.02598542  0.08150988  0.05001744  0.00116705
 -0.0057174  -0.00204631  0.00134747  0.01758632  0.15059211  0.07014784
 -0.06791126 -0.01363301 -0.09478741]
	Optimal constraints           : []
	Optimal multipliers (constr.) : []
	Optimal Jacobian              : []
	----------------------------------------------------------------------------------------------------
