
	Solution from PySLSQP:
	----------------------------------------------------------------------------------------------------
	Problem                       : unnamed_problem
	Solver                        : pyslsqp
	Success                       : True
	Message                       : Optimization terminated successfully
	Status                        : 0
	Objective                     : 1.1258335288055472
	Optimality                    : 3.533394615053061e-07
	Feasibility                   : 0.0
	Gradient norm                 : 0.005780138502897036
	Major iterations              : 23
	Total function evals          : 59
	Total gradient evals          : 23
	Total time                    : 11691.78776884079
	Function eval. time           : 7914.985938999569
	Derivative eval. time         : 3776.740721999784
	Optimizer time                : 0.0031053004786372185
	Processing time               : 0.04584000015165657
	Visualization time            : 0.0
	Summary saved in              : unnamed_problem_outputs/2026-04-15_10.55.29.877711/slsqp_summary.out
	Total callbacks               : 82
	Reused callbacks              : 0
	obj callbacks                 : 59
	grad callbacks                : 23
	hess callbacks                : 0
	con callbacks                 : 0
	jac callbacks                 : 0
	Optimal variables             : [ 1.07003552e-01  1.07508076e-01  3.68680166e-01  3.26446468e-01
  1.99102239e-01  1.00937069e-01  1.00781630e-01  1.00628073e-01
  1.00470549e-01  1.00309880e-01  1.09120736e-01  1.39299749e-01
  1.91649799e-01  2.04711624e-01  2.05198512e-01  1.00188762e-01
  1.00155006e-01  1.00121613e-01  1.00087391e-01  1.00052485e-01
 -1.07275373e-01  0.00000000e+00 -2.82652540e-20]
	Optimal obj. gradient         : [ 1.84091478e-04  1.77342876e-04  1.46179142e-04  1.17724564e-04
  2.10208864e-05  1.73632258e-05  1.38596327e-05  1.06482507e-05
  7.61944000e-06  4.78684651e-06  3.98672770e-05  3.84117143e-05
  3.06959292e-05 -5.76919902e-03  4.22427395e-06  3.45783789e-06
  2.71724417e-06  2.03796158e-06  1.39816805e-06  8.00169734e-07
 -1.43511013e-04  0.00000000e+00 -1.92333491e-23]
	Optimal constraints           : []
	Optimal multipliers (constr.) : []
	Optimal Jacobian              : []
	----------------------------------------------------------------------------------------------------
