
	Solution from PySLSQP:
	----------------------------------------------------------------------------------------------------
	Problem                       : SP1_V5
	Solver                        : pyslsqp
	Success                       : True
	Message                       : Optimization terminated successfully
	Status                        : 0
	Objective                     : 0.6696588098671407
	Optimality                    : -7.493026911165046e-07
	Feasibility                   : 0.0
	Gradient norm                 : 0.02963870084647248
	Major iterations              : 3
	Total function evals          : 10
	Total gradient evals          : 2
	Total time                    : 764.4349510669708
	Function eval. time           : 653.6460417999988
	Derivative eval. time         : 110.78944690000208
	Optimizer time                : 0.0002660000100149773
	Processing time               : 0.007582799989904743
	Visualization time            : 0.0
	Summary saved in              : SP1_V5_outputs/2026-04-17_16.29.22.689007/slsqp_summary.out
	Total callbacks               : 12
	Reused callbacks              : 0
	obj callbacks                 : 10
	grad callbacks                : 2
	hess callbacks                : 0
	con callbacks                 : 0
	jac callbacks                 : 0
	Optimal variables             : [ 5.         -1.84643925 -1.86831922  3.00000757  3.00000748 17.70704968
 -0.56636234 -4.07990682 -3.35186602 -3.55793033  5.10959155  1.68831883
  3.96748654  3.15349617  0.51025448]
	Optimal obj. gradient         : [-0.02078972  0.00109166  0.00386037  0.00839875  0.00282556  0.00140773
  0.00055064  0.00069633  0.00010854  0.00158477 -0.01416936  0.0112596
  0.00407471 -0.00037332  0.00142759]
	Optimal constraints           : []
	Optimal multipliers (constr.) : []
	Optimal Jacobian              : []
	----------------------------------------------------------------------------------------------------
