
	Solution from PySLSQP:
	----------------------------------------------------------------------------------------------------
	Problem                       : unnamed_problem
	Solver                        : pyslsqp
	Success                       : True
	Message                       : Optimization terminated successfully
	Status                        : 0
	Objective                     : 1.1804100058616676
	Optimality                    : -1.2590047009375382e-06
	Feasibility                   : 0.0
	Gradient norm                 : 0.22315114861883048
	Major iterations              : 152
	Total function evals          : 193
	Total gradient evals          : 151
	Total time                    : 16789.737805366516
	Function eval. time           : 7865.848725000396
	Derivative eval. time         : 8923.722066699993
	Optimizer time                : 0.008357800310477614
	Processing time               : 0.17132959933951497
	Visualization time            : 0.0
	Summary saved in              : unnamed_problem_outputs/2026-04-11_13.19.43.948663/slsqp_summary.out
	Total callbacks               : 344
	Reused callbacks              : 0
	obj callbacks                 : 193
	grad callbacks                : 151
	hess callbacks                : 0
	con callbacks                 : 0
	jac callbacks                 : 0
	Optimal variables             : [ 4.70656504 -4.93498968 -9.05116612  5.62835716  4.79547038  8.
  9.00025673  5.37135975  6.46881503  5.15615774  5.87389633  1.49857258
  3.62574561  1.19578243  0.06238609]
	Optimal obj. gradient         : [-0.1196076  -0.04893553 -0.05298304 -0.00044037 -0.00082075  0.04311573
 -0.00176092 -0.00075821 -0.00140712  0.00064228 -0.09806928 -0.13373119
 -0.0273651  -0.00499605 -0.01213429]
	Optimal constraints           : []
	Optimal multipliers (constr.) : []
	Optimal Jacobian              : []
	----------------------------------------------------------------------------------------------------
