MAJOR  NFEV  NGEV           OBJFUN            GNORM            CNORM             FEAS              OPT             STEP 
    0     1     1     7.348297E+03     5.164751E+03     0.000000E+00     9.900000E+01     9.900000E+01     9.900000E+01 
    1     2     1     6.820664E+03     5.164751E+03     0.000000E+00     0.000000E+00     0.000000E+00     1.000000E+00 
    2     5     2     9.605532E+02     6.576584E+03     0.000000E+00     0.000000E+00     0.000000E+00     1.000000E+00 
    3     8     3     5.964403E+02     6.804628E+02     0.000000E+00     0.000000E+00     0.000000E+00     1.000000E+00 
    4    10     4     1.562401E+51     7.373857E+02     0.000000E+00     0.000000E+00     0.000000E+00     1.000000E+00 
    5    12     5     4.889122E+02     4.000139E+02     0.000000E+00     0.000000E+00     0.000000E+00     1.000000E+00 
    6    14     6     7.435664E+04     1.547671E+02     0.000000E+00     0.000000E+00     0.000000E+00     1.000000E+00 
    7    16     7     2.589560E+02     4.947624E+01     0.000000E+00     0.000000E+00     0.000000E+00     1.000000E+00 
    8    18     8     4.239373E+01     8.029962E+01     0.000000E+00     0.000000E+00     0.000000E+00     1.000000E+00 
    9    20     9     5.390051E+00     1.040630E+01     0.000000E+00     0.000000E+00     0.000000E+00     1.000000E+00 
   10    22    10     5.068839E+00     1.297638E+01     0.000000E+00     0.000000E+00     0.000000E+00     1.000000E+00 
   11    24    11     8.729082E+01     6.704675E+01     0.000000E+00     0.000000E+00     0.000000E+00     1.000000E+00 
   12    26    12     2.432099E+03     5.482869E+01     0.000000E+00     0.000000E+00     0.000000E+00     1.000000E+00 
   13    28    13     3.373784E+00     1.208825E+01     0.000000E+00     0.000000E+00     0.000000E+00     1.000000E+00 
   14    29    14     3.974285E+01     3.504894E+01     0.000000E+00     0.000000E+00     0.000000E+00     1.000000E+00 
   15    31    15     2.396302E+00     1.805591E+01     0.000000E+00     0.000000E+00     0.000000E+00     1.000000E+00 
   16    32    16     2.182363E+00     9.274631E+00     0.000000E+00     0.000000E+00     0.000000E+00     1.000000E+00 
   17    33    17     1.927439E+00     1.212782E+01     0.000000E+00     0.000000E+00     0.000000E+00     1.000000E+00 
   18    34    18     1.765678E+00     8.197821E+00     0.000000E+00     0.000000E+00     0.000000E+00     1.000000E+00 
   19    35    19     1.758748E+00     1.859768E+01     0.000000E+00     0.000000E+00     0.000000E+00     1.000000E+00 
   20    37    20     1.632063E+00     2.111229E+00     0.000000E+00     0.000000E+00     0.000000E+00     1.000000E+00 
   21    38    21     1.554748E+00     4.436053E+00     0.000000E+00     0.000000E+00     0.000000E+00     1.000000E+00 
   22    39    22     1.529047E+00     1.977747E+00     0.000000E+00     0.000000E+00     0.000000E+00     1.000000E+00 
   23    40    23     1.496014E+00     5.764902E+00     0.000000E+00     0.000000E+00     0.000000E+00     1.000000E+00 
   24    41    24     1.480087E+00     5.737668E+00     0.000000E+00     0.000000E+00     0.000000E+00     1.000000E+00 
   25    42    25     1.467166E+00     3.479212E+00     0.000000E+00     0.000000E+00     0.000000E+00     1.000000E+00 
   26    43    26     1.454340E+00     4.985181E+00     0.000000E+00     0.000000E+00     0.000000E+00     1.000000E+00 
   27    44    27     1.445845E+00     1.910561E+00     0.000000E+00     0.000000E+00     0.000000E+00     1.000000E+00 
   28    45    28     1.440908E+00     2.075392E+00     0.000000E+00     0.000000E+00     0.000000E+00     1.000000E+00 
   29    46    29     1.433927E+00     1.283405E+00     0.000000E+00     0.000000E+00     0.000000E+00     1.000000E+00 
   30    47    30     1.434694E+00     2.773835E+00     0.000000E+00     0.000000E+00     0.000000E+00     1.000000E+00 
   31    49    31     1.425583E+00     1.971561E+00     0.000000E+00     0.000000E+00     0.000000E+00     1.000000E+00 
   32    50    32     1.402180E+00     2.024162E+00     0.000000E+00     0.000000E+00     0.000000E+00     1.000000E+00 
   33    51    33     1.399718E+00     1.413306E+00     0.000000E+00     0.000000E+00     0.000000E+00     1.000000E+00 
   34    52    34     1.383872E+00     7.321374E+00     0.000000E+00     0.000000E+00     0.000000E+00     1.000000E+00 
   35    53    35     1.373130E+00     3.850363E+00     0.000000E+00     0.000000E+00     0.000000E+00     1.000000E+00 
   36    54    36     1.351685E+00     1.856669E+00     0.000000E+00     0.000000E+00     0.000000E+00     1.000000E+00 
   37    55    37     1.405572E+00     1.058219E+00     0.000000E+00     0.000000E+00     0.000000E+00     1.000000E+00 
   38    57    38     1.347099E+00     2.689694E+00     0.000000E+00     0.000000E+00     0.000000E+00     1.000000E+00 
   39    59    39     1.339868E+00     8.761632E-01     0.000000E+00     0.000000E+00     0.000000E+00     1.000000E+00 
   40    60    40     1.329966E+00     6.486795E-01     0.000000E+00     0.000000E+00     0.000000E+00     1.000000E+00 
   41    61    41     1.322283E+00     1.406078E+00     0.000000E+00     0.000000E+00     0.000000E+00     1.000000E+00 
   42    62    42     1.310618E+00     1.335582E+00     0.000000E+00     0.000000E+00     0.000000E+00     1.000000E+00 
   43    63    43     1.305195E+00     1.209784E+00     0.000000E+00     0.000000E+00     0.000000E+00     1.000000E+00 
   44    64    44     1.300930E+00     1.211276E+00     0.000000E+00     0.000000E+00     0.000000E+00     1.000000E+00 
   45    65    45     1.291607E+00     4.730830E-01     0.000000E+00     0.000000E+00     0.000000E+00     1.000000E+00 
   46    66    46     1.284435E+00     2.940396E+00     0.000000E+00     0.000000E+00     0.000000E+00     1.000000E+00 
   47    67    47     1.273242E+00     1.418798E+00     0.000000E+00     0.000000E+00     0.000000E+00     1.000000E+00 
   48    68    48     1.267495E+00     2.204844E-01     0.000000E+00     0.000000E+00     0.000000E+00     1.000000E+00 
   49    69    49     1.259517E+00     2.175458E-01     0.000000E+00     0.000000E+00     0.000000E+00     1.000000E+00 
   50    70    50     1.253370E+00     1.035234E+00     0.000000E+00     0.000000E+00     0.000000E+00     1.000000E+00 
   51    71    51     1.248735E+00     9.495226E-01     0.000000E+00     0.000000E+00     0.000000E+00     1.000000E+00 
   52    72    52     1.245906E+00     5.587942E-01     0.000000E+00     0.000000E+00     0.000000E+00     1.000000E+00 
   53    73    53     1.242778E+00     1.731215E-01     0.000000E+00     0.000000E+00     0.000000E+00     1.000000E+00 
   54    74    54     1.239231E+00     3.434790E-01     0.000000E+00     0.000000E+00     0.000000E+00     1.000000E+00 
   55    75    55     1.237337E+00     1.900104E-01     0.000000E+00     0.000000E+00     0.000000E+00     1.000000E+00 
   56    76    56     1.236348E+00     2.653669E-01     0.000000E+00     0.000000E+00     0.000000E+00     1.000000E+00 
   57    77    57     1.235992E+00     1.886452E-01     0.000000E+00     0.000000E+00     0.000000E+00     1.000000E+00 
   58    78    58     1.235348E+00     2.414501E-01     0.000000E+00     0.000000E+00     0.000000E+00     1.000000E+00 
   59    79    59     1.234483E+00     5.968959E-01     0.000000E+00     0.000000E+00     0.000000E+00     1.000000E+00 
   60    80    60     1.239713E+00     1.064959E+00     0.000000E+00     0.000000E+00     0.000000E+00     1.000000E+00 
   61    83    61     1.250006E+00     1.087082E+00     0.000000E+00     0.000000E+00     0.000000E+00     1.000000E+00 
   62    87    62     1.258482E+00     1.092219E+00     0.000000E+00     0.000000E+00     0.000000E+00     1.000000E+00 
   63    91    63     1.233943E+00     7.091970E-01     0.000000E+00     0.000000E+00     0.000000E+00     1.000000E+00 
   64    92    64     1.233760E+00     8.651954E-01     0.000000E+00     0.000000E+00     0.000000E+00     1.000000E+00 
   65    93    65     1.233436E+00     7.718649E-01     0.000000E+00     0.000000E+00     0.000000E+00     1.000000E+00 
   66    94    66     1.232876E+00     6.188212E-01     0.000000E+00     0.000000E+00     0.000000E+00     1.000000E+00 
   67    95    67     1.231808E+00     4.498020E-01     0.000000E+00     0.000000E+00     0.000000E+00     1.000000E+00 
   68    96    68     1.230652E+00     5.130756E-01     0.000000E+00     0.000000E+00     0.000000E+00     1.000000E+00 
   69    97    69     1.228857E+00     5.915794E-01     0.000000E+00     0.000000E+00     0.000000E+00     1.000000E+00 
   70    98    70     1.226864E+00     5.147108E-01     0.000000E+00     0.000000E+00     0.000000E+00     1.000000E+00 
   71    99    71     1.226241E+00     4.255379E-01     0.000000E+00     0.000000E+00     0.000000E+00     1.000000E+00 
   72   100    72     1.225592E+00     1.306397E+00     0.000000E+00     0.000000E+00     0.000000E+00     1.000000E+00 
   73   101    73     1.224530E+00     1.172217E+00     0.000000E+00     0.000000E+00     0.000000E+00     1.000000E+00 
   74   102    74     1.223838E+00     7.753466E-01     0.000000E+00     0.000000E+00     0.000000E+00     1.000000E+00 
   75   103    75     1.222127E+00     1.111254E+00     0.000000E+00     0.000000E+00     0.000000E+00     1.000000E+00 
   76   104    76     1.219121E+00     7.617216E-01     0.000000E+00     0.000000E+00     0.000000E+00     1.000000E+00 
   77   105    77     1.216600E+00     7.979869E-01     0.000000E+00     0.000000E+00     0.000000E+00     1.000000E+00 
   78   106    78     1.214828E+00     2.262102E-01     0.000000E+00     0.000000E+00     0.000000E+00     1.000000E+00 
   79   107    79     1.211949E+00     1.251598E+00     0.000000E+00     0.000000E+00     0.000000E+00     1.000000E+00 
   80   108    80     1.210490E+00     3.306630E-01     0.000000E+00     0.000000E+00     0.000000E+00     1.000000E+00 
   81   109    81     1.208819E+00     2.437946E-01     0.000000E+00     0.000000E+00     0.000000E+00     1.000000E+00 
   82   110    82     1.207417E+00     5.065353E-01     0.000000E+00     0.000000E+00     0.000000E+00     1.000000E+00 
   83   111    83     1.205168E+00     3.761583E-01     0.000000E+00     0.000000E+00     0.000000E+00     1.000000E+00 
   84   112    84     1.204562E+00     2.775335E-01     0.000000E+00     0.000000E+00     0.000000E+00     1.000000E+00 
   85   113    85     1.204488E+00     1.050786E-01     0.000000E+00     0.000000E+00     0.000000E+00     1.000000E+00 
   86   115    86     1.204100E+00     2.949733E-01     0.000000E+00     0.000000E+00     0.000000E+00     1.000000E+00 
   87   116    87     1.204015E+00     1.495274E-01     0.000000E+00     0.000000E+00     0.000000E+00     1.000000E+00 
   88   117    88     1.203925E+00     3.082043E-01     0.000000E+00     0.000000E+00     0.000000E+00     1.000000E+00 
   89   118    89     1.203849E+00     2.070169E-01     0.000000E+00     0.000000E+00     0.000000E+00     1.000000E+00 
   90   119    90     1.203748E+00     2.169056E-01     0.000000E+00     0.000000E+00     0.000000E+00     1.000000E+00 
   91   120    91     1.203722E+00     2.430614E-01     0.000000E+00     0.000000E+00     0.000000E+00     1.000000E+00 
   92   121    92     1.203703E+00     1.540468E-01     0.000000E+00     0.000000E+00     0.000000E+00     1.000000E+00 
   93   122    93     1.203673E+00     1.422597E-01     0.000000E+00     0.000000E+00     0.000000E+00     1.000000E+00 
   94   123    94     1.203613E+00     1.386561E-01     0.000000E+00     0.000000E+00     0.000000E+00     1.000000E+00 
   95   124    95     1.203584E+00     1.405013E-01     0.000000E+00     0.000000E+00     0.000000E+00     1.000000E+00 
   96   125    96     1.203507E+00     1.406503E-01     0.000000E+00     0.000000E+00     0.000000E+00     1.000000E+00 
   97   126    97     1.203469E+00     1.475322E-01     0.000000E+00     0.000000E+00     0.000000E+00     1.000000E+00 
   98   127    98     1.203391E+00     3.482019E-01     0.000000E+00     0.000000E+00     0.000000E+00     1.000000E+00 
   99   128    99     1.203137E+00     2.963929E-01     0.000000E+00     0.000000E+00     0.000000E+00     1.000000E+00 
  100   129   100     1.203058E+00     1.986825E-01     0.000000E+00     0.000000E+00     0.000000E+00     1.000000E+00 
  101   130   101     1.203009E+00     1.808336E-01     0.000000E+00     0.000000E+00     0.000000E+00     1.000000E+00 
  102   131   102     1.202939E+00     1.861770E-01     0.000000E+00     0.000000E+00     0.000000E+00     1.000000E+00 
  103   132   103     1.202910E+00     2.228143E-01     0.000000E+00     0.000000E+00     0.000000E+00     1.000000E+00 
  104   133   104     1.202892E+00     2.614569E-01     0.000000E+00     0.000000E+00     0.000000E+00     1.000000E+00 
  105   134   105     1.202870E+00     2.860163E-01     0.000000E+00     0.000000E+00     0.000000E+00     1.000000E+00 
  106   135   106     1.202814E+00     3.093097E-01     0.000000E+00     0.000000E+00     0.000000E+00     1.000000E+00 
  107   136   107     1.202679E+00     3.488386E-01     0.000000E+00     0.000000E+00     0.000000E+00     1.000000E+00 
  108   137   108     1.202350E+00     4.140147E-01     0.000000E+00     0.000000E+00     0.000000E+00     1.000000E+00 
  109   138   109     1.201670E+00     5.310190E-01     0.000000E+00     0.000000E+00     0.000000E+00     1.000000E+00 
  110   139   110     1.200615E+00     7.382723E-01     0.000000E+00     0.000000E+00     0.000000E+00     1.000000E+00 
  111   140   111     1.199264E+00     9.049722E-01     0.000000E+00     0.000000E+00     0.000000E+00     1.000000E+00 
  112   141   112     1.198236E+00     7.774875E-01     0.000000E+00     0.000000E+00     0.000000E+00     1.000000E+00 
  113   142   113     1.198525E+00     1.272114E+00     0.000000E+00     0.000000E+00     0.000000E+00     1.000000E+00 
  114   144   114     1.197042E+00     4.027707E-01     0.000000E+00     0.000000E+00     0.000000E+00     1.000000E+00 
  115   145   115     1.197009E+00     9.195607E-01     0.000000E+00     0.000000E+00     0.000000E+00     1.000000E+00 
  116   147   116     1.195660E+00     1.523468E+00     0.000000E+00     0.000000E+00     0.000000E+00     1.000000E+00 
  117   148   117     1.194493E+00     1.417497E+00     0.000000E+00     0.000000E+00     0.000000E+00     1.000000E+00 
  118   149   118     1.193788E+00     7.698493E-01     0.000000E+00     0.000000E+00     0.000000E+00     1.000000E+00 
  119   150   119     1.191498E+00     1.791733E+00     0.000000E+00     0.000000E+00     0.000000E+00     1.000000E+00 
  120   151   120     1.193056E+00     2.123684E-01     0.000000E+00     0.000000E+00     0.000000E+00     1.000000E+00 
  121   154   121     1.190695E+00     3.150344E-01     0.000000E+00     0.000000E+00     0.000000E+00     1.000000E+00 
  122   155   122     1.190399E+00     7.645036E-01     0.000000E+00     0.000000E+00     0.000000E+00     1.000000E+00 
  123   156   123     1.190423E+00     2.127461E-01     0.000000E+00     0.000000E+00     0.000000E+00     1.000000E+00 
  124   158   124     1.190355E+00     2.309035E-01     0.000000E+00     0.000000E+00     0.000000E+00     1.000000E+00 
  125   159   125     1.190339E+00     3.579413E-01     0.000000E+00     0.000000E+00     0.000000E+00     1.000000E+00 
  126   160   126     1.190299E+00     3.308234E-01     0.000000E+00     0.000000E+00     0.000000E+00     1.000000E+00 
  127   161   127     1.190273E+00     2.232209E-01     0.000000E+00     0.000000E+00     0.000000E+00     1.000000E+00 
  128   162   128     1.190201E+00     1.878622E-01     0.000000E+00     0.000000E+00     0.000000E+00     1.000000E+00 
  129   163   129     1.189936E+00     1.872112E-01     0.000000E+00     0.000000E+00     0.000000E+00     1.000000E+00 
  130   164   130     1.189721E+00     2.759663E-01     0.000000E+00     0.000000E+00     0.000000E+00     1.000000E+00 
  131   165   131     1.188605E+00     2.348046E-01     0.000000E+00     0.000000E+00     0.000000E+00     1.000000E+00 
  132   166   132     1.191294E+00     2.620388E-01     0.000000E+00     0.000000E+00     0.000000E+00     1.000000E+00 
  133   168   133     1.219293E+00     2.088398E-01     0.000000E+00     0.000000E+00     0.000000E+00     1.000000E+00 
  134   172   134     1.187236E+00     9.159424E-02     0.000000E+00     0.000000E+00     0.000000E+00     1.000000E+00 
  135   173   135     1.186492E+00     8.506572E-01     0.000000E+00     0.000000E+00     0.000000E+00     1.000000E+00 
  136   174   136     1.185837E+00     7.472473E-01     0.000000E+00     0.000000E+00     0.000000E+00     1.000000E+00 
  137   175   137     1.185398E+00     2.840242E-01     0.000000E+00     0.000000E+00     0.000000E+00     1.000000E+00 
  138   176   138     1.185278E+00     3.647310E-01     0.000000E+00     0.000000E+00     0.000000E+00     1.000000E+00 
  139   177   139     1.185227E+00     1.170473E-01     0.000000E+00     0.000000E+00     0.000000E+00     1.000000E+00 
  140   178   140     1.185092E+00     4.151010E-02     0.000000E+00     0.000000E+00     0.000000E+00     1.000000E+00 
  141   179   141     1.185010E+00     2.384113E-01     0.000000E+00     0.000000E+00     0.000000E+00     1.000000E+00 
  142   180   142     1.184055E+00     5.688481E-02     0.000000E+00     0.000000E+00     0.000000E+00     1.000000E+00 
  143   181   143     1.183107E+00     9.367068E-02     0.000000E+00     0.000000E+00     0.000000E+00     1.000000E+00 
  144   182   144     1.182121E+00     1.161160E+00     0.000000E+00     0.000000E+00     0.000000E+00     1.000000E+00 
  145   183   145     1.180938E+00     1.031528E+00     0.000000E+00     0.000000E+00     0.000000E+00     1.000000E+00 
  146   184   146     1.180627E+00     6.675969E-01     0.000000E+00     0.000000E+00     0.000000E+00     1.000000E+00 
  147   185   147     1.180509E+00     5.266698E-01     0.000000E+00     0.000000E+00     0.000000E+00     1.000000E+00 
  148   186   148     1.180470E+00     3.003350E-01     0.000000E+00     0.000000E+00     0.000000E+00     1.000000E+00 
  149   187   149     1.180436E+00     3.331258E-01     0.000000E+00     0.000000E+00     0.000000E+00     1.000000E+00 
  150   188   150     1.180443E+00     2.360772E-01     0.000000E+00     0.000000E+00     0.000000E+00     1.000000E+00 
  151   190   151     1.180637E+00     2.231511E-01     0.000000E+00     0.000000E+00     0.000000E+00     1.000000E+00 
  152   193   151     1.180410E+00     2.231511E-01     0.000000E+00     0.000000E+00    -1.259005E-06     3.280634E-01 
