
	Solution from PySLSQP:
	----------------------------------------------------------------------------------------------------
	Problem                       : SP1_V7
	Solver                        : pyslsqp
	Success                       : True
	Message                       : Optimization terminated successfully
	Status                        : 0
	Objective                     : 0.6705289714169393
	Optimality                    : -4.951183000256876e-07
	Feasibility                   : 0.0
	Gradient norm                 : 0.04482857219542397
	Major iterations              : 39
	Total function evals          : 54
	Total gradient evals          : 38
	Total time                    : 4341.895204782486
	Function eval. time           : 2174.104676600058
	Derivative eval. time         : 2167.7520703000046
	Optimizer time                : 0.0022873000052641146
	Processing time               : 0.04561939993436681
	Visualization time            : 0.0
	Summary saved in              : SP1_V7_outputs/2026-04-17_19.23.32.981971/slsqp_summary.out
	Total callbacks               : 92
	Reused callbacks              : 0
	obj callbacks                 : 54
	grad callbacks                : 38
	hess callbacks                : 0
	con callbacks                 : 0
	jac callbacks                 : 0
	Optimal variables             : [ 5.         -1.8139008  -1.52917569  3.          3.         17.88881871
 -1.47621663 -4.77065669 -3.79935664 -3.94284931  5.09294555  1.64105832
  3.9845916   3.25185273  0.52047935]
	Optimal obj. gradient         : [ 0.00354872  0.01246645  0.00546461  0.02275336  0.01452876  0.00435169
  0.00093597  0.00066455 -0.0001669   0.00144417  0.02307611  0.01605758
 -0.00232698  0.00096733 -0.01624381]
	Optimal constraints           : []
	Optimal multipliers (constr.) : []
	Optimal Jacobian              : []
	----------------------------------------------------------------------------------------------------
