
	Solution from PySLSQP:
	----------------------------------------------------------------------------------------------------
	Problem                       : unnamed_problem
	Solver                        : pyslsqp
	Success                       : True
	Message                       : Optimization terminated successfully
	Status                        : 0
	Objective                     : 1.1847094535510718
	Optimality                    : -2.572697238356625e-06
	Feasibility                   : 0.0
	Gradient norm                 : 0.05990613910716421
	Major iterations              : 30
	Total function evals          : 87
	Total gradient evals          : 29
	Total time                    : 7598.061604976654
	Function eval. time           : 5731.5739234999055
	Derivative eval. time         : 1866.4446748000337
	Optimizer time                : 0.0031367004849016666
	Processing time               : 0.038770299521274865
	Visualization time            : 0.0
	Summary saved in              : unnamed_problem_outputs/2026-04-13_07.13.13.290512/slsqp_summary.out
	Total callbacks               : 116
	Reused callbacks              : 0
	obj callbacks                 : 87
	grad callbacks                : 29
	hess callbacks                : 0
	con callbacks                 : 0
	jac callbacks                 : 0
	Optimal variables             : [ 1.00000000e-01  1.00000000e-01  1.97610014e-01  1.57445854e-01
  1.00000000e-01  1.00000000e-01  1.10562760e-01  1.00000000e-01
  1.00000000e-01  1.00000000e-01  1.20630800e-01  1.33298259e-01
  2.44357207e-01  2.64670728e-01  1.04251679e-01  1.00000000e-01
  1.00000000e-01  1.00000000e-01  1.00000000e-01  1.00000000e-01
 -7.20215967e-02  0.00000000e+00 -2.13758589e-20]
	Optimal obj. gradient         : [ 3.13950047e-02  2.97710406e-02  1.55132373e-02 -3.64708214e-02
  3.41349664e-03  2.99444445e-03  2.57889033e-03  2.17062907e-03
  1.76223946e-03  1.35421645e-03  6.79859648e-03  6.44817177e-03
  3.25558010e-03 -3.04171274e-03  6.81426562e-04  5.88840597e-04
  4.97332946e-04  4.07917494e-04  3.18189401e-04  2.28433640e-04
 -2.31806616e-04  0.00000000e+00 -3.47218371e-24]
	Optimal constraints           : []
	Optimal multipliers (constr.) : []
	Optimal Jacobian              : []
	----------------------------------------------------------------------------------------------------
