
	Solution from PySLSQP:
	----------------------------------------------------------------------------------------------------
	Problem                       : unnamed_problem
	Solver                        : pyslsqp
	Success                       : True
	Message                       : Optimization terminated successfully
	Status                        : 0
	Objective                     : 1.3589038321808953
	Optimality                    : -6.520762683592807e-06
	Feasibility                   : 0.0
	Gradient norm                 : 0.304274112050553
	Major iterations              : 23
	Total function evals          : 76
	Total gradient evals          : 22
	Total time                    : 7047.008117198944
	Function eval. time           : 5506.109009800479
	Derivative eval. time         : 1539.838393599959
	Optimizer time                : 0.0025782996090129018
	Processing time               : 0.03167499997653067
	Visualization time            : 0.0
	Summary saved in              : unnamed_problem_outputs/2026-04-14_04.09.14.156345/slsqp_summary.out
	Total callbacks               : 98
	Reused callbacks              : 0
	obj callbacks                 : 76
	grad callbacks                : 22
	hess callbacks                : 0
	con callbacks                 : 0
	jac callbacks                 : 0
	Optimal variables             : [ 1.00000000e-01  1.00000000e-01  2.66935372e-01  2.42772165e-01
  1.00000000e-01  1.00000000e-01  1.00000000e-01  1.01615312e-01
  1.00000000e-01  1.00000000e-01  1.00000000e-01  2.13597514e-01
  2.48318320e-01  2.48218279e-01  1.32478811e-01  1.00000000e-01
  1.00000000e-01  1.00000000e-01  1.00000000e-01  1.00000000e-01
 -9.04004596e-02  0.00000000e+00  2.67923376e-22]
	Optimal obj. gradient         : [ 1.61603242e-01  2.20341997e-01 -9.99609504e-02  5.06966373e-02
  2.39595968e-02  2.05234739e-02  1.70840060e-02  1.37401502e-02
  1.04021151e-02  7.08163666e-03  3.49978614e-02  4.77319607e-02
  4.83690989e-03  1.02145636e-02  4.79962821e-03  4.05521594e-03
  3.31624469e-03  2.59619302e-03  1.87839576e-03  1.16370339e-03
 -5.18482073e-03  0.00000000e+00  1.23686120e-21]
	Optimal constraints           : []
	Optimal multipliers (constr.) : []
	Optimal Jacobian              : []
	----------------------------------------------------------------------------------------------------
