
	Solution from PySLSQP:
	----------------------------------------------------------------------------------------------------
	Problem                       : SP1_V7
	Solver                        : pyslsqp
	Success                       : True
	Message                       : Optimization terminated successfully
	Status                        : 0
	Objective                     : 0.6704711766759972
	Optimality                    : -2.1619498491443068e-07
	Feasibility                   : 0.0
	Gradient norm                 : 0.028399010939032673
	Major iterations              : 8
	Total function evals          : 20
	Total gradient evals          : 7
	Total time                    : 1790.719807624817
	Function eval. time           : 1244.5496625000087
	Derivative eval. time         : 546.146817099987
	Optimizer time                : 0.0005763999943155795
	Processing time               : 0.012985699999262579
	Visualization time            : 0.0
	Summary saved in              : SP1_V7_outputs/2026-04-18_09.43.10.144110/slsqp_summary.out
	Total callbacks               : 27
	Reused callbacks              : 0
	obj callbacks                 : 20
	grad callbacks                : 7
	hess callbacks                : 0
	con callbacks                 : 0
	jac callbacks                 : 0
	Optimal variables             : [ 5.         -1.83715153 -1.62189619  3.          3.         17.99133061
 -1.51406754 -4.73483093 -3.75050269 -3.91129794  5.09737468  1.65463758
  3.9836248   3.22935189  0.5164653 ]
	Optimal obj. gradient         : [-2.23750567e-02  9.83434903e-04  7.98489074e-04  1.07721501e-02
  7.07298584e-03  2.24689847e-03  1.52901412e-03  1.30668952e-03
  3.05266690e-05 -1.97503614e-03 -6.13841781e-03  6.40559713e-03
  6.22256087e-03  2.75642694e-03 -4.04980328e-04]
	Optimal constraints           : []
	Optimal multipliers (constr.) : []
	Optimal Jacobian              : []
	----------------------------------------------------------------------------------------------------
