
	Solution from PySLSQP:
	----------------------------------------------------------------------------------------------------
	Problem                       : SP1_V8
	Solver                        : pyslsqp
	Success                       : True
	Message                       : Optimization terminated successfully
	Status                        : 0
	Objective                     : 0.684943371851329
	Optimality                    : -2.4800052222939684e-07
	Feasibility                   : 0.0
	Gradient norm                 : 0.08368005021054001
	Major iterations              : 61
	Total function evals          : 78
	Total gradient evals          : 60
	Total time                    : 6460.442031145096
	Function eval. time           : 3069.9249951000966
	Derivative eval. time         : 3390.430161599972
	Optimizer time                : 0.003475500037893653
	Processing time               : 0.08127719990443438
	Visualization time            : 0.0
	Summary saved in              : SP1_V8_outputs/2026-04-18_00.43.55.557835/slsqp_summary.out
	Total callbacks               : 138
	Reused callbacks              : 0
	obj callbacks                 : 78
	grad callbacks                : 60
	hess callbacks                : 0
	con callbacks                 : 0
	jac callbacks                 : 0
	Optimal variables             : [ 5.         -1.76462976 -1.72233237  3.          3.         17.6342622
 -3.03140507 -5.36793747 -3.86722429 -3.85440199  5.09389385  1.67618247
  3.93245051  3.18086929  0.54082182]
	Optimal obj. gradient         : [-0.0592541  -0.01577917 -0.00597652  0.00766365 -0.01174772 -0.00272318
  0.00053709  0.0004885  -0.00098654 -0.00315355 -0.04104231 -0.02302067
  0.00977526  0.00110742  0.02607287]
	Optimal constraints           : []
	Optimal multipliers (constr.) : []
	Optimal Jacobian              : []
	----------------------------------------------------------------------------------------------------
