
	Solution from PySLSQP:
	----------------------------------------------------------------------------------------------------
	Problem                       : unnamed_problem
	Solver                        : pyslsqp
	Success                       : True
	Message                       : Optimization terminated successfully
	Status                        : 0
	Objective                     : 0.8786411829709452
	Optimality                    : -8.873673819631556e-06
	Feasibility                   : 0.0
	Gradient norm                 : 0.23810959683229704
	Major iterations              : 126
	Total function evals          : 214
	Total gradient evals          : 125
	Total time                    : 8892.015329360962
	Function eval. time           : 4637.4952873000875
	Derivative eval. time         : 4254.349821999727
	Optimizer time                : 0.009301699697971344
	Processing time               : 0.1611387004959397
	Visualization time            : 0.0
	Summary saved in              : unnamed_problem_outputs/2026-04-10_18.03.49.429665/slsqp_summary.out
	Total callbacks               : 339
	Reused callbacks              : 0
	obj callbacks                 : 214
	grad callbacks                : 125
	hess callbacks                : 0
	con callbacks                 : 0
	jac callbacks                 : 0
	Optimal variables             : [ 5.         -9.31471629 -6.23448099  7.58575713  3.          8.
  9.00025673 -1.19215232  6.55504609  0.48586205  8.0136223   1.498745
  2.70074086 -1.88948438  0.05957371]
	Optimal obj. gradient         : [-0.06892453 -0.0225453  -0.01894271 -0.03370628  0.13606694  0.03998821
 -0.0546052   0.0508091  -0.09425881  0.04694921 -0.01185557 -0.03644531
 -0.00995942 -0.01895764 -0.10606341]
	Optimal constraints           : []
	Optimal multipliers (constr.) : []
	Optimal Jacobian              : []
	----------------------------------------------------------------------------------------------------
