
	Solution from PySLSQP:
	----------------------------------------------------------------------------------------------------
	Problem                       : unnamed_problem
	Solver                        : pyslsqp
	Success                       : True
	Message                       : Optimization terminated successfully
	Status                        : 0
	Objective                     : 1.1665288907261688
	Optimality                    : -4.713695980207433e-06
	Feasibility                   : 0.0
	Gradient norm                 : 0.14511894998513902
	Major iterations              : 62
	Total function evals          : 94
	Total gradient evals          : 61
	Total time                    : 13209.195761442184
	Function eval. time           : 6956.2759300995385
	Derivative eval. time         : 6252.842743100133
	Optimizer time                : 0.0037886000936850905
	Processing time               : 0.0740356002934277
	Visualization time            : 0.0
	Summary saved in              : unnamed_problem_outputs/2026-04-14_06.38.38.615810/slsqp_summary.out
	Total callbacks               : 155
	Reused callbacks              : 0
	obj callbacks                 : 94
	grad callbacks                : 61
	hess callbacks                : 0
	con callbacks                 : 0
	jac callbacks                 : 0
	Optimal variables             : [ 4.08042546 -3.20645478 -8.62280319  4.51577223  6.71604867  8.11976073
  4.44583798  4.2716328   5.75789801  6.05478909  4.94516514  1.93343663
  4.51104483  2.06788532  0.06020805]
	Optimal obj. gradient         : [-0.09439604 -0.03127845 -0.03019268 -0.02140905  0.0038486   0.0240782
  0.0080474  -0.00081056 -0.0027307  -0.02600262 -0.05995725 -0.05243331
 -0.00636303  0.010032    0.04440465]
	Optimal constraints           : []
	Optimal multipliers (constr.) : []
	Optimal Jacobian              : []
	----------------------------------------------------------------------------------------------------
