
	Solution from PySLSQP:
	----------------------------------------------------------------------------------------------------
	Problem                       : SP2_V7
	Solver                        : pyslsqp
	Success                       : True
	Message                       : Optimization terminated successfully
	Status                        : 0
	Objective                     : 0.6705930369753684
	Optimality                    : -3.323970232393947e-08
	Feasibility                   : 0.0
	Gradient norm                 : 0.03070196287980648
	Major iterations              : 2
	Total function evals          : 7
	Total gradient evals          : 1
	Total time                    : 366.68924498558044
	Function eval. time           : 366.6785663999908
	Derivative eval. time         : 1.7700003809295595e-05
	Optimizer time                : 0.00014560000272467732
	Processing time               : 0.003998000000137836
	Visualization time            : 0.0
	Summary saved in              : SP2_V7_outputs/2026-04-18_09.07.42.324530/slsqp_summary.out
	Total callbacks               : 8
	Reused callbacks              : 0
	obj callbacks                 : 7
	grad callbacks                : 1
	hess callbacks                : 0
	con callbacks                 : 0
	jac callbacks                 : 0
	Optimal variables             : [3.71111415e-01 5.11548214e-01 2.55889964e+00 5.27098122e+00
 5.01486179e+00 3.56330010e+00 2.34715511e+00 1.35573252e+00
 6.22170720e-01 2.14032233e-01 4.76572092e-01 6.41349273e-01
 7.23253730e-01 1.48385468e+00 1.23884353e+00 1.00762921e+00
 8.03439439e-01 4.45306289e-01 2.70114791e-01 1.98924637e-01
 9.97441855e+00 0.00000000e+00 2.18779562e-20]
	Optimal obj. gradient         : [ 1.46519282e-02  9.61350945e-03  2.21907175e-03  1.00880786e-03
 -1.28916513e-02  1.50951505e-03  8.40596794e-04  3.22484497e-04
 -4.47504628e-05 -2.58699323e-04  3.16565644e-03  2.07368287e-03
  4.24221514e-04  1.59815129e-04 -7.12145855e-04  2.40468780e-04
  1.38803983e-04  5.45943102e-05 -7.65494116e-06 -4.28871397e-05
 -2.10974165e-02  0.00000000e+00 -2.21948298e-21]
	Optimal constraints           : []
	Optimal multipliers (constr.) : []
	Optimal Jacobian              : []
	----------------------------------------------------------------------------------------------------
