MAJOR  NFEV  NGEV           OBJFUN            GNORM            CNORM             FEAS              OPT             STEP 
    0     1     1     1.823622E+03     1.645722E+04     0.000000E+00     9.900000E+01     9.900000E+01     9.900000E+01 
    1     2     1     1.928938E+04     1.645722E+04     0.000000E+00     0.000000E+00     0.000000E+00     1.000000E+00 
    2     8     2     2.682683E+05     6.502243E+02     0.000000E+00     0.000000E+00     0.000000E+00     1.000000E+00 
    3    12     3     1.151536E+05     5.818753E+02     0.000000E+00     0.000000E+00     0.000000E+00     1.000000E+00 
    4    15     4     5.184613E+04     3.485887E+02     0.000000E+00     0.000000E+00     0.000000E+00     1.000000E+00 
    5    17     5     2.400387E+04     1.223148E+02     0.000000E+00     0.000000E+00     0.000000E+00     1.000000E+00 
    6    20     6     8.041352E+02     1.178621E+02     0.000000E+00     0.000000E+00     0.000000E+00     1.000000E+00 
    7    22     7     1.071511E+03     7.594296E+01     0.000000E+00     0.000000E+00     0.000000E+00     1.000000E+00 
    8    24     8     3.561491E+02     5.301434E+01     0.000000E+00     0.000000E+00     0.000000E+00     1.000000E+00 
    9    26     9     1.918651E+03     5.937789E+01     0.000000E+00     0.000000E+00     0.000000E+00     1.000000E+00 
   10    28    10     3.516694E+02     4.608386E+01     0.000000E+00     0.000000E+00     0.000000E+00     1.000000E+00 
   11    30    11     3.223650E+02     3.821083E+01     0.000000E+00     0.000000E+00     0.000000E+00     1.000000E+00 
   12    32    12     5.047301E+02     2.374405E+01     0.000000E+00     0.000000E+00     0.000000E+00     1.000000E+00 
   13    35    13     1.029260E+01     2.338369E+01     0.000000E+00     0.000000E+00     0.000000E+00     1.000000E+00 
   14    37    14     8.408304E+02     1.306647E+01     0.000000E+00     0.000000E+00     0.000000E+00     1.000000E+00 
   15    39    15     6.241166E+01     9.571324E+00     0.000000E+00     0.000000E+00     0.000000E+00     1.000000E+00 
   16    42    16     3.660747E+00     9.349429E+00     0.000000E+00     0.000000E+00     0.000000E+00     1.000000E+00 
   17    44    17     6.852275E+00     1.129130E+01     0.000000E+00     0.000000E+00     0.000000E+00     1.000000E+00 
   18    47    18     2.871384E+00     1.063617E+01     0.000000E+00     0.000000E+00     0.000000E+00     1.000000E+00 
   19    49    19     5.700353E+00     8.698076E+00     0.000000E+00     0.000000E+00     0.000000E+00     1.000000E+00 
   20    51    20     3.476027E+00     3.903929E+00     0.000000E+00     0.000000E+00     0.000000E+00     1.000000E+00 
   21    53    21     2.641146E+03     4.565495E+00     0.000000E+00     0.000000E+00     0.000000E+00     1.000000E+00 
   22    56    22     2.471251E+00     4.532900E+00     0.000000E+00     0.000000E+00     0.000000E+00     1.000000E+00 
   23    58    23     2.226211E+00     3.864110E+00     0.000000E+00     0.000000E+00     0.000000E+00     1.000000E+00 
   24    60    24     1.751656E+00     4.183542E+00     0.000000E+00     0.000000E+00     0.000000E+00     1.000000E+00 
   25    62    25     2.065726E+00     3.375329E+00     0.000000E+00     0.000000E+00     0.000000E+00     1.000000E+00 
   26    64    26     2.244054E+00     3.064201E+00     0.000000E+00     0.000000E+00     0.000000E+00     1.000000E+00 
   27    66    27     1.514090E+00     2.891309E+00     0.000000E+00     0.000000E+00     0.000000E+00     1.000000E+00 
   28    68    28     1.983907E+00     2.424013E+00     0.000000E+00     0.000000E+00     0.000000E+00     1.000000E+00 
   29    70    29     1.034304E+01     2.233677E+00     0.000000E+00     0.000000E+00     0.000000E+00     1.000000E+00 
   30    73    30     1.130051E+01     2.195884E+00     0.000000E+00     0.000000E+00     0.000000E+00     1.000000E+00 
   31    75    31     1.347117E+00     1.709770E+00     0.000000E+00     0.000000E+00     0.000000E+00     1.000000E+00 
   32    79    32     2.711160E+03     1.312634E+00     0.000000E+00     0.000000E+00     0.000000E+00     1.000000E+00 
   33    81    33     1.258473E+00     1.084206E+00     0.000000E+00     0.000000E+00     0.000000E+00     1.000000E+00 
   34    83    34     1.463629E+00     9.945158E-01     0.000000E+00     0.000000E+00     0.000000E+00     1.000000E+00 
   35    85    35     1.272334E+00     1.025142E+00     0.000000E+00     0.000000E+00     0.000000E+00     1.000000E+00 
   36    87    36     2.477655E+02     8.819487E-01     0.000000E+00     0.000000E+00     0.000000E+00     1.000000E+00 
   37    89    37     5.074974E+00     8.731457E-01     0.000000E+00     0.000000E+00     0.000000E+00     1.000000E+00 
   38    92    38     5.100228E+00     8.715425E-01     0.000000E+00     0.000000E+00     0.000000E+00     1.000000E+00 
   39    94    39     2.997404E+00     8.551335E-01     0.000000E+00     0.000000E+00     0.000000E+00     1.000000E+00 
   40    97    40     4.941776E+00     8.569641E-01     0.000000E+00     0.000000E+00     0.000000E+00     1.000000E+00 
   41   100    41     6.052532E+00     8.527988E-01     0.000000E+00     0.000000E+00     0.000000E+00     1.000000E+00 
   42   103    42     6.120445E+00     8.454581E-01     0.000000E+00     0.000000E+00     0.000000E+00     1.000000E+00 
   43   107    43     4.475643E+00     8.456947E-01     0.000000E+00     0.000000E+00     0.000000E+00     1.000000E+00 
   44   110    44     6.328316E+00     8.445596E-01     0.000000E+00     0.000000E+00     0.000000E+00     1.000000E+00 
   45   113    45     7.616982E+00     8.438241E-01     0.000000E+00     0.000000E+00     0.000000E+00     1.000000E+00 
   46   117    46     5.043974E+00     8.433884E-01     0.000000E+00     0.000000E+00     0.000000E+00     1.000000E+00 
   47   120    47     1.959256E+00     7.557578E-01     0.000000E+00     0.000000E+00     0.000000E+00     1.000000E+00 
   48   124    48     1.374820E+00     7.545364E-01     0.000000E+00     0.000000E+00     0.000000E+00     1.000000E+00 
   49   127    49     2.341870E+00     9.468819E-01     0.000000E+00     0.000000E+00     0.000000E+00     1.000000E+00 
   50   131    50     1.209641E+00     9.467188E-01     0.000000E+00     0.000000E+00     0.000000E+00     1.000000E+00 
   51   133    51     3.314171E+02     2.372794E+00     0.000000E+00     0.000000E+00     0.000000E+00     1.000000E+00 
   52   135    52     1.153125E+00     1.909599E+00     0.000000E+00     0.000000E+00     0.000000E+00     1.000000E+00 
   53   137    53     3.285366E+00     1.892679E+00     0.000000E+00     0.000000E+00     0.000000E+00     1.000000E+00 
   54   139    54     5.666809E+00     1.451464E+00     0.000000E+00     0.000000E+00     0.000000E+00     1.000000E+00 
   55   142    55     3.236821E+00     7.595671E-01     0.000000E+00     0.000000E+00     0.000000E+00     1.000000E+00 
   56   144    56     1.262728E+00     9.660581E-01     0.000000E+00     0.000000E+00     0.000000E+00     1.000000E+00 
   57   146    57     3.268568E+00     8.487966E-01     0.000000E+00     0.000000E+00     0.000000E+00     1.000000E+00 
   58   148    58     3.093811E+00     1.261151E+00     0.000000E+00     0.000000E+00     0.000000E+00     1.000000E+00 
   59   150    59     1.129689E+00     1.368929E+00     0.000000E+00     0.000000E+00     0.000000E+00     1.000000E+00 
   60   152    60     1.174416E+00     1.384248E+00     0.000000E+00     0.000000E+00     0.000000E+00     1.000000E+00 
   61   154    61     1.348439E+00     1.424704E+00     0.000000E+00     0.000000E+00     0.000000E+00     1.000000E+00 
   62   157    62     1.356632E+00     1.730572E+00     0.000000E+00     0.000000E+00     0.000000E+00     1.000000E+00 
   63   160    63     1.531960E+00     1.700736E+00     0.000000E+00     0.000000E+00     0.000000E+00     1.000000E+00 
   64   164    64     3.055684E+00     1.927602E+00     0.000000E+00     0.000000E+00     0.000000E+00     1.000000E+00 
   65   166    65     2.833153E+00     2.250540E+00     0.000000E+00     0.000000E+00     0.000000E+00     1.000000E+00 
   66   168    66     2.388999E+00     1.223315E+00     0.000000E+00     0.000000E+00     0.000000E+00     1.000000E+00 
   67   170    67     1.755058E+00     1.160298E+00     0.000000E+00     0.000000E+00     0.000000E+00     1.000000E+00 
   68   172    68     2.430900E+00     4.160943E-01     0.000000E+00     0.000000E+00     0.000000E+00     1.000000E+00 
   69   174    69     1.886147E+00     4.358226E-01     0.000000E+00     0.000000E+00     0.000000E+00     1.000000E+00 
   70   176    70     1.937542E+00     4.666777E-01     0.000000E+00     0.000000E+00     0.000000E+00     1.000000E+00 
   71   179    71     2.359888E+00     4.753555E-01     0.000000E+00     0.000000E+00     0.000000E+00     1.000000E+00 
   72   182    72     2.250750E+00     4.696273E-01     0.000000E+00     0.000000E+00     0.000000E+00     1.000000E+00 
   73   186    73     2.157647E+00     4.680171E-01     0.000000E+00     0.000000E+00     0.000000E+00     1.000000E+00 
   74   190    74     2.628338E+00     1.662942E+00     0.000000E+00     0.000000E+00     0.000000E+00     1.000000E+00 
   75   192    75     3.676759E+00     1.920109E+00     0.000000E+00     0.000000E+00     0.000000E+00     1.000000E+00 
   76   194    76     1.135385E+00     8.995152E-01     0.000000E+00     0.000000E+00     0.000000E+00     1.000000E+00 
   77   196    77     1.334169E+00     1.036343E+00     0.000000E+00     0.000000E+00     0.000000E+00     1.000000E+00 
   78   198    78     1.396700E+00     1.005575E+00     0.000000E+00     0.000000E+00     0.000000E+00     1.000000E+00 
   79   200    79     1.404784E+02     9.778857E-01     0.000000E+00     0.000000E+00     0.000000E+00     1.000000E+00 
   80   202    80     2.066780E+00     8.933422E-01     0.000000E+00     0.000000E+00     0.000000E+00     1.000000E+00 
   81   204    81     1.630937E+00     7.331513E-01     0.000000E+00     0.000000E+00     0.000000E+00     1.000000E+00 
   82   208    82     5.493447E+02     7.315611E-01     0.000000E+00     0.000000E+00     0.000000E+00     1.000000E+00 
   83   211    82     1.004497E+00     7.315611E-01     0.000000E+00     0.000000E+00    -8.477853E-05     2.057614E-01 
