
	Solution from PySLSQP:
	----------------------------------------------------------------------------------------------------
	Problem                       : unnamed_problem
	Solver                        : pyslsqp
	Success                       : True
	Message                       : Optimization terminated successfully
	Status                        : 0
	Objective                     : 1.1728795116831046
	Optimality                    : -7.14336059171039e-06
	Feasibility                   : 0.0
	Gradient norm                 : 0.03447851238695597
	Major iterations              : 10
	Total function evals          : 57
	Total gradient evals          : 9
	Total time                    : 3132.057405948639
	Function eval. time           : 2741.2190438001417
	Derivative eval. time         : 390.819508399989
	Optimizer time                : 0.0014369995915330946
	Processing time               : 0.01649700029520318
	Visualization time            : 0.0
	Summary saved in              : unnamed_problem_outputs/2026-04-11_18.20.41.862611/slsqp_summary.out
	Total callbacks               : 66
	Reused callbacks              : 0
	obj callbacks                 : 57
	grad callbacks                : 9
	hess callbacks                : 0
	con callbacks                 : 0
	jac callbacks                 : 0
	Optimal variables             : [ 1.06470946e-01  1.06056836e-01  1.21981428e-01  2.18356017e-01
  1.00491914e-01  1.00348176e-01  1.00287906e-01  1.02990079e-01
  1.00172189e-01  1.00116347e-01  1.01401139e-01  1.14674120e-01
  2.26005457e-01  2.55060732e-01  1.18414720e-01  1.00068782e-01
  1.00055878e-01  1.00132853e-01  1.00031099e-01  1.00019139e-01
 -1.29650095e-02  0.00000000e+00  2.33797417e-21]
	Optimal obj. gradient         : [-3.23449689e-03 -2.35170424e-03 -6.52599471e-04 -2.26529960e-04
 -1.61089228e-04 -1.27773175e-04 -9.82256415e-05  3.40292342e-02
 -4.94379501e-05 -3.01388129e-05 -7.00348343e-04 -5.09337335e-04
 -1.37562109e-04 -4.56795243e-05 -3.22608162e-05 -2.52413944e-05
 -1.90638560e-05  2.81261775e-03 -8.92895427e-06 -4.95771541e-06
  2.36012533e-03  0.00000000e+00 -7.42304360e-23]
	Optimal constraints           : []
	Optimal multipliers (constr.) : []
	Optimal Jacobian              : []
	----------------------------------------------------------------------------------------------------
