
	Solution from PySLSQP:
	----------------------------------------------------------------------------------------------------
	Problem                       : SP1_V7
	Solver                        : pyslsqp
	Success                       : True
	Message                       : Optimization terminated successfully
	Status                        : 0
	Objective                     : 0.6705636403899486
	Optimality                    : -2.604344117029811e-07
	Feasibility                   : 0.0
	Gradient norm                 : 0.08860317172895874
	Major iterations              : 2
	Total function evals          : 6
	Total gradient evals          : 1
	Total time                    : 462.20778822898865
	Function eval. time           : 462.21369199999026
	Derivative eval. time         : 2.200000744778663e-05
	Optimizer time                : 0.00013430001854430884
	Processing time               : 0.003963599985581823
	Visualization time            : 0.0
	Summary saved in              : SP1_V7_outputs/2026-04-18_14.27.46.363549/slsqp_summary.out
	Total callbacks               : 7
	Reused callbacks              : 0
	obj callbacks                 : 6
	grad callbacks                : 1
	hess callbacks                : 0
	con callbacks                 : 0
	jac callbacks                 : 0
	Optimal variables             : [ 4.99999877 -1.83836191 -1.62060651  3.          3.         17.99103026
 -1.51475112 -4.73597074 -3.75069457 -3.91144962  5.09844162  1.6568211
  3.98343233  3.22853956  0.52009576]
	Optimal obj. gradient         : [ 1.22957438e-02  1.83496330e-02  6.70411266e-03  3.78435062e-02
  2.17003933e-02 -2.54343009e-03 -1.58624989e-03 -7.91745389e-05
  6.19703475e-04  5.96033632e-03  5.65873376e-02  1.40160340e-02
 -2.64434415e-02 -5.03199847e-03 -3.53070929e-02]
	Optimal constraints           : []
	Optimal multipliers (constr.) : []
	Optimal Jacobian              : []
	----------------------------------------------------------------------------------------------------
