
	Solution from PySLSQP:
	----------------------------------------------------------------------------------------------------
	Problem                       : SP1_V7
	Solver                        : pyslsqp
	Success                       : True
	Message                       : Optimization terminated successfully
	Status                        : 0
	Objective                     : 0.6705240343360345
	Optimality                    : -1.8556475533948458e-07
	Feasibility                   : 0.0
	Gradient norm                 : 0.030322426868482324
	Major iterations              : 6
	Total function evals          : 14
	Total gradient evals          : 5
	Total time                    : 1270.5216701030731
	Function eval. time           : 892.2057496999914
	Derivative eval. time         : 378.30503440000757
	Optimizer time                : 0.0004165999562246725
	Processing time               : 0.009718800036353059
	Visualization time            : 0.0
	Summary saved in              : SP1_V7_outputs/2026-04-18_11.23.37.850570/slsqp_summary.out
	Total callbacks               : 19
	Reused callbacks              : 0
	obj callbacks                 : 14
	grad callbacks                : 5
	hess callbacks                : 0
	con callbacks                 : 0
	jac callbacks                 : 0
	Optimal variables             : [ 5.         -1.83836188 -1.62060702  3.          3.         17.99102774
 -1.51475149 -4.73597046 -3.75069433 -3.91144823  5.09844713  1.65681598
  3.98342686  3.22853787  0.52009218]
	Optimal obj. gradient         : [-0.02569341 -0.00020697 -0.00034777  0.01426411  0.00689452 -0.00071849
  0.00052912  0.00089913  0.00018532 -0.00015247 -0.00224967 -0.00052602
 -0.00023669  0.00050066 -0.00091034]
	Optimal constraints           : []
	Optimal multipliers (constr.) : []
	Optimal Jacobian              : []
	----------------------------------------------------------------------------------------------------
