
	Solution from PySLSQP:
	----------------------------------------------------------------------------------------------------
	Problem                       : SP2_V7
	Solver                        : pyslsqp
	Success                       : True
	Message                       : Optimization terminated successfully
	Status                        : 0
	Objective                     : 0.6700924933209773
	Optimality                    : -6.29511478500433e-08
	Feasibility                   : 0.0
	Gradient norm                 : 0.014168749052523653
	Major iterations              : 11
	Total function evals          : 26
	Total gradient evals          : 10
	Total time                    : 1832.3596642017365
	Function eval. time           : 1353.4040592000238
	Derivative eval. time         : 478.9394184999983
	Optimizer time                : 0.0008585000614402816
	Processing time               : 0.014474099923972972
	Visualization time            : 0.0
	Summary saved in              : SP2_V7_outputs/2026-04-17_22.38.02.599786/slsqp_summary.out
	Total callbacks               : 36
	Reused callbacks              : 0
	obj callbacks                 : 26
	grad callbacks                : 10
	hess callbacks                : 0
	con callbacks                 : 0
	jac callbacks                 : 0
	Optimal variables             : [3.71078217e-01 5.11558671e-01 2.55890227e+00 5.27098244e+00
 5.01485900e+00 3.56330264e+00 2.34715711e+00 1.35573405e+00
 6.22171833e-01 2.14032981e-01 4.76570557e-01 6.41351529e-01
 7.23254232e-01 1.48385487e+00 1.23884359e+00 1.00762961e+00
 8.03439770e-01 4.45306548e-01 2.70114981e-01 1.98924760e-01
 9.97441089e+00 0.00000000e+00 2.18774354e-20]
	Optimal obj. gradient         : [ 7.95079222e-03  6.32110841e-03  1.66022955e-03  7.75354773e-04
  2.06777266e-03 -8.87913036e-03  1.53768204e-03  1.27711205e-03
  1.01551308e-03  7.54274749e-04  1.71781895e-03  1.36346769e-03
  3.17196690e-04  1.22761882e-04  3.15901441e-04 -4.83942735e-04
  2.53823179e-04  2.16157055e-04  1.73692666e-04  1.25043412e-04
 -3.12260093e-04  0.00000000e+00 -5.47252509e-23]
	Optimal constraints           : []
	Optimal multipliers (constr.) : []
	Optimal Jacobian              : []
	----------------------------------------------------------------------------------------------------
