
	Solution from PySLSQP:
	----------------------------------------------------------------------------------------------------
	Problem                       : SP2_V2
	Solver                        : pyslsqp
	Success                       : True
	Message                       : Optimization terminated successfully
	Status                        : 0
	Objective                     : 1.2687272527894413
	Optimality                    : -2.8009394310579694e-06
	Feasibility                   : 0.0
	Gradient norm                 : 0.481045792583459
	Major iterations              : 6
	Total function evals          : 25
	Total gradient evals          : 5
	Total time                    : 689.8925404548645
	Function eval. time           : 591.4214553998318
	Derivative eval. time         : 98.46155390003696
	Optimizer time                : 0.0007274000672623515
	Processing time               : 0.007558500161394477
	Visualization time            : 0.0
	Summary saved in              : SP2_V2_outputs/2026-04-15_22.42.54.477123/slsqp_summary.out
	Total callbacks               : 30
	Reused callbacks              : 0
	obj callbacks                 : 25
	grad callbacks                : 5
	hess callbacks                : 0
	con callbacks                 : 0
	jac callbacks                 : 0
	Optimal variables             : [ 1.00000000e-01  1.00000000e-01  1.00000000e-01  1.08780195e-01
  1.00000000e-01  1.00000000e-01  1.00000000e-01  1.00000000e-01
  1.00000000e-01  1.00000000e-01  1.00000000e-01  1.00000000e-01
  1.09088113e-01  1.00058722e-01  1.00000000e-01  1.00000000e-01
  1.00000000e-01  1.00000000e-01  1.00000000e-01  1.00000000e-01
  5.01028088e-03  0.00000000e+00 -4.41804393e-21]
	Optimal obj. gradient         : [ 2.50486055e-01  2.37500553e-01  1.06253948e-01  7.69837450e-02
  4.02784330e-02  3.48137964e-02  2.90720579e-02  2.29777545e-02
  1.65494067e-02  9.79534763e-03  5.42419360e-02  5.14408112e-02
  2.23543093e-02 -2.86545902e-01  8.16440271e-03  6.98223136e-03
  5.74796996e-03  4.43914370e-03  3.05968371e-03  1.61089704e-03
  4.56597085e-02  0.00000000e+00  3.59663513e-21]
	Optimal constraints           : []
	Optimal multipliers (constr.) : []
	Optimal Jacobian              : []
	----------------------------------------------------------------------------------------------------
