
	Solution from PySLSQP:
	----------------------------------------------------------------------------------------------------
	Problem                       : unnamed_problem
	Solver                        : pyslsqp
	Success                       : True
	Message                       : Optimization terminated successfully
	Status                        : 0
	Objective                     : 1.4650318824003004
	Optimality                    : -7.344371202533395e-06
	Feasibility                   : 0.0
	Gradient norm                 : 0.3868129566356667
	Major iterations              : 23
	Total function evals          : 82
	Total gradient evals          : 22
	Total time                    : 7304.494352340698
	Function eval. time           : 5798.638693300309
	Derivative eval. time         : 1505.815465599997
	Optimizer time                : 0.002746699843555689
	Processing time               : 0.03258589981123805
	Visualization time            : 0.0
	Summary saved in              : unnamed_problem_outputs/2026-04-13_16.50.47.563772/slsqp_summary.out
	Total callbacks               : 104
	Reused callbacks              : 0
	obj callbacks                 : 82
	grad callbacks                : 22
	hess callbacks                : 0
	con callbacks                 : 0
	jac callbacks                 : 0
	Optimal variables             : [ 1.00000000e-01  1.00000000e-01  2.30097074e-01  1.92629738e-01
  1.00000000e-01  1.00000000e-01  1.16359286e-01  1.19861349e-01
  1.00000000e-01  1.00000000e-01  1.00000000e-01  1.67812598e-01
  2.99142770e-01  2.99096697e-01  1.05115283e-01  1.00000000e-01
  1.00000000e-01  1.00000000e-01  1.00000000e-01  1.00000000e-01
 -8.31926971e-02  0.00000000e+00 -1.87139964e-19]
	Optimal obj. gradient         : [ 2.07235722e-01  2.89407493e-01 -9.30032746e-02  7.07330333e-02
  3.09344567e-02  2.65939724e-02  2.22384291e-02  1.80076516e-02
  1.37623118e-02  9.51897072e-03  4.48825262e-02  6.26900241e-02
  1.43980076e-02  1.42693529e-02  6.18768469e-03  5.24607277e-03
  4.30366313e-03  3.38935921e-03  2.47873175e-03  1.56262887e-03
  6.73306816e-03  0.00000000e+00  4.34826341e-23]
	Optimal constraints           : []
	Optimal multipliers (constr.) : []
	Optimal Jacobian              : []
	----------------------------------------------------------------------------------------------------
