
	Solution from PySLSQP:
	----------------------------------------------------------------------------------------------------
	Problem                       : SP1_V5
	Solver                        : pyslsqp
	Success                       : True
	Message                       : Optimization terminated successfully
	Status                        : 0
	Objective                     : 0.6696948990397364
	Optimality                    : -2.5330081254715253e-07
	Feasibility                   : 0.0
	Gradient norm                 : 0.04969654912518115
	Major iterations              : 2
	Total function evals          : 6
	Total gradient evals          : 1
	Total time                    : 470.0675973892212
	Function eval. time           : 470.0549039000107
	Derivative eval. time         : 3.6799996451009065e-05
	Optimizer time                : 0.0003450000149314292
	Processing time               : 0.009784699977899436
	Visualization time            : 0.0
	Summary saved in              : SP1_V5_outputs/2026-04-17_18.10.48.419851/slsqp_summary.out
	Total callbacks               : 7
	Reused callbacks              : 0
	obj callbacks                 : 6
	grad callbacks                : 1
	hess callbacks                : 0
	con callbacks                 : 0
	jac callbacks                 : 0
	Optimal variables             : [ 4.99999918 -1.8464424  -1.86832256  3.00000757  3.00000747 17.70704916
 -0.56636194 -4.07990679 -3.35186614 -3.55793191  5.10959058  1.68830944
  3.96748876  3.15349733  0.51025738]
	Optimal obj. gradient         : [ 0.00322359  0.01240702  0.01318623  0.02047858  0.00720417  0.00206279
 -0.00156346 -0.00014219  0.00049667  0.00625068  0.00380664  0.0370347
 -0.00873666 -0.00458947 -0.01143603]
	Optimal constraints           : []
	Optimal multipliers (constr.) : []
	Optimal Jacobian              : []
	----------------------------------------------------------------------------------------------------
