
	Solution from PySLSQP:
	----------------------------------------------------------------------------------------------------
	Problem                       : SP2_V9
	Solver                        : pyslsqp
	Success                       : True
	Message                       : Optimization terminated successfully
	Status                        : 0
	Objective                     : 0.7213199115741868
	Optimality                    : 4.1476810984556576e-10
	Feasibility                   : 0.0
	Gradient norm                 : 0.0006723840821422738
	Major iterations              : 7
	Total function evals          : 27
	Total gradient evals          : 7
	Total time                    : 1527.511379480362
	Function eval. time           : 1242.4243321999675
	Derivative eval. time         : 285.04311629995937
	Optimizer time                : 0.0007168000447563827
	Processing time               : 0.0431146000046283
	Visualization time            : 0.0
	Summary saved in              : SP2_V9_outputs/2026-04-19_06.54.51.340349/slsqp_summary.out
	Total callbacks               : 34
	Reused callbacks              : 0
	obj callbacks                 : 27
	grad callbacks                : 7
	hess callbacks                : 0
	con callbacks                 : 0
	jac callbacks                 : 0
	Optimal variables             : [2.42304327e-01 3.70238784e-01 2.24377049e+00 5.04023784e+00
 4.56723780e+00 3.20610153e+00 2.15903238e+00 1.16592744e+00
 4.32124467e-01 1.01235358e-01 2.99630123e-01 4.51943375e-01
 5.03396201e-01 1.28120335e+00 1.03409490e+00 7.97318282e-01
 6.05365898e-01 2.47825864e-01 1.00282112e-01 1.00206802e-01
 8.02535765e+00 0.00000000e+00 4.38763318e-21]
	Optimal obj. gradient         : [-2.22731511e-04 -9.94620317e-05 -2.46016834e-05 -8.59431825e-06
 -2.27697630e-05 -1.98629957e-05 -1.69778711e-05 -1.40691121e-05
 -1.10926388e-05 -8.05848391e-06 -6.24331514e-04 -2.14958627e-05
 -4.86371608e-06 -1.36842445e-06 -3.54876970e-06 -3.21511688e-06
 -2.82157759e-06 -2.40523198e-06 -1.92555871e-06 -1.34669250e-06
 -3.52333194e-06  0.00000000e+00 -8.26508742e-25]
	Optimal constraints           : []
	Optimal multipliers (constr.) : []
	Optimal Jacobian              : []
	----------------------------------------------------------------------------------------------------
