
	Solution from PySLSQP:
	----------------------------------------------------------------------------------------------------
	Problem                       : SP2_V9
	Solver                        : pyslsqp
	Success                       : True
	Message                       : Optimization terminated successfully
	Status                        : 0
	Objective                     : 0.5840698192051499
	Optimality                    : -5.9511039096626916e-08
	Feasibility                   : 0.0
	Gradient norm                 : 0.07273877283718018
	Major iterations              : 48
	Total function evals          : 172
	Total gradient evals          : 47
	Total time                    : 11701.324451446533
	Function eval. time           : 9219.984860002296
	Derivative eval. time         : 2481.266547900159
	Optimizer time                : 0.005395300453528762
	Processing time               : 0.06742969714105129
	Visualization time            : 0.0
	Summary saved in              : SP2_V9_outputs/2026-04-30_19.27.15.302723/slsqp_summary.out
	Total callbacks               : 219
	Reused callbacks              : 0
	obj callbacks                 : 172
	grad callbacks                : 47
	hess callbacks                : 0
	con callbacks                 : 0
	jac callbacks                 : 0
	Optimal variables             : [1.68610756e-01 3.88364242e-01 1.32230838e+00 1.60124507e+00
 1.54650841e+00 1.29164619e+00 1.00720692e+00 7.05038711e-01
 3.86700658e-01 1.24813506e-01 1.57865911e-01 3.45772451e-01
 3.53930468e-01 4.50762981e-01 5.14376459e-01 4.10337380e-01
 3.45758533e-01 2.60220261e-01 1.55644537e-01 1.00054085e-01
 1.00000000e+01 0.00000000e+00 6.16856151e-18]
	Optimal obj. gradient         : [ 3.34333592e-02  2.21404956e-02  3.07311363e-03  1.74602255e-03
  3.03612774e-03  2.56274767e-03  2.10435259e-03 -5.94937222e-02
  1.23804997e-03  8.30674673e-04  7.23023134e-03  4.77648717e-03
  6.00987524e-04  3.32948212e-04  5.70560748e-04  4.76824365e-04
  3.87495071e-04 -4.29791702e-03  2.19822018e-04  1.39972450e-04
 -3.70127099e-03  0.00000000e+00 -1.15883282e-22]
	Optimal constraints           : []
	Optimal multipliers (constr.) : []
	Optimal Jacobian              : []
	----------------------------------------------------------------------------------------------------
