
	Solution from PySLSQP:
	----------------------------------------------------------------------------------------------------
	Problem                       : SP1_V7
	Solver                        : pyslsqp
	Success                       : True
	Message                       : Optimization terminated successfully
	Status                        : 0
	Objective                     : 0.670533108310791
	Optimality                    : -6.247272426040951e-07
	Feasibility                   : 0.0
	Gradient norm                 : 0.09101347355399259
	Major iterations              : 3
	Total function evals          : 11
	Total gradient evals          : 2
	Total time                    : 1158.3603489398956
	Function eval. time           : 1018.7763764000847
	Derivative eval. time         : 139.57164819998434
	Optimizer time                : 0.0002344999520573765
	Processing time               : 0.008022999973036349
	Visualization time            : 0.0
	Summary saved in              : SP1_V7_outputs/2026-04-19_02.53.02.383245/slsqp_summary.out
	Total callbacks               : 13
	Reused callbacks              : 0
	obj callbacks                 : 11
	grad callbacks                : 2
	hess callbacks                : 0
	con callbacks                 : 0
	jac callbacks                 : 0
	Optimal variables             : [ 4.99995002 -1.83625405 -1.62432654  3.          3.0000017  17.99981085
 -1.51962203 -4.74389585 -3.75214903 -3.91080478  5.09813368  1.65978241
  3.98179692  3.23031583  0.52535241]
	Optimal obj. gradient         : [ 0.02841375  0.01401238  0.00332415  0.07001862  0.01534435  0.00481658
 -0.01210617 -0.00528948  0.00086623  0.02542667 -0.00561195 -0.00020002
 -0.02787126 -0.02155112  0.00358637]
	Optimal constraints           : []
	Optimal multipliers (constr.) : []
	Optimal Jacobian              : []
	----------------------------------------------------------------------------------------------------
