
	Solution from PySLSQP:
	----------------------------------------------------------------------------------------------------
	Problem                       : SP1_V5
	Solver                        : pyslsqp
	Success                       : True
	Message                       : Optimization terminated successfully
	Status                        : 0
	Objective                     : 0.6698716164058123
	Optimality                    : -5.101500636373046e-07
	Feasibility                   : 0.0
	Gradient norm                 : 0.22954385035353403
	Major iterations              : 2
	Total function evals          : 6
	Total gradient evals          : 1
	Total time                    : 395.3762786388397
	Function eval. time           : 395.3717835999996
	Derivative eval. time         : 1.8799997633323073e-05
	Optimizer time                : 0.00011959997937083244
	Processing time               : 0.004839500033995137
	Visualization time            : 0.0
	Summary saved in              : SP1_V5_outputs/2026-04-18_00.00.34.409564/slsqp_summary.out
	Total callbacks               : 7
	Reused callbacks              : 0
	obj callbacks                 : 6
	grad callbacks                : 1
	hess callbacks                : 0
	con callbacks                 : 0
	jac callbacks                 : 0
	Optimal variables             : [ 4.99998936 -1.84817085 -1.86987916  3.          3.         17.70545727
 -0.56102666 -4.07160009 -3.34889764 -3.55945782  5.10729007  1.68271438
  3.9680122   3.15211303  0.49845246]
	Optimal obj. gradient         : [ 0.10635823  0.05798202  0.00468979  0.05234725  0.06565609  0.02487456
  0.00678324  0.00217419 -0.000936   -0.00295614  0.14094409  0.03348754
  0.0002303   0.01131249 -0.09565388]
	Optimal constraints           : []
	Optimal multipliers (constr.) : []
	Optimal Jacobian              : []
	----------------------------------------------------------------------------------------------------
