
	Solution from PySLSQP:
	----------------------------------------------------------------------------------------------------
	Problem                       : unnamed_problem
	Solver                        : pyslsqp
	Success                       : True
	Message                       : Optimization terminated successfully
	Status                        : 0
	Objective                     : 0.8417928230451335
	Optimality                    : -4.057642243870951e-06
	Feasibility                   : 0.0
	Gradient norm                 : 0.23648685447031503
	Major iterations              : 17
	Total function evals          : 76
	Total gradient evals          : 16
	Total time                    : 3142.867611169815
	Function eval. time           : 2623.6690850997693
	Derivative eval. time         : 519.1692429000395
	Optimizer time                : 0.002410499902907759
	Processing time               : 0.029094600293319672
	Visualization time            : 0.0
	Summary saved in              : unnamed_problem_outputs/2026-04-10_20.46.50.826271/slsqp_summary.out
	Total callbacks               : 92
	Reused callbacks              : 0
	obj callbacks                 : 76
	grad callbacks                : 16
	hess callbacks                : 0
	con callbacks                 : 0
	jac callbacks                 : 0
	Optimal variables             : [ 1.00000000e-01  1.00000000e-01  1.15735900e-01  1.16609099e-01
  1.02161753e-01  1.00000000e-01  1.00000000e-01  1.00000000e-01
  1.00000000e-01  1.00000000e-01  1.02582159e-01  1.55604658e-01
  1.42544879e-01  1.38621888e-01  1.13161986e-01  1.00000000e-01
  1.00000000e-01  1.00000000e-01  1.00000000e-01  1.00000000e-01
  2.35340455e-02  0.00000000e+00 -1.51265682e-21]
	Optimal obj. gradient         : [ 1.69162570e-01  1.27631952e-01 -9.09156925e-02  1.25395421e-02
  1.16248689e-02  9.78026214e-03  7.95195970e-03  6.12697848e-03
  4.31344095e-03  2.51635670e-03  3.66280832e-02  2.76419917e-02
 -9.06340508e-03  2.56978001e-03  2.36443765e-03  1.96857165e-03
  1.57754377e-03  1.18764002e-03  8.00380933e-04  4.16633458e-04
 -5.66673548e-03  0.00000000e+00  1.20605046e-21]
	Optimal constraints           : []
	Optimal multipliers (constr.) : []
	Optimal Jacobian              : []
	----------------------------------------------------------------------------------------------------
