
	Solution from PySLSQP:
	----------------------------------------------------------------------------------------------------
	Problem                       : SP2_V10
	Solver                        : pyslsqp
	Success                       : True
	Message                       : Optimization terminated successfully
	Status                        : 0
	Objective                     : 0.4938634561401979
	Optimality                    : -7.83304818785524e-08
	Feasibility                   : 0.0
	Gradient norm                 : 0.08764742464389134
	Major iterations              : 15
	Total function evals          : 51
	Total gradient evals          : 14
	Total time                    : 3382.1874947547913
	Function eval. time           : 2685.3665500001516
	Derivative eval. time         : 696.8008707999252
	Optimizer time                : 0.0015532998368144035
	Processing time               : 0.020298800081945956
	Visualization time            : 0.0
	Summary saved in              : SP2_V10_outputs/2026-05-01_01.00.04.394426/slsqp_summary.out
	Total callbacks               : 65
	Reused callbacks              : 0
	obj callbacks                 : 51
	grad callbacks                : 14
	hess callbacks                : 0
	con callbacks                 : 0
	jac callbacks                 : 0
	Optimal variables             : [1.00000000e-01 1.46800032e-01 7.48940894e-01 1.35179946e+00
 1.30939393e+00 1.06278439e+00 7.94045625e-01 5.23670818e-01
 2.67120763e-01 1.00000000e-01 1.00000000e-01 1.11052710e-01
 1.42769056e-01 1.88027662e-01 1.99285349e-01 1.73808762e-01
 1.44456670e-01 1.00086225e-01 1.04038558e-01 1.00000000e-01
 1.95173079e-02 0.00000000e+00 3.40686689e-22]
	Optimal obj. gradient         : [ 1.94794107e-02 -8.45174776e-02  1.70825469e-03  8.32701489e-04
  2.23663153e-03  1.96605144e-03  1.69735015e-03  1.42737427e-03
  1.15748818e-03  8.89037085e-04  4.21426859e-03 -1.10205312e-02
  3.39396430e-04  1.56441784e-04  4.12964882e-04  3.60155266e-04
  3.08798677e-04  2.57133031e-04  2.05362914e-04  1.51386873e-04
 -1.13929230e-04  0.00000000e+00 -1.63970347e-23]
	Optimal constraints           : []
	Optimal multipliers (constr.) : []
	Optimal Jacobian              : []
	----------------------------------------------------------------------------------------------------
