
	Solution from PySLSQP:
	----------------------------------------------------------------------------------------------------
	Problem                       : SP2_V7
	Solver                        : pyslsqp
	Success                       : True
	Message                       : Optimization terminated successfully
	Status                        : 0
	Objective                     : 0.6704331743686929
	Optimality                    : -2.6471207115186246e-08
	Feasibility                   : 0.0
	Gradient norm                 : 0.024935816504597013
	Major iterations              : 2
	Total function evals          : 7
	Total gradient evals          : 1
	Total time                    : 610.7988424301147
	Function eval. time           : 610.790927199967
	Derivative eval. time         : 2.13000166695565e-05
	Optimizer time                : 0.00013800000306218863
	Processing time               : 0.006969000009121373
	Visualization time            : 0.0
	Summary saved in              : SP2_V7_outputs/2026-04-19_09.53.39.195117/slsqp_summary.out
	Total callbacks               : 8
	Reused callbacks              : 0
	obj callbacks                 : 7
	grad callbacks                : 1
	hess callbacks                : 0
	con callbacks                 : 0
	jac callbacks                 : 0
	Optimal variables             : [3.71469235e-01 5.07717425e-01 2.55763184e+00 5.27748298e+00
 5.02054763e+00 3.56488028e+00 2.34599646e+00 1.35477338e+00
 6.21410620e-01 2.13469634e-01 4.75875550e-01 6.40418738e-01
 7.23011367e-01 1.48445168e+00 1.23911298e+00 1.00762479e+00
 8.03248128e-01 4.45143920e-01 2.69984772e-01 1.98831370e-01
 9.97482699e+00 0.00000000e+00 2.09443288e-20]
	Optimal obj. gradient         : [ 1.71872946e-02  1.28090729e-02  3.22608525e-03  1.49243309e-03
 -4.28332273e-03  3.10988807e-03  2.46647947e-03  1.89030706e-03
  1.37625650e-03  9.27242145e-04  3.71342405e-03  2.76310774e-03
  6.16745213e-04  2.36320782e-04  1.52592809e-05  4.95310945e-04
  4.07288616e-04  3.20028697e-04  2.35434027e-04  1.53732012e-04
 -9.31676901e-03  0.00000000e+00 -7.43017891e-22]
	Optimal constraints           : []
	Optimal multipliers (constr.) : []
	Optimal Jacobian              : []
	----------------------------------------------------------------------------------------------------
