
	Solution from PySLSQP:
	----------------------------------------------------------------------------------------------------
	Problem                       : SP2_V8
	Solver                        : pyslsqp
	Success                       : True
	Message                       : Optimization terminated successfully
	Status                        : 0
	Objective                     : 0.6859110235041617
	Optimality                    : 9.391813043451498e-07
	Feasibility                   : 0.0
	Gradient norm                 : 0.0009691136365040742
	Major iterations              : 2
	Total function evals          : 5
	Total gradient evals          : 2
	Total time                    : 177.5809519290924
	Function eval. time           : 141.99629149999237
	Derivative eval. time         : 35.56602959998418
	Optimizer time                : 0.00013960001524537802
	Processing time               : 0.013590599992312491
	Visualization time            : 0.0
	Summary saved in              : SP2_V8_outputs/2026-04-18_00.20.47.944894/slsqp_summary.out
	Total callbacks               : 7
	Reused callbacks              : 0
	obj callbacks                 : 5
	grad callbacks                : 2
	hess callbacks                : 0
	con callbacks                 : 0
	jac callbacks                 : 0
	Optimal variables             : [ 4.45692374e-01  5.70294795e-01  2.44899751e+00  5.24160944e+00
  4.77667806e+00  3.40895467e+00  2.36106784e+00  1.36721409e+00
  6.31239993e-01  2.20720750e-01  4.92686255e-01  6.54016957e-01
  7.04365501e-01  1.48144919e+00  1.22352537e+00  9.97833259e-01
  8.05739163e-01  4.47250957e-01  2.71666281e-01  2.00033437e-01
  9.00489808e+00  0.00000000e+00 -3.68550685e-22]
	Optimal obj. gradient         : [-1.72969924e-04 -7.75281046e-05 -1.17161227e-05 -4.53292863e-06
  6.36298167e-04  1.45256460e-05  2.54631501e-05  3.21171679e-05
  3.43568927e-05  3.21570974e-05 -3.73455340e-05 -1.67106041e-05
 -2.24370512e-06 -7.13746952e-07  4.48113171e-05  2.32429755e-06
  4.17896086e-06  5.41229264e-06  5.85824662e-06  5.31990132e-06
  7.00222253e-04  0.00000000e+00  5.22020338e-23]
	Optimal constraints           : []
	Optimal multipliers (constr.) : []
	Optimal Jacobian              : []
	----------------------------------------------------------------------------------------------------
