
	Solution from PySLSQP:
	----------------------------------------------------------------------------------------------------
	Problem                       : SP2_V5
	Solver                        : pyslsqp
	Success                       : True
	Message                       : Optimization terminated successfully
	Status                        : 0
	Objective                     : 0.6695871307723977
	Optimality                    : -6.779091729081088e-07
	Feasibility                   : 0.0
	Gradient norm                 : 0.18880995904919684
	Major iterations              : 3
	Total function evals          : 18
	Total gradient evals          : 2
	Total time                    : 1281.289909362793
	Function eval. time           : 1208.147593900023
	Derivative eval. time         : 73.12172219999775
	Optimizer time                : 0.00040569997509010136
	Processing time               : 0.007260400001541711
	Visualization time            : 0.0
	Summary saved in              : SP2_V5_outputs/2026-04-17_21.58.23.990982/slsqp_summary.out
	Total callbacks               : 20
	Reused callbacks              : 0
	obj callbacks                 : 18
	grad callbacks                : 2
	hess callbacks                : 0
	con callbacks                 : 0
	jac callbacks                 : 0
	Optimal variables             : [ 3.46961579e-01  4.70831598e-01  2.34665960e+00  5.14163810e+00
  4.67169879e+00  3.30907610e+00  2.26089070e+00  1.26699348e+00
  5.31005485e-01  1.20502060e-01  3.92941159e-01  5.54127215e-01
  6.03972302e-01  1.38145364e+00  1.12317370e+00  8.97832996e-01
  7.05709999e-01  3.47213711e-01  1.71626240e-01  1.00000000e-01
  9.99999997e+00  0.00000000e+00 -3.51488470e-14]
	Optimal obj. gradient         : [ 2.03435818e-02 -1.86121800e-01  3.74020187e-03  1.69667486e-03
  4.35018143e-03  3.61203879e-03  2.93248463e-03  2.30978918e-03
  1.73716703e-03  1.21774978e-03  4.39588565e-03 -2.09564493e-02
  7.21315394e-04  2.70585234e-04  6.79339925e-04  5.85310004e-04
  4.87110014e-04  3.93743359e-04  2.99725411e-04  2.04423961e-04
 -8.14387755e-03  0.00000000e+00  1.73254656e-19]
	Optimal constraints           : []
	Optimal multipliers (constr.) : []
	Optimal Jacobian              : []
	----------------------------------------------------------------------------------------------------
