
	Solution from PySLSQP:
	----------------------------------------------------------------------------------------------------
	Problem                       : SP1_V7
	Solver                        : pyslsqp
	Success                       : True
	Message                       : Optimization terminated successfully
	Status                        : 0
	Objective                     : 0.6703087844667519
	Optimality                    : -8.263519546414244e-07
	Feasibility                   : 0.0
	Gradient norm                 : 0.026973302782056032
	Major iterations              : 18
	Total function evals          : 27
	Total gradient evals          : 17
	Total time                    : 2541.1634340286255
	Function eval. time           : 1394.8266867000348
	Derivative eval. time         : 1146.31378760004
	Optimizer time                : 0.0011227000213693827
	Processing time               : 0.023558299901196733
	Visualization time            : 0.0
	Summary saved in              : SP1_V7_outputs/2026-04-17_21.34.37.750200/slsqp_summary.out
	Total callbacks               : 44
	Reused callbacks              : 0
	obj callbacks                 : 27
	grad callbacks                : 17
	hess callbacks                : 0
	con callbacks                 : 0
	jac callbacks                 : 0
	Optimal variables             : [ 5.         -1.86167646 -1.57185665  3.          3.         18.07015232
 -1.62718308 -4.87979491 -3.74796295 -3.97591921  5.09008773  1.65785687
  3.97324709  3.22969386  0.52138044]
	Optimal obj. gradient         : [-1.97405167e-02  2.14626739e-03  8.05950918e-04  1.48348558e-02
  8.91415017e-03  1.29074106e-03  8.51791792e-04  6.91357363e-04
  9.98243696e-04 -1.65341526e-03  5.28417655e-04  4.24403302e-03
 -7.99854525e-05 -5.02607651e-05 -2.86011335e-03]
	Optimal constraints           : []
	Optimal multipliers (constr.) : []
	Optimal Jacobian              : []
	----------------------------------------------------------------------------------------------------
