
	Solution from PySLSQP:
	----------------------------------------------------------------------------------------------------
	Problem                       : SP1_V3
	Solver                        : pyslsqp
	Success                       : True
	Message                       : Optimization terminated successfully
	Status                        : 0
	Objective                     : 1.1106069989926608
	Optimality                    : -7.690491288236956e-07
	Feasibility                   : 0.0
	Gradient norm                 : 0.6264725258143617
	Major iterations              : 174
	Total function evals          : 237
	Total gradient evals          : 173
	Total time                    : 17509.923855543137
	Function eval. time           : 8498.138591099181
	Derivative eval. time         : 9010.51117679826
	Optimizer time                : 0.01012169977184385
	Processing time               : 0.19771830271929502
	Visualization time            : 0.0
	Summary saved in              : SP1_V3_outputs/2026-04-16_17.35.13.411559/slsqp_summary.out
	Total callbacks               : 410
	Reused callbacks              : 0
	obj callbacks                 : 237
	grad callbacks                : 173
	hess callbacks                : 0
	con callbacks                 : 0
	jac callbacks                 : 0
	Optimal variables             : [ 5.         -8.95458338 -8.43399768  4.36065292  5.27102262  8.
  7.5779699   4.90029481  6.06422351  6.05478909 11.98427002  1.49857258
  3.07213885  1.44340379  0.29472719]
	Optimal obj. gradient         : [ 0.46498575  0.1952578   0.08231603  0.1523511   0.13066154  0.0660707
 -0.00087327  0.0010288   0.00317021 -0.00960928  0.01130804  0.08661404
  0.01950723  0.02062311 -0.27958182]
	Optimal constraints           : []
	Optimal multipliers (constr.) : []
	Optimal Jacobian              : []
	----------------------------------------------------------------------------------------------------
