
	Solution from PySLSQP:
	----------------------------------------------------------------------------------------------------
	Problem                       : unnamed_problem
	Solver                        : pyslsqp
	Success                       : False
	Message                       : Iteration limit reached
	Status                        : 9
	Objective                     : 636.6038394435946
	Optimality                    : 7658.049351567663
	Feasibility                   : 0.0
	Gradient norm                 : 905.5600068255317
	Major iterations              : 2
	Total function evals          : 4
	Total gradient evals          : 2
	Total time                    : 108.12440323829651
	Function eval. time           : 74.24040680000326
	Derivative eval. time         : 33.891317700006766
	Optimizer time                : 0.00014559997362084687
	Processing time               : 0.003910700004780665
	Visualization time            : 0.0
	Summary saved in              : unnamed_problem_outputs/2026-04-09_16.54.30.025598/slsqp_summary.out
	Total callbacks               : 6
	Reused callbacks              : 0
	obj callbacks                 : 4
	grad callbacks                : 2
	hess callbacks                : 0
	con callbacks                 : 0
	jac callbacks                 : 0
	Optimal variables             : [ 2.74917909 -2.25082091 -2.25082091  4.55086328  4.52263194 14.11064803
 -1.58758019  0.48562431  0.42255217 -1.36282459  5.31777387  2.65984332
  4.2887218   0.76790977  1.01286941]
	Optimal obj. gradient         : [-5.30972033e+02 -1.99667152e+02 -7.34874984e+01  3.33335174e+01
 -4.89709575e+01 -1.19305763e+01 -1.50106363e+00  1.51801013e+01
  1.40945634e+01 -5.40660421e+01 -2.96401892e+02 -1.18757790e+02
  6.25237799e+01  4.46973919e-01  6.16414817e+02]
	Optimal constraints           : []
	Optimal multipliers (constr.) : []
	Optimal Jacobian              : []
	----------------------------------------------------------------------------------------------------
