
	Solution from PySLSQP:
	----------------------------------------------------------------------------------------------------
	Problem                       : SP2_V9
	Solver                        : pyslsqp
	Success                       : True
	Message                       : Optimization terminated successfully
	Status                        : 0
	Objective                     : 0.7489345189578083
	Optimality                    : 4.8619537515419094e-09
	Feasibility                   : 0.0
	Gradient norm                 : 0.006306505562862472
	Major iterations              : 5
	Total function evals          : 12
	Total gradient evals          : 5
	Total time                    : 534.946314573288
	Function eval. time           : 392.5685843999381
	Derivative eval. time         : 142.3520295000635
	Optimizer time                : 0.0003983001224696636
	Processing time               : 0.02757249987917021
	Visualization time            : 0.0
	Summary saved in              : SP2_V9_outputs/2026-04-18_18.21.59.995366/slsqp_summary.out
	Total callbacks               : 17
	Reused callbacks              : 0
	obj callbacks                 : 12
	grad callbacks                : 5
	hess callbacks                : 0
	con callbacks                 : 0
	jac callbacks                 : 0
	Optimal variables             : [2.43979088e-01 3.70223751e-01 2.24354796e+00 5.04016715e+00
 4.56753513e+00 3.20553783e+00 2.15832063e+00 1.16511830e+00
 4.31346733e-01 1.00543880e-01 2.96512678e-01 4.51940118e-01
 5.03352409e-01 1.28119217e+00 1.02245301e+00 7.97227401e-01
 6.05247933e-01 2.46873365e-01 1.00146342e-01 1.00090930e-01
 8.01183726e+00 0.00000000e+00 3.38560600e-21]
	Optimal obj. gradient         : [ 9.38741845e-05  7.34481650e-05  1.14151432e-05  4.97163234e-06
  9.71278836e-06  8.39263768e-06  7.07350099e-06  5.75218070e-06
  1.68059709e-04  3.04363692e-06  2.03036800e-05  1.58684459e-05
  2.23280790e-06  8.18314033e-07  1.56678276e-06  1.39645499e-06
  1.20121196e-06  9.98477877e-07 -6.30305240e-03  5.08862144e-07
  1.66301058e-06  0.00000000e+00  5.31917317e-26]
	Optimal constraints           : []
	Optimal multipliers (constr.) : []
	Optimal Jacobian              : []
	----------------------------------------------------------------------------------------------------
