
	Solution from Scipy SLSQP:
	----------------------------------------------------------------------------------------------------
	Problem                  : attitude_opt
	Solver                   : scipy-slsqp
	Success                  : False
	Message                  : Positive directional derivative for linesearch
	Status                   : 8
	Total time               : 4557.605731964111
	Objective                : 3.2787092258820344e-07
	Gradient norm            : 1.4236206720010084e-06
	Total function evals     : 617
	Total gradient evals     : 64
	Major iterations         : 68
	Total callbacks          : 1363
	Reused callbacks         : 0
	obj callbacks            : 617
	grad callbacks           : 64
	hess callbacks           : 0
	con callbacks            : 618
	jac callbacks            : 64
	Optimal variables        : [ 1.          1.20371217  0.83837005  1.00304279  0.93262841  0.8912323
  0.89678602  0.88096694  0.86214046  0.84494876  0.82801493  0.81107394
  0.7941258   0.77717667  0.76022636  0.74327599  0.72632629  0.70937615
  0.69242619  0.67547552  0.65852658  0.64157634  0.62462628  0.60767728
  0.59072693  0.57377676  0.55682748  0.53987677  0.52292771  0.5059781
  0.48902792  0.47207871  0.4551286   0.43817927  0.42122985  0.4042791
  0.38733107  0.37038039  0.35343149  0.33648195  0.31953219  0.30258331
  0.28563303  0.2686836   0.25173467  0.23478543  0.21783545  0.20088642
  0.18393665  0.16699438  0.15009857  0.13318886  0.11416761  0.09304357
  0.08966918  0.11105679  0.02253607 -0.39533058  0.32456699  0.
  1.          0.84930886  1.01680684  0.95584937  0.92654785  0.91522517
  0.8989446   0.88182009  0.86481553  0.84786287  0.83091193  0.81396588
  0.79701787  0.78006687  0.76310938  0.74616374  0.72921648  0.71226607
  0.69531679  0.67837528  0.66141207  0.64446677  0.62751706  0.61057024
  0.59361759  0.57666923  0.55972203  0.54276886  0.52582408  0.50886907
  0.49192931  0.47496562  0.45802416  0.44107783  0.42413099  0.40717532
  0.39022832  0.37328325  0.35632572  0.33937915  0.32243267  0.30547631
  0.28853371  0.27157151  0.25462741  0.23767918  0.22072947  0.20377949
  0.18682759  0.16988959  0.15293441  0.13598634  0.11897379  0.10171362
  0.0844229   0.07398924  0.05822636 -0.01599123  0.05095596  0.
  1.          0.84077523  1.0177429   0.95688744  0.92584224  0.9148893
  0.89867017  0.88150911  0.86449622  0.84754422  0.8305933   0.81364238
  0.79669167  0.77974058  0.76279014  0.74583906  0.72888799  0.71193718
  0.69498672  0.67803559  0.66108459  0.64413399  0.62718318  0.61023187
  0.59328115  0.57633059  0.55937912  0.54242795  0.52547732  0.50852628
  0.49157554  0.47462523  0.45767407  0.44072284  0.423772    0.40682115
  0.38987076  0.37291933  0.35596849  0.33901766  0.32206692  0.30511593
  0.28816487  0.27121413  0.25426326  0.23731241  0.22036163  0.20341057
  0.18645963  0.16950878  0.15255872  0.13560919  0.11859558  0.1012679
  0.08373702  0.07381978  0.06257208  0.00363326  0.04819574  0.        ]
	Optimal obj. gradient    : [-3.69033654e-07  5.62002030e-07 -2.02290328e-07  1.11929617e-08
  4.34343155e-09 -1.14970246e-08  5.43198869e-09  6.67626486e-10
 -8.37231339e-10 -3.60014449e-11  5.00581169e-11  6.68809258e-12
 -3.90633374e-13 -4.03165175e-14 -4.73123169e-14 -1.35425220e-13
  7.83748313e-14 -1.70433958e-14  1.33742796e-13 -3.05749765e-13
  2.62604744e-13 -2.62810810e-14 -2.16352487e-13  2.56670114e-13
 -5.07352989e-14 -1.66399731e-13  2.90473728e-13 -2.95963002e-13
  1.09547467e-13  1.08256396e-13 -1.83705805e-13  1.78282030e-13
 -1.54399795e-13  3.11185556e-14  2.43866978e-13 -4.89663385e-13
  4.97522115e-13 -3.19198591e-13  1.10772053e-13  4.87398134e-14
 -1.81709602e-13  2.66644960e-13 -1.38656480e-13 -9.23365410e-14
  7.24301230e-14  1.20765635e-13 -2.00873153e-14  1.53773786e-12
  5.98606153e-13 -5.62053394e-11 -1.35507353e-10  6.09559020e-10
  1.52740857e-09 -4.02987650e-09 -1.50062709e-08  3.71756586e-08
  1.00448055e-08 -3.90684369e-07  9.82130545e-07 -6.21577966e-07
  6.00892722e-08 -8.83443285e-08  2.60456070e-08  3.78604971e-09
 -2.14705980e-09  5.33321025e-10  8.25276988e-11 -4.15048424e-11
 -5.39063066e-12  1.24091173e-12  1.23234593e-13  5.79206806e-14
  1.07439720e-13  2.88858702e-13 -5.16010712e-13  1.15264587e-13
  2.14832518e-13 -1.25422099e-13 -3.91037377e-13  9.75704277e-13
 -8.11053292e-13  2.06711510e-13 -7.46192719e-14  2.50872196e-13
 -2.09934020e-13 -4.18284222e-14  2.65729720e-13 -3.55770444e-13
  4.16637973e-13 -6.90571438e-13  1.10518335e-12 -9.58635670e-13
  2.01261317e-13  5.19862527e-14  3.63433905e-13 -4.38336986e-13
 -9.18532664e-14  6.02788698e-13 -5.42451105e-13  1.59841911e-14
  4.24946188e-13 -6.64660969e-13  9.08944642e-13 -7.82824849e-13
  1.98447476e-13  9.74226437e-14  2.96038086e-14  9.95935409e-14
 -6.25090688e-13  4.02398850e-13 -2.48620034e-12 -6.74515432e-13
  4.75724387e-11  3.96319254e-11 -6.29617801e-10  6.50972413e-10
  9.03657679e-10 -1.18017694e-08  3.03054865e-08 -1.95127130e-08
  6.36120788e-08 -9.34391632e-08  2.73795975e-08  4.17061657e-09
 -2.32338889e-09  5.54337352e-10  9.52604265e-11 -4.51971354e-11
 -6.00189266e-12  1.48389905e-12  3.71311128e-13 -6.44724856e-16
  1.78798259e-14 -3.10454732e-14  2.77347410e-14  1.23331838e-15
 -1.25044161e-14 -1.48685697e-14  3.09477106e-14 -6.35388258e-15
 -2.06326870e-14  9.74847944e-15  2.38265639e-14 -2.95484027e-14
 -9.87462236e-15  4.18600812e-14 -1.56742652e-14 -2.27008316e-14
  2.72632448e-14 -1.17993598e-14 -2.32324326e-14  3.64781911e-14
 -2.51056833e-16 -1.59247575e-14  2.66813697e-15 -2.06949367e-14
  4.56931667e-14 -2.71213734e-14 -8.53544155e-16 -2.37211417e-15
  1.02199172e-14  3.22067862e-15 -1.44058135e-14  7.82304025e-15
 -6.30554699e-16 -5.45820146e-15  1.19302455e-14 -5.80447501e-16
  7.42149883e-15 -3.97915609e-13 -2.54411129e-12 -2.37597749e-12
  5.23769851e-11  7.63375055e-11 -5.51052054e-10  3.53140791e-10
  5.48574006e-10 -9.16101921e-09  2.56593932e-08 -1.69724467e-08]
	----------------------------------------------------------------------------------------------------
