
	Solution from PySLSQP:
	----------------------------------------------------------------------------------------------------
	Problem                       : unnamed_problem
	Solver                        : pyslsqp
	Success                       : True
	Message                       : Optimization terminated successfully
	Status                        : 0
	Objective                     : 1.5507054684275248
	Optimality                    : 2.817891083092703e-06
	Feasibility                   : 0.0
	Gradient norm                 : 0.14947467200604117
	Major iterations              : 143
	Total function evals          : 187
	Total gradient evals          : 143
	Total time                    : 29991.895078659058
	Function eval. time           : 14557.985961799859
	Derivative eval. time         : 15428.626276299707
	Optimizer time                : 0.009777300641871989
	Processing time               : 0.1811289998004213
	Visualization time            : 0.0
	Summary saved in              : unnamed_problem_outputs/2026-04-12_10.53.55.918748/slsqp_summary.out
	Total callbacks               : 330
	Reused callbacks              : 0
	obj callbacks                 : 187
	grad callbacks                : 143
	hess callbacks                : 0
	con callbacks                 : 0
	jac callbacks                 : 0
	Optimal variables             : [ 5.00000000e+00 -6.15947618e+00 -1.00000000e+01  3.00000000e+00
  6.93828612e+00  9.35897964e+00 -3.42206389e+00 -1.14334996e+00
  6.99774789e+00  4.20887447e+00  7.80284889e+00  1.49857258e+00
  2.93417519e+00  2.96334299e+00 -8.37479133e-03]
	Optimal obj. gradient         : [-9.58775606e-02 -1.66939562e-02  4.68060368e-03  1.02802314e-01
 -1.66135277e-03  6.24166099e-03 -5.14848078e-05  4.61402616e-04
 -2.65674221e-02 -3.97196834e-03 -1.68621397e-02 -3.26113676e-02
 -1.01358654e-02 -3.81770161e-03 -7.25099212e-03]
	Optimal constraints           : []
	Optimal multipliers (constr.) : []
	Optimal Jacobian              : []
	----------------------------------------------------------------------------------------------------
