
	Solution from PySLSQP:
	----------------------------------------------------------------------------------------------------
	Problem                       : unnamed_problem
	Solver                        : pyslsqp
	Success                       : True
	Message                       : Optimization terminated successfully
	Status                        : 0
	Objective                     : 1.1519489382385693
	Optimality                    : -7.901765350482037e-06
	Feasibility                   : 0.0
	Gradient norm                 : 0.04343893602594703
	Major iterations              : 25
	Total function evals          : 83
	Total gradient evals          : 24
	Total time                    : 8977.564504861832
	Function eval. time           : 7010.518607999547
	Derivative eval. time         : 1967.0046831999207
	Optimizer time                : 0.0030141008319333196
	Processing time               : 0.039171899668872356
	Visualization time            : 0.0
	Summary saved in              : unnamed_problem_outputs/2026-04-14_10.54.49.692798/slsqp_summary.out
	Total callbacks               : 107
	Reused callbacks              : 0
	obj callbacks                 : 83
	grad callbacks                : 24
	hess callbacks                : 0
	con callbacks                 : 0
	jac callbacks                 : 0
	Optimal variables             : [ 1.00000081e-01  1.00000000e-01  2.56000119e-01  3.39036180e-01
  1.00000000e-01  1.00000000e-01  1.12337646e-01  1.05663204e-01
  1.00000000e-01  1.00000000e-01  1.11217537e-01  1.26051825e-01
  2.67844672e-01  2.36840363e-01  1.47880380e-01  1.00000000e-01
  1.00000000e-01  1.00000000e-01  1.00000000e-01  1.00000000e-01
 -8.60265519e-02  0.00000000e+00  1.03219896e-19]
	Optimal obj. gradient         : [ 2.25495677e-02  2.09241308e-02  1.08775464e-02  2.27572112e-03
  2.08125779e-03  1.82311596e-03  1.57508418e-03  1.33475536e-03
  1.09939502e-03  8.68798654e-04  4.88327124e-03  4.53222560e-03
  2.29767188e-03  2.72445275e-02  4.13968557e-04  3.56554229e-04
  3.01754234e-04  2.48965122e-04  1.97267345e-04  1.46435536e-04
 -3.28858370e-03  0.00000000e+00  7.47621890e-22]
	Optimal constraints           : []
	Optimal multipliers (constr.) : []
	Optimal Jacobian              : []
	----------------------------------------------------------------------------------------------------
