MAJOR  NFEV  NGEV           OBJFUN            GNORM            CNORM             FEAS              OPT             STEP 
    0     1     1     8.882917E+03     6.221527E+03     0.000000E+00     9.900000E+01     9.900000E+01     9.900000E+01 
    1     2     1     8.392712E+03     6.221527E+03     0.000000E+00     0.000000E+00     0.000000E+00     1.000000E+00 
    2     5     2     1.143919E+03     7.846147E+03     0.000000E+00     0.000000E+00     0.000000E+00     1.000000E+00 
    3     8     3     6.576953E+02     8.045243E+02     0.000000E+00     0.000000E+00     0.000000E+00     1.000000E+00 
    4    11     4     9.416013E+02     1.629071E+02     0.000000E+00     0.000000E+00     0.000000E+00     1.000000E+00 
    5    13     5     4.655977E+04     6.166744E+01     0.000000E+00     0.000000E+00     0.000000E+00     1.000000E+00 
    6    16     6     5.918412E+02     1.596366E+01     0.000000E+00     0.000000E+00     0.000000E+00     1.000000E+00 
    7    18     7     2.173402E+03     1.313293E+01     0.000000E+00     0.000000E+00     0.000000E+00     1.000000E+00 
    8    20     8     7.709906E+00     4.755503E+01     0.000000E+00     0.000000E+00     0.000000E+00     1.000000E+00 
    9    22     9     3.665348E+00     2.316857E+01     0.000000E+00     0.000000E+00     0.000000E+00     1.000000E+00 
   10    24    10     3.138027E+00     3.256838E+01     0.000000E+00     0.000000E+00     0.000000E+00     1.000000E+00 
   11    26    11     7.319159E+00     6.562997E+00     0.000000E+00     0.000000E+00     0.000000E+00     1.000000E+00 
   12    28    12     2.410315E+00     8.166145E+00     0.000000E+00     0.000000E+00     0.000000E+00     1.000000E+00 
   13    30    13     1.981238E+00     8.714416E+00     0.000000E+00     0.000000E+00     0.000000E+00     1.000000E+00 
   14    31    14     1.605825E+00     5.399439E+00     0.000000E+00     0.000000E+00     0.000000E+00     1.000000E+00 
   15    32    15     1.653871E+00     7.522776E+00     0.000000E+00     0.000000E+00     0.000000E+00     1.000000E+00 
   16    34    16     1.546148E+00     1.819104E+00     0.000000E+00     0.000000E+00     0.000000E+00     1.000000E+00 
   17    35    17     1.528823E+00     6.636732E-01     0.000000E+00     0.000000E+00     0.000000E+00     1.000000E+00 
   18    36    18     1.472635E+00     1.459678E+00     0.000000E+00     0.000000E+00     0.000000E+00     1.000000E+00 
   19    37    19     1.430028E+00     1.421756E+00     0.000000E+00     0.000000E+00     0.000000E+00     1.000000E+00 
   20    38    20     1.363694E+00     8.096741E+00     0.000000E+00     0.000000E+00     0.000000E+00     1.000000E+00 
   21    39    21     1.337846E+00     6.510159E+00     0.000000E+00     0.000000E+00     0.000000E+00     1.000000E+00 
   22    40    22     1.315161E+00     2.589212E+00     0.000000E+00     0.000000E+00     0.000000E+00     1.000000E+00 
   23    41    23     1.297246E+00     7.766741E-01     0.000000E+00     0.000000E+00     0.000000E+00     1.000000E+00 
   24    42    24     1.264664E+00     2.731423E+00     0.000000E+00     0.000000E+00     0.000000E+00     1.000000E+00 
   25    43    25     1.260718E+00     2.049900E+00     0.000000E+00     0.000000E+00     0.000000E+00     1.000000E+00 
   26    45    26     1.234175E+00     2.925845E+00     0.000000E+00     0.000000E+00     0.000000E+00     1.000000E+00 
   27    46    27     1.231183E+00     1.521830E+00     0.000000E+00     0.000000E+00     0.000000E+00     1.000000E+00 
   28    47    28     1.228229E+00     7.706994E-01     0.000000E+00     0.000000E+00     0.000000E+00     1.000000E+00 
   29    48    29     1.222926E+00     3.278627E+00     0.000000E+00     0.000000E+00     0.000000E+00     1.000000E+00 
   30    49    30     1.221803E+00     1.161886E+00     0.000000E+00     0.000000E+00     0.000000E+00     1.000000E+00 
   31    50    31     1.218511E+00     2.011241E-01     0.000000E+00     0.000000E+00     0.000000E+00     1.000000E+00 
   32    51    32     1.213601E+00     1.721900E-01     0.000000E+00     0.000000E+00     0.000000E+00     1.000000E+00 
   33    52    33     1.210135E+00     5.207069E-01     0.000000E+00     0.000000E+00     0.000000E+00     1.000000E+00 
   34    53    34     1.206492E+00     6.131620E-01     0.000000E+00     0.000000E+00     0.000000E+00     1.000000E+00 
   35    54    35     1.203226E+00     1.740826E-01     0.000000E+00     0.000000E+00     0.000000E+00     1.000000E+00 
   36    55    36     1.199990E+00     2.469810E+00     0.000000E+00     0.000000E+00     0.000000E+00     1.000000E+00 
   37    56    37     1.198199E+00     7.203496E-01     0.000000E+00     0.000000E+00     0.000000E+00     1.000000E+00 
   38    57    38     1.194953E+00     2.171994E-01     0.000000E+00     0.000000E+00     0.000000E+00     1.000000E+00 
   39    58    39     1.192945E+00     1.598207E+00     0.000000E+00     0.000000E+00     0.000000E+00     1.000000E+00 
   40    59    40     1.189756E+00     6.823369E-01     0.000000E+00     0.000000E+00     0.000000E+00     1.000000E+00 
   41    60    41     1.188785E+00     2.566724E-01     0.000000E+00     0.000000E+00     0.000000E+00     1.000000E+00 
   42    61    42     1.188607E+00     2.744899E-01     0.000000E+00     0.000000E+00     0.000000E+00     1.000000E+00 
   43    62    43     1.187588E+00     6.935599E-01     0.000000E+00     0.000000E+00     0.000000E+00     1.000000E+00 
   44    63    44     1.186440E+00     3.951804E-01     0.000000E+00     0.000000E+00     0.000000E+00     1.000000E+00 
   45    64    45     1.185953E+00     2.038257E-01     0.000000E+00     0.000000E+00     0.000000E+00     1.000000E+00 
   46    66    46     1.184097E+00     2.342593E-01     0.000000E+00     0.000000E+00     0.000000E+00     1.000000E+00 
   47    67    47     1.183862E+00     1.318865E+00     0.000000E+00     0.000000E+00     0.000000E+00     1.000000E+00 
   48    68    48     1.183347E+00     1.739275E+00     0.000000E+00     0.000000E+00     0.000000E+00     1.000000E+00 
   49    69    49     1.182096E+00     1.341379E+00     0.000000E+00     0.000000E+00     0.000000E+00     1.000000E+00 
   50    70    50     1.181536E+00     8.393539E-01     0.000000E+00     0.000000E+00     0.000000E+00     1.000000E+00 
   51    71    51     1.180968E+00     9.267611E-01     0.000000E+00     0.000000E+00     0.000000E+00     1.000000E+00 
   52    72    52     1.180430E+00     1.310641E+00     0.000000E+00     0.000000E+00     0.000000E+00     1.000000E+00 
   53    73    53     1.180157E+00     4.695717E-01     0.000000E+00     0.000000E+00     0.000000E+00     1.000000E+00 
   54    74    54     1.179234E+00     1.245409E+00     0.000000E+00     0.000000E+00     0.000000E+00     1.000000E+00 
   55    75    55     1.179821E+00     3.474612E-01     0.000000E+00     0.000000E+00     0.000000E+00     1.000000E+00 
   56    77    56     1.177991E+00     1.094883E+00     0.000000E+00     0.000000E+00     0.000000E+00     1.000000E+00 
   57    78    57     1.177039E+00     2.036632E+00     0.000000E+00     0.000000E+00     0.000000E+00     1.000000E+00 
   58    79    58     1.174762E+00     2.747497E+00     0.000000E+00     0.000000E+00     0.000000E+00     1.000000E+00 
   59    80    59     1.173676E+00     1.000534E+00     0.000000E+00     0.000000E+00     0.000000E+00     1.000000E+00 
   60    81    60     1.172474E+00     3.084425E-01     0.000000E+00     0.000000E+00     0.000000E+00     1.000000E+00 
   61    82    61     1.171685E+00     7.715972E-01     0.000000E+00     0.000000E+00     0.000000E+00     1.000000E+00 
   62    83    62     1.171011E+00     3.304590E-01     0.000000E+00     0.000000E+00     0.000000E+00     1.000000E+00 
   63    84    63     1.170093E+00     1.670265E-01     0.000000E+00     0.000000E+00     0.000000E+00     1.000000E+00 
   64    85    64     1.169008E+00     1.167920E-01     0.000000E+00     0.000000E+00     0.000000E+00     1.000000E+00 
   65    86    65     1.172145E+00     4.597516E-01     0.000000E+00     0.000000E+00     0.000000E+00     1.000000E+00 
   66    88    66     1.167164E+00     3.562896E-01     0.000000E+00     0.000000E+00     0.000000E+00     1.000000E+00 
   67    89    67     1.166610E+00     7.721364E-01     0.000000E+00     0.000000E+00     0.000000E+00     1.000000E+00 
   68    90    68     1.165833E+00     5.856279E-01     0.000000E+00     0.000000E+00     0.000000E+00     1.000000E+00 
   69    91    69     1.164919E+00     6.562454E-01     0.000000E+00     0.000000E+00     0.000000E+00     1.000000E+00 
   70    92    70     1.166205E+00     3.515943E-01     0.000000E+00     0.000000E+00     0.000000E+00     1.000000E+00 
   71    94    71     1.164105E+00     4.122707E-01     0.000000E+00     0.000000E+00     0.000000E+00     1.000000E+00 
   72    96    72     1.163190E+00     3.951075E-01     0.000000E+00     0.000000E+00     0.000000E+00     1.000000E+00 
   73    97    73     1.162087E+00     4.616552E-01     0.000000E+00     0.000000E+00     0.000000E+00     1.000000E+00 
   74    98    74     1.161728E+00     2.717029E-01     0.000000E+00     0.000000E+00     0.000000E+00     1.000000E+00 
   75    99    75     1.161600E+00     4.652964E-01     0.000000E+00     0.000000E+00     0.000000E+00     1.000000E+00 
   76   101    76     1.161138E+00     5.690596E-01     0.000000E+00     0.000000E+00     0.000000E+00     1.000000E+00 
   77   102    77     1.160812E+00     4.903631E-01     0.000000E+00     0.000000E+00     0.000000E+00     1.000000E+00 
   78   103    78     1.160929E+00     1.452568E-01     0.000000E+00     0.000000E+00     0.000000E+00     1.000000E+00 
   79   105    79     1.160634E+00     3.821519E-01     0.000000E+00     0.000000E+00     0.000000E+00     1.000000E+00 
   80   106    80     1.160539E+00     5.027317E-01     0.000000E+00     0.000000E+00     0.000000E+00     1.000000E+00 
   81   107    81     1.160496E+00     2.035328E-01     0.000000E+00     0.000000E+00     0.000000E+00     1.000000E+00 
   82   108    82     1.160431E+00     7.514667E-02     0.000000E+00     0.000000E+00     0.000000E+00     1.000000E+00 
   83   109    83     1.160582E+00     4.009074E-01     0.000000E+00     0.000000E+00     0.000000E+00     1.000000E+00 
   84   111    84     1.160386E+00     2.385575E-01     0.000000E+00     0.000000E+00     0.000000E+00     1.000000E+00 
   85   114    84     1.160342E+00     2.385575E-01     0.000000E+00     0.000000E+00    -4.490244E-06     5.092598E-01 
