
	Solution from PySLSQP:
	----------------------------------------------------------------------------------------------------
	Problem                       : SP2_V10
	Solver                        : pyslsqp
	Success                       : True
	Message                       : Optimization terminated successfully
	Status                        : 0
	Objective                     : 0.5125249737817917
	Optimality                    : -4.592550340021262e-09
	Feasibility                   : 0.0
	Gradient norm                 : 0.025794484529911465
	Major iterations              : 9
	Total function evals          : 38
	Total gradient evals          : 8
	Total time                    : 3295.732511281967
	Function eval. time           : 2772.5005110998172
	Derivative eval. time         : 523.1806035999907
	Optimizer time                : 0.0018296000780537724
	Processing time               : 0.041737800114788115
	Visualization time            : 0.0
	Summary saved in              : SP2_V10_outputs/2026-05-01_18.23.28.282804/slsqp_summary.out
	Total callbacks               : 46
	Reused callbacks              : 0
	obj callbacks                 : 38
	grad callbacks                : 8
	hess callbacks                : 0
	con callbacks                 : 0
	jac callbacks                 : 0
	Optimal variables             : [1.00000000e-01 2.13175895e-01 1.08848158e+00 2.09425129e+00
 2.02288988e+00 1.62601617e+00 1.20142608e+00 7.94612384e-01
 3.93209136e-01 1.00770084e-01 1.00000000e-01 1.64011799e-01
 1.85533441e-01 2.87144191e-01 3.10394337e-01 2.69118131e-01
 2.21860381e-01 1.57175779e-01 1.07039599e-01 1.00000000e-01
 8.96926526e-02 0.00000000e+00 4.40535832e-20]
	Optimal obj. gradient         : [ 1.92486243e-02  1.43166789e-02  1.65100540e-03  7.92424589e-04
 -7.09999007e-03  1.74035214e-03  1.50366201e-03  1.26723110e-03
  1.03281592e-03  7.99595888e-04  4.16433998e-03  3.09475320e-03
  3.23947862e-04  1.42254589e-04 -3.19487201e-04  3.04812337e-04
  2.63426920e-04  2.21546414e-04  1.79962175e-04  1.36120165e-04
 -3.23179921e-04  0.00000000e+00 -8.45077080e-23]
	Optimal constraints           : []
	Optimal multipliers (constr.) : []
	Optimal Jacobian              : []
	----------------------------------------------------------------------------------------------------
