
	Solution from PySLSQP:
	----------------------------------------------------------------------------------------------------
	Problem                       : SP1_V5
	Solver                        : pyslsqp
	Success                       : True
	Message                       : Optimization terminated successfully
	Status                        : 0
	Objective                     : 0.669665040698056
	Optimality                    : -9.701688785668239e-09
	Feasibility                   : 0.0
	Gradient norm                 : 0.03538936379110195
	Major iterations              : 2
	Total function evals          : 6
	Total gradient evals          : 1
	Total time                    : 446.82916140556335
	Function eval. time           : 446.81946519999474
	Derivative eval. time         : 2.1499989088624716e-05
	Optimizer time                : 0.0001270999782718718
	Processing time               : 0.005600700038485229
	Visualization time            : 0.0
	Summary saved in              : SP1_V5_outputs/2026-04-18_05.21.46.863164/slsqp_summary.out
	Total callbacks               : 7
	Reused callbacks              : 0
	obj callbacks                 : 6
	grad callbacks                : 1
	hess callbacks                : 0
	con callbacks                 : 0
	jac callbacks                 : 0
	Optimal variables             : [ 5.         -1.84964287 -1.86943911  3.          3.         17.70822035
 -0.56060632 -4.07064513 -3.34799969 -3.55661417  5.10869218  1.68662755
  3.96786432  3.14970466  0.50470084]
	Optimal obj. gradient         : [-2.68463484e-02 -1.59129359e-03  7.57804485e-06  1.78500757e-02
  5.04427390e-03 -3.27922651e-03 -2.06952955e-03 -1.23996270e-03
 -7.91816153e-06  4.66110303e-03 -7.54113427e-03 -3.79492857e-03
 -7.64911093e-03 -3.72727981e-03  1.76268082e-03]
	Optimal constraints           : []
	Optimal multipliers (constr.) : []
	Optimal Jacobian              : []
	----------------------------------------------------------------------------------------------------
