
	Solution from PySLSQP:
	----------------------------------------------------------------------------------------------------
	Problem                       : SP2_V7
	Solver                        : pyslsqp
	Success                       : True
	Message                       : Optimization terminated successfully
	Status                        : 0
	Objective                     : 0.6705876689881806
	Optimality                    : -6.128047658204849e-08
	Feasibility                   : 0.0
	Gradient norm                 : 0.10051360142399117
	Major iterations              : 2
	Total function evals          : 12
	Total gradient evals          : 1
	Total time                    : 820.9819173812866
	Function eval. time           : 820.9765164999699
	Derivative eval. time         : 2.1900006686337292e-05
	Optimizer time                : 0.00023050002346280962
	Processing time               : 0.0052207999979145825
	Visualization time            : 0.0
	Summary saved in              : SP2_V7_outputs/2026-04-18_03.23.49.768015/slsqp_summary.out
	Total callbacks               : 13
	Reused callbacks              : 0
	obj callbacks                 : 12
	grad callbacks                : 1
	hess callbacks                : 0
	con callbacks                 : 0
	jac callbacks                 : 0
	Optimal variables             : [3.71111210e-01 5.11555834e-01 2.55890156e+00 5.27098211e+00
 5.01485866e+00 3.56330196e+00 2.34715658e+00 1.35573365e+00
 6.22171545e-01 2.14032791e-01 4.76573290e-01 6.41350917e-01
 7.23254097e-01 1.48385482e+00 1.23884350e+00 1.00762950e+00
 8.03439682e-01 4.45306480e-01 2.70114932e-01 1.98924729e-01
 9.97441310e+00 0.00000000e+00 2.18777325e-20]
	Optimal obj. gradient         : [-9.57592766e-02  1.21837614e-02  2.80431388e-03  1.27440213e-03
  2.94422529e-03  1.91013842e-03  1.06753874e-03  4.14983869e-04
 -4.74756523e-05 -3.16808372e-04 -7.04394051e-03  2.62809535e-03
  5.36079897e-04  2.01849806e-04  4.49952528e-04  3.04206000e-04
  1.76235180e-04  7.02393050e-05 -8.11954972e-06 -5.24979472e-05
 -2.65385609e-02  0.00000000e+00 -2.82804689e-21]
	Optimal constraints           : []
	Optimal multipliers (constr.) : []
	Optimal Jacobian              : []
	----------------------------------------------------------------------------------------------------
