
	Solution from PySLSQP:
	----------------------------------------------------------------------------------------------------
	Problem                       : SP2_V10
	Solver                        : pyslsqp
	Success                       : True
	Message                       : Optimization terminated successfully
	Status                        : 0
	Objective                     : 0.5129859832929288
	Optimality                    : -9.537602452258653e-08
	Feasibility                   : 0.0
	Gradient norm                 : 0.02610699959555451
	Major iterations              : 42
	Total function evals          : 126
	Total gradient evals          : 41
	Total time                    : 14589.364018678665
	Function eval. time           : 10904.737199600204
	Derivative eval. time         : 3684.5418041998055
	Optimizer time                : 0.006408998975530267
	Processing time               : 0.09671680105384439
	Visualization time            : 0.0
	Summary saved in              : SP2_V10_outputs/2026-05-01_08.48.30.823290/slsqp_summary.out
	Total callbacks               : 167
	Reused callbacks              : 0
	obj callbacks                 : 126
	grad callbacks                : 41
	hess callbacks                : 0
	con callbacks                 : 0
	jac callbacks                 : 0
	Optimal variables             : [1.00000000e-01 2.19591632e-01 1.08926145e+00 2.09431378e+00
 2.02016980e+00 1.62646661e+00 1.20213683e+00 7.95211192e-01
 3.93696967e-01 1.00945381e-01 1.00000000e-01 1.65471329e-01
 1.85686464e-01 2.87182501e-01 3.10290081e-01 2.69089297e-01
 2.21984927e-01 1.57280488e-01 1.07124613e-01 1.00000000e-01
 8.95396227e-02 0.00000000e+00 4.38909303e-20]
	Optimal obj. gradient         : [ 1.95760911e-02  1.45582522e-02  1.69050677e-03  8.16363760e-04
 -6.72516415e-03  1.80579318e-03  1.55823417e-03  1.31094825e-03
  1.06577591e-03  8.21884772e-04  4.23518406e-03  3.14669300e-03
  3.31694294e-04  1.46748495e-04 -2.85685680e-04  3.16674096e-04
  2.73256610e-04  2.29340977e-04  1.85738783e-04  1.39831946e-04
 -3.24204260e-04  0.00000000e+00 -6.45512394e-24]
	Optimal constraints           : []
	Optimal multipliers (constr.) : []
	Optimal Jacobian              : []
	----------------------------------------------------------------------------------------------------
