
	Solution from PySLSQP:
	----------------------------------------------------------------------------------------------------
	Problem                       : SP1_V9
	Solver                        : pyslsqp
	Success                       : True
	Message                       : Optimization terminated successfully
	Status                        : 0
	Objective                     : 0.6032532727081737
	Optimality                    : 8.274074207247787e-08
	Feasibility                   : 0.0
	Gradient norm                 : 0.03474397253191347
	Major iterations              : 48
	Total function evals          : 53
	Total gradient evals          : 48
	Total time                    : 4171.796260356903
	Function eval. time           : 1814.7525287000462
	Derivative eval. time         : 2356.981071098475
	Optimizer time                : 0.002610099269077182
	Processing time               : 0.05593770230188966
	Visualization time            : 0.0
	Summary saved in              : SP1_V9_outputs/2026-04-30_01.16.41.878453/slsqp_summary.out
	Total callbacks               : 101
	Reused callbacks              : 0
	obj callbacks                 : 53
	grad callbacks                : 48
	hess callbacks                : 0
	con callbacks                 : 0
	jac callbacks                 : 0
	Optimal variables             : [ 5.         -4.79090066  1.6371429   3.83383699  3.         13.03146307
  9.00025673  2.42172572 -6.21014915 -6.05478909  6.30974237  1.49857258
  3.7229455   3.93976006  0.48014546]
	Optimal obj. gradient         : [-1.63748588e-02  5.99742410e-05  1.06547711e-04  3.54801585e-06
  2.40468518e-02 -8.53204440e-05 -6.40218277e-03 -1.77827037e-04
 -8.75748089e-06  1.52642312e-02  8.70392434e-05  9.31171593e-03
  2.23342442e-05 -1.49453921e-07  4.21763970e-05]
	Optimal constraints           : []
	Optimal multipliers (constr.) : []
	Optimal Jacobian              : []
	----------------------------------------------------------------------------------------------------
