
	Solution from PySLSQP:
	----------------------------------------------------------------------------------------------------
	Problem                       : SP2_V8
	Solver                        : pyslsqp
	Success                       : True
	Message                       : Optimization terminated successfully
	Status                        : 0
	Objective                     : 0.6848938535740555
	Optimality                    : -9.650045654785444e-07
	Feasibility                   : 0.0
	Gradient norm                 : 0.017399812480028434
	Major iterations              : 6
	Total function evals          : 13
	Total gradient evals          : 5
	Total time                    : 678.9547693729401
	Function eval. time           : 508.7698216000281
	Derivative eval. time         : 170.15387579996604
	Optimizer time                : 0.0004067000118084252
	Processing time               : 0.028630999993765727
	Visualization time            : 0.0
	Summary saved in              : SP2_V8_outputs/2026-04-18_02.51.09.952631/slsqp_summary.out
	Total callbacks               : 18
	Reused callbacks              : 0
	obj callbacks                 : 13
	grad callbacks                : 5
	hess callbacks                : 0
	con callbacks                 : 0
	jac callbacks                 : 0
	Optimal variables             : [ 4.44656014e-01  5.69739491e-01  2.45040096e+00  5.24155996e+00
  4.78006433e+00  3.40897690e+00  2.36115950e+00  1.36735132e+00
  6.31398385e-01  2.20875701e-01  4.92462529e-01  6.53897273e-01
  7.04608788e-01  1.48144134e+00  1.22376035e+00  9.97836834e-01
  8.05754272e-01  4.47274154e-01  2.71693339e-01  2.00059101e-01
  9.00849856e+00  0.00000000e+00 -1.86980972e-21]
	Optimal obj. gradient         : [-1.22756663e-02 -9.93039158e-03 -2.85620923e-03 -1.32399964e-03
 -2.39741236e-03 -2.98016669e-03 -2.53938280e-03 -2.10602316e-03
 -1.67345339e-03 -1.24395599e-03 -2.65043695e-03 -2.14057398e-03
 -5.48047409e-04 -2.10001018e-04 -4.58454758e-04 -4.79804367e-04
 -4.18811741e-04 -3.56135168e-04 -2.85960557e-04 -2.06095985e-04
  9.26849779e-04  0.00000000e+00  5.61354669e-23]
	Optimal constraints           : []
	Optimal multipliers (constr.) : []
	Optimal Jacobian              : []
	----------------------------------------------------------------------------------------------------
