
	Solution from PySLSQP:
	----------------------------------------------------------------------------------------------------
	Problem                       : SP2_V7
	Solver                        : pyslsqp
	Success                       : True
	Message                       : Optimization terminated successfully
	Status                        : 0
	Objective                     : 0.6704331579937651
	Optimality                    : -1.505978852733847e-08
	Feasibility                   : 0.0
	Gradient norm                 : 0.025350271246074498
	Major iterations              : 2
	Total function evals          : 7
	Total gradient evals          : 1
	Total time                    : 671.1593730449677
	Function eval. time           : 671.1511461999617
	Derivative eval. time         : 1.6900012269616127e-05
	Optimizer time                : 0.00014479996752925217
	Processing time               : 0.007484500063583255
	Visualization time            : 0.0
	Summary saved in              : SP2_V7_outputs/2026-04-19_11.44.07.384699/slsqp_summary.out
	Total callbacks               : 8
	Reused callbacks              : 0
	obj callbacks                 : 7
	grad callbacks                : 1
	hess callbacks                : 0
	con callbacks                 : 0
	jac callbacks                 : 0
	Optimal variables             : [3.71468821e-01 5.07717116e-01 2.55763176e+00 5.27748294e+00
 5.02054773e+00 3.56488021e+00 2.34599640e+00 1.35477334e+00
 6.21410586e-01 2.13469611e-01 4.75875460e-01 6.40418671e-01
 7.23011352e-01 1.48445167e+00 1.23911298e+00 1.00762477e+00
 8.03248118e-01 4.45143912e-01 2.69984766e-01 1.98831366e-01
 9.97482721e+00 0.00000000e+00 2.09443396e-20]
	Optimal obj. gradient         : [ 1.75518250e-02  1.31109176e-02  3.30670684e-03  1.53014312e-03
 -4.17943046e-03  3.20204277e-03  2.54774382e-03  1.95996510e-03
  1.43338210e-03  9.70972695e-04  3.79219828e-03  2.82822016e-03
  6.32158007e-04  2.42292012e-04  3.10074601e-05  5.09988398e-04
  4.20707762e-04  3.31821795e-04  2.45206414e-04  1.60982314e-04
 -9.21277441e-03  0.00000000e+00 -4.58441513e-22]
	Optimal constraints           : []
	Optimal multipliers (constr.) : []
	Optimal Jacobian              : []
	----------------------------------------------------------------------------------------------------
