
	Solution from PySLSQP:
	----------------------------------------------------------------------------------------------------
	Problem                       : SP1_V9
	Solver                        : pyslsqp
	Success                       : False
	Message                       : Iteration limit reached
	Status                        : 9
	Objective                     : 0.8313724232544235
	Optimality                    : 0.0001308202497397491
	Feasibility                   : 0.0
	Gradient norm                 : 0.6949501466337682
	Major iterations              : 200
	Total function evals          : 284
	Total gradient evals          : 200
	Total time                    : 10487.813170433044
	Function eval. time           : 4833.45550649974
	Derivative eval. time         : 5654.007053899928
	Optimizer time                : 0.015429200255312026
	Processing time               : 0.35600310005247593
	Visualization time            : 0.0
	Summary saved in              : SP1_V9_outputs/2026-04-18_09.50.14.230466/slsqp_summary.out
	Total callbacks               : 484
	Reused callbacks              : 0
	obj callbacks                 : 284
	grad callbacks                : 200
	hess callbacks                : 0
	con callbacks                 : 0
	jac callbacks                 : 0
	Optimal variables             : [ 3.94790727 -2.38895395 -3.91719441  3.          3.         16.30258865
  0.02308014 -0.14684562  0.61202053  0.29786922  7.71363253  1.52156353
  4.59691485  2.53063022  0.5101259 ]
	Optimal obj. gradient         : [-4.58886821e-01 -1.93985533e-01 -1.02946653e-01 -1.11154271e-01
 -1.16722835e-01 -4.64255483e-02  1.03046296e-03  4.48213575e-03
  4.00196444e-04 -2.50044947e-02 -2.01531654e-01 -1.98979360e-01
  1.29038207e-01  6.90416005e-03  3.13787367e-01]
	Optimal constraints           : []
	Optimal multipliers (constr.) : []
	Optimal Jacobian              : []
	----------------------------------------------------------------------------------------------------
