MAJOR  NFEV  NGEV           OBJFUN            GNORM            CNORM             FEAS              OPT             STEP 
    0     1     1     1.569538E+04     3.769560E+04     0.000000E+00     9.900000E+01     9.900000E+01     9.900000E+01 
    1     2     1     9.897857E+06     3.769560E+04     0.000000E+00     0.000000E+00     0.000000E+00     1.000000E+00 
    2     4     2     1.360099E+06     2.455071E+04     0.000000E+00     0.000000E+00     0.000000E+00     1.000000E+00 
    3     6     3     9.762598E+05     1.128572E+04     0.000000E+00     0.000000E+00     0.000000E+00     1.000000E+00 
    4     9     4     5.051281E+03     1.045966E+03     0.000000E+00     0.000000E+00     0.000000E+00     1.000000E+00 
    5    12     5     2.622258E+02     3.898452E+02     0.000000E+00     0.000000E+00     0.000000E+00     1.000000E+00 
    6    13     6     7.721294E+03     3.934223E+03     0.000000E+00     0.000000E+00     0.000000E+00     1.000000E+00 
    7    15     7     3.945821E+03     3.490232E+02     0.000000E+00     0.000000E+00     0.000000E+00     1.000000E+00 
    8    18     8     2.736449E+04     2.936874E+02     0.000000E+00     0.000000E+00     0.000000E+00     1.000000E+00 
    9    20     9     1.530180E+04     6.420398E+02     0.000000E+00     0.000000E+00     0.000000E+00     1.000000E+00 
   10    22    10     7.264815E+04     2.504313E+02     0.000000E+00     0.000000E+00     0.000000E+00     1.000000E+00 
   11    24    11     5.214750E+04     2.505302E+02     0.000000E+00     0.000000E+00     0.000000E+00     1.000000E+00 
   12    27    12     3.618610E+02     2.468620E+02     0.000000E+00     0.000000E+00     0.000000E+00     1.000000E+00 
   13    29    13     3.191165E+04     5.120971E+01     0.000000E+00     0.000000E+00     0.000000E+00     1.000000E+00 
   14    32    14     2.759959E+01     3.686776E+01     0.000000E+00     0.000000E+00     0.000000E+00     1.000000E+00 
   15    34    15     1.762948E+00     9.194500E+01     0.000000E+00     0.000000E+00     0.000000E+00     1.000000E+00 
   16    35    16     2.723303E+01     4.106734E+01     0.000000E+00     0.000000E+00     0.000000E+00     1.000000E+00 
   17    38    17     1.608241E+00     4.792364E+00     0.000000E+00     0.000000E+00     0.000000E+00     1.000000E+00 
   18    39    18     6.693375E+02     2.977121E+00     0.000000E+00     0.000000E+00     0.000000E+00     1.000000E+00 
   19    42    19     8.232910E+04     1.234260E+00     0.000000E+00     0.000000E+00     0.000000E+00     1.000000E+00 
   20    45    20     5.176365E+04     8.270094E+00     0.000000E+00     0.000000E+00     0.000000E+00     1.000000E+00 
   21    48    21     1.446541E+00     1.565735E+01     0.000000E+00     0.000000E+00     0.000000E+00     1.000000E+00 
   22    49    22     3.251656E+00     5.399078E+01     0.000000E+00     0.000000E+00     0.000000E+00     1.000000E+00 
   23    51    23     6.562977E+01     3.550971E+01     0.000000E+00     0.000000E+00     0.000000E+00     1.000000E+00 
   24    53    24     1.639119E+00     2.524500E+00     0.000000E+00     0.000000E+00     0.000000E+00     1.000000E+00 
   25    55    25     1.341501E+00     7.453344E+00     0.000000E+00     0.000000E+00     0.000000E+00     1.000000E+00 
   26    56    26     1.312337E+00     5.655861E+01     0.000000E+00     0.000000E+00     0.000000E+00     1.000000E+00 
   27    57    27     1.283745E+00     2.056404E+01     0.000000E+00     0.000000E+00     0.000000E+00     1.000000E+00 
   28    58    28     1.282086E+00     1.061674E+01     0.000000E+00     0.000000E+00     0.000000E+00     1.000000E+00 
   29    60    29     1.248139E+00     1.587755E+01     0.000000E+00     0.000000E+00     0.000000E+00     1.000000E+00 
   30    62    30     1.195520E+00     3.263869E+01     0.000000E+00     0.000000E+00     0.000000E+00     1.000000E+00 
   31    63    31     1.167850E+00     2.474129E+01     0.000000E+00     0.000000E+00     0.000000E+00     1.000000E+00 
   32    64    32     2.646241E+00     1.885343E+01     0.000000E+00     0.000000E+00     0.000000E+00     1.000000E+00 
   33    66    33     2.381959E+00     7.277998E+00     0.000000E+00     0.000000E+00     0.000000E+00     1.000000E+00 
   34    68    34     1.147129E+00     4.297342E+00     0.000000E+00     0.000000E+00     0.000000E+00     1.000000E+00 
   35    70    35     1.132977E+00     1.840821E+01     0.000000E+00     0.000000E+00     0.000000E+00     1.000000E+00 
   36    71    36     1.121450E+00     2.277033E+01     0.000000E+00     0.000000E+00     0.000000E+00     1.000000E+00 
   37    72    37     1.116405E+00     2.380940E+01     0.000000E+00     0.000000E+00     0.000000E+00     1.000000E+00 
   38    73    38     1.104640E+00     1.407244E+01     0.000000E+00     0.000000E+00     0.000000E+00     1.000000E+00 
   39    74    39     1.091488E+00     9.967447E+00     0.000000E+00     0.000000E+00     0.000000E+00     1.000000E+00 
   40    75    40     1.079449E+00     1.763488E+01     0.000000E+00     0.000000E+00     0.000000E+00     1.000000E+00 
   41    76    41     1.076442E+00     3.335283E+00     0.000000E+00     0.000000E+00     0.000000E+00     1.000000E+00 
   42    77    42     1.073707E+00     4.239895E+00     0.000000E+00     0.000000E+00     0.000000E+00     1.000000E+00 
   43    78    43     1.069227E+00     5.479872E+00     0.000000E+00     0.000000E+00     0.000000E+00     1.000000E+00 
   44    79    44     1.082531E+00     9.578743E+00     0.000000E+00     0.000000E+00     0.000000E+00     1.000000E+00 
   45    81    45     1.315188E+00     9.977504E+00     0.000000E+00     0.000000E+00     0.000000E+00     1.000000E+00 
   46    83    46     1.063237E+00     8.982750E+00     0.000000E+00     0.000000E+00     0.000000E+00     1.000000E+00 
   47    84    47     1.057548E+00     4.053892E+00     0.000000E+00     0.000000E+00     0.000000E+00     1.000000E+00 
   48    85    48     1.054438E+00     1.478619E+00     0.000000E+00     0.000000E+00     0.000000E+00     1.000000E+00 
   49    86    49     1.052111E+00     6.513851E+00     0.000000E+00     0.000000E+00     0.000000E+00     1.000000E+00 
   50    87    50     1.050371E+00     9.528161E+00     0.000000E+00     0.000000E+00     0.000000E+00     1.000000E+00 
   51    88    51     1.049953E+00     3.934067E+00     0.000000E+00     0.000000E+00     0.000000E+00     1.000000E+00 
   52    89    52     1.048985E+00     2.721069E+00     0.000000E+00     0.000000E+00     0.000000E+00     1.000000E+00 
   53    90    53     1.048583E+00     4.111366E+00     0.000000E+00     0.000000E+00     0.000000E+00     1.000000E+00 
   54    91    54     1.048593E+00     3.092731E+00     0.000000E+00     0.000000E+00     0.000000E+00     1.000000E+00 
   55    93    55     1.047954E+00     1.917623E+00     0.000000E+00     0.000000E+00     0.000000E+00     1.000000E+00 
   56    94    56     1.047325E+00     1.068644E+00     0.000000E+00     0.000000E+00     0.000000E+00     1.000000E+00 
   57    95    57     1.046561E+00     3.819446E-01     0.000000E+00     0.000000E+00     0.000000E+00     1.000000E+00 
   58    96    58     1.045854E+00     2.299308E-01     0.000000E+00     0.000000E+00     0.000000E+00     1.000000E+00 
   59    97    59     1.044194E+00     7.905172E+00     0.000000E+00     0.000000E+00     0.000000E+00     1.000000E+00 
   60    98    60     1.040099E+00     4.005129E+00     0.000000E+00     0.000000E+00     0.000000E+00     1.000000E+00 
   61    99    61     1.098902E+00     3.905787E+00     0.000000E+00     0.000000E+00     0.000000E+00     1.000000E+00 
   62   101    62     1.108196E+00     6.362794E+00     0.000000E+00     0.000000E+00     0.000000E+00     1.000000E+00 
   63   103    63     1.215206E+00     1.117009E+01     0.000000E+00     0.000000E+00     0.000000E+00     1.000000E+00 
   64   105    64     6.660874E+00     1.102015E+01     0.000000E+00     0.000000E+00     0.000000E+00     1.000000E+00 
   65   107    65     4.027364E+00     1.088835E+01     0.000000E+00     0.000000E+00     0.000000E+00     1.000000E+00 
   66   109    66     1.128764E+00     3.437857E+00     0.000000E+00     0.000000E+00     0.000000E+00     1.000000E+00 
   67   111    67     1.007249E+00     1.045273E+00     0.000000E+00     0.000000E+00     0.000000E+00     1.000000E+00 
   68   112    68     1.004934E+00     1.582298E+01     0.000000E+00     0.000000E+00     0.000000E+00     1.000000E+00 
   69   113    69     1.000228E+00     5.394597E+00     0.000000E+00     0.000000E+00     0.000000E+00     1.000000E+00 
   70   114    70     9.953898E-01     7.563734E+00     0.000000E+00     0.000000E+00     0.000000E+00     1.000000E+00 
   71   115    71     9.907976E-01     3.513870E+00     0.000000E+00     0.000000E+00     0.000000E+00     1.000000E+00 
   72   116    72     9.833727E-01     1.403048E+01     0.000000E+00     0.000000E+00     0.000000E+00     1.000000E+00 
   73   117    73     9.765754E-01     6.535012E+00     0.000000E+00     0.000000E+00     0.000000E+00     1.000000E+00 
   74   118    74     9.733594E-01     1.092359E+01     0.000000E+00     0.000000E+00     0.000000E+00     1.000000E+00 
   75   119    75     9.688484E-01     1.977130E+01     0.000000E+00     0.000000E+00     0.000000E+00     1.000000E+00 
   76   120    76     9.638028E-01     9.926376E+00     0.000000E+00     0.000000E+00     0.000000E+00     1.000000E+00 
   77   121    77     9.607627E-01     7.948251E+00     0.000000E+00     0.000000E+00     0.000000E+00     1.000000E+00 
   78   122    78     9.664065E-01     3.477721E+00     0.000000E+00     0.000000E+00     0.000000E+00     1.000000E+00 
   79   124    79     9.594963E-01     2.773145E+00     0.000000E+00     0.000000E+00     0.000000E+00     1.000000E+00 
   80   125    80     9.668568E-01     1.909676E+00     0.000000E+00     0.000000E+00     0.000000E+00     1.000000E+00 
   81   127    81     9.573960E-01     4.310142E-01     0.000000E+00     0.000000E+00     0.000000E+00     1.000000E+00 
   82   128    82     9.548367E-01     3.009691E+00     0.000000E+00     0.000000E+00     0.000000E+00     1.000000E+00 
   83   129    83     9.534010E-01     1.637308E+00     0.000000E+00     0.000000E+00     0.000000E+00     1.000000E+00 
   84   130    84     9.484342E-01     2.848253E-01     0.000000E+00     0.000000E+00     0.000000E+00     1.000000E+00 
   85   131    85     9.434496E-01     8.911218E+00     0.000000E+00     0.000000E+00     0.000000E+00     1.000000E+00 
   86   132    86     9.499494E-01     4.342412E+00     0.000000E+00     0.000000E+00     0.000000E+00     1.000000E+00 
   87   134    87     9.467956E-01     2.382984E+00     0.000000E+00     0.000000E+00     0.000000E+00     1.000000E+00 
   88   136    88     9.353925E-01     7.149769E+00     0.000000E+00     0.000000E+00     0.000000E+00     1.000000E+00 
   89   137    89     9.316965E-01     1.477400E+01     0.000000E+00     0.000000E+00     0.000000E+00     1.000000E+00 
   90   138    90     9.298896E-01     4.634268E+00     0.000000E+00     0.000000E+00     0.000000E+00     1.000000E+00 
   91   139    91     9.292787E-01     1.051559E+01     0.000000E+00     0.000000E+00     0.000000E+00     1.000000E+00 
   92   141    92     9.274219E-01     3.951279E+00     0.000000E+00     0.000000E+00     0.000000E+00     1.000000E+00 
   93   142    93     9.266181E-01     1.225402E+00     0.000000E+00     0.000000E+00     0.000000E+00     1.000000E+00 
   94   143    94     9.260381E-01     2.098725E+00     0.000000E+00     0.000000E+00     0.000000E+00     1.000000E+00 
   95   144    95     9.251528E-01     3.006123E+00     0.000000E+00     0.000000E+00     0.000000E+00     1.000000E+00 
   96   145    96     9.246341E-01     2.141025E+00     0.000000E+00     0.000000E+00     0.000000E+00     1.000000E+00 
   97   146    97     9.235232E-01     2.742563E+00     0.000000E+00     0.000000E+00     0.000000E+00     1.000000E+00 
   98   147    98     9.227584E-01     8.607486E+00     0.000000E+00     0.000000E+00     0.000000E+00     1.000000E+00 
   99   148    99     9.210556E-01     4.805138E+00     0.000000E+00     0.000000E+00     0.000000E+00     1.000000E+00 
  100   149   100     9.200184E-01     1.431227E+00     0.000000E+00     0.000000E+00     0.000000E+00     1.000000E+00 
  101   150   101     9.193204E-01     6.135329E+00     0.000000E+00     0.000000E+00     0.000000E+00     1.000000E+00 
  102   151   102     9.189798E-01     4.898024E-01     0.000000E+00     0.000000E+00     0.000000E+00     1.000000E+00 
  103   152   103     9.185828E-01     2.551747E+00     0.000000E+00     0.000000E+00     0.000000E+00     1.000000E+00 
  104   153   104     9.182187E-01     2.060164E+00     0.000000E+00     0.000000E+00     0.000000E+00     1.000000E+00 
  105   154   105     9.179442E-01     3.114031E-01     0.000000E+00     0.000000E+00     0.000000E+00     1.000000E+00 
  106   155   106     9.173664E-01     3.595613E+00     0.000000E+00     0.000000E+00     0.000000E+00     1.000000E+00 
  107   156   107     9.166898E-01     6.542084E-01     0.000000E+00     0.000000E+00     0.000000E+00     1.000000E+00 
  108   157   108     9.159041E-01     1.666253E+00     0.000000E+00     0.000000E+00     0.000000E+00     1.000000E+00 
  109   158   109     9.148008E-01     1.881284E+00     0.000000E+00     0.000000E+00     0.000000E+00     1.000000E+00 
  110   159   110     1.136391E+00     5.321829E+00     0.000000E+00     0.000000E+00     0.000000E+00     1.000000E+00 
  111   161   111     1.703483E+00     2.279963E+00     0.000000E+00     0.000000E+00     0.000000E+00     1.000000E+00 
  112   163   112     9.121657E-01     3.921190E+00     0.000000E+00     0.000000E+00     0.000000E+00     1.000000E+00 
  113   164   113     9.103552E-01     4.886853E+00     0.000000E+00     0.000000E+00     0.000000E+00     1.000000E+00 
  114   165   114     9.099935E-01     1.683137E+00     0.000000E+00     0.000000E+00     0.000000E+00     1.000000E+00 
  115   166   115     9.084267E-01     9.645824E+00     0.000000E+00     0.000000E+00     0.000000E+00     1.000000E+00 
  116   167   116     9.071650E-01     2.512982E+00     0.000000E+00     0.000000E+00     0.000000E+00     1.000000E+00 
  117   168   117     9.063689E-01     5.069635E-01     0.000000E+00     0.000000E+00     0.000000E+00     1.000000E+00 
  118   169   118     9.054435E-01     9.993626E+00     0.000000E+00     0.000000E+00     0.000000E+00     1.000000E+00 
  119   170   119     9.051568E-01     2.758898E+00     0.000000E+00     0.000000E+00     0.000000E+00     1.000000E+00 
  120   171   120     9.050525E-01     5.731490E-01     0.000000E+00     0.000000E+00     0.000000E+00     1.000000E+00 
  121   172   121     9.049899E-01     1.273974E+00     0.000000E+00     0.000000E+00     0.000000E+00     1.000000E+00 
  122   173   122     9.047385E-01     4.218907E-01     0.000000E+00     0.000000E+00     0.000000E+00     1.000000E+00 
  123   174   123     9.042306E-01     2.108552E+00     0.000000E+00     0.000000E+00     0.000000E+00     1.000000E+00 
  124   175   124     9.041882E-01     4.280496E+00     0.000000E+00     0.000000E+00     0.000000E+00     1.000000E+00 
  125   177   125     9.030533E-01     4.169968E+00     0.000000E+00     0.000000E+00     0.000000E+00     1.000000E+00 
  126   178   126     9.006644E-01     1.673002E+00     0.000000E+00     0.000000E+00     0.000000E+00     1.000000E+00 
  127   179   127     8.982960E-01     1.922009E+01     0.000000E+00     0.000000E+00     0.000000E+00     1.000000E+00 
  128   180   128     1.000455E+00     5.162149E+00     0.000000E+00     0.000000E+00     0.000000E+00     1.000000E+00 
  129   184   129     8.963007E-01     4.931215E+00     0.000000E+00     0.000000E+00     0.000000E+00     1.000000E+00 
  130   185   130     8.958928E-01     4.929511E+00     0.000000E+00     0.000000E+00     0.000000E+00     1.000000E+00 
  131   186   131     8.948830E-01     4.121362E+00     0.000000E+00     0.000000E+00     0.000000E+00     1.000000E+00 
  132   187   132     8.939356E-01     1.965114E+00     0.000000E+00     0.000000E+00     0.000000E+00     1.000000E+00 
  133   188   133     8.940204E-01     3.392312E+00     0.000000E+00     0.000000E+00     0.000000E+00     1.000000E+00 
  134   190   134     8.935891E-01     1.216358E+00     0.000000E+00     0.000000E+00     0.000000E+00     1.000000E+00 
  135   191   135     8.934622E-01     8.336794E-01     0.000000E+00     0.000000E+00     0.000000E+00     1.000000E+00 
  136   192   136     8.932699E-01     1.022958E+00     0.000000E+00     0.000000E+00     0.000000E+00     1.000000E+00 
  137   193   137     8.921676E-01     8.393280E-01     0.000000E+00     0.000000E+00     0.000000E+00     1.000000E+00 
  138   194   138     8.906900E-01     2.345698E+00     0.000000E+00     0.000000E+00     0.000000E+00     1.000000E+00 
  139   195   139     8.893437E-01     7.439387E+00     0.000000E+00     0.000000E+00     0.000000E+00     1.000000E+00 
  140   196   140     8.885940E-01     7.672824E+00     0.000000E+00     0.000000E+00     0.000000E+00     1.000000E+00 
  141   197   141     8.868366E-01     1.542691E+00     0.000000E+00     0.000000E+00     0.000000E+00     1.000000E+00 
  142   198   142     8.967681E-01     2.070736E+00     0.000000E+00     0.000000E+00     0.000000E+00     1.000000E+00 
  143   200   143     8.854209E-01     4.548565E+00     0.000000E+00     0.000000E+00     0.000000E+00     1.000000E+00 
  144   201   144     8.842297E-01     1.241398E+01     0.000000E+00     0.000000E+00     0.000000E+00     1.000000E+00 
  145   202   145     8.834422E-01     2.001794E+00     0.000000E+00     0.000000E+00     0.000000E+00     1.000000E+00 
  146   203   146     9.217625E-01     3.502187E+00     0.000000E+00     0.000000E+00     0.000000E+00     1.000000E+00 
  147   205   147     1.318344E+01     4.374142E+00     0.000000E+00     0.000000E+00     0.000000E+00     1.000000E+00 
  148   208   148     8.812496E-01     7.569871E+00     0.000000E+00     0.000000E+00     0.000000E+00     1.000000E+00 
  149   209   149     8.791567E-01     4.580095E+00     0.000000E+00     0.000000E+00     0.000000E+00     1.000000E+00 
  150   210   150     8.783097E-01     4.762196E+00     0.000000E+00     0.000000E+00     0.000000E+00     1.000000E+00 
  151   211   151     8.765511E-01     8.471168E+00     0.000000E+00     0.000000E+00     0.000000E+00     1.000000E+00 
  152   212   152     8.783589E-01     3.171581E+00     0.000000E+00     0.000000E+00     0.000000E+00     1.000000E+00 
  153   214   153     8.773282E-01     1.204301E+00     0.000000E+00     0.000000E+00     0.000000E+00     1.000000E+00 
  154   216   154     8.749889E-01     3.471805E+00     0.000000E+00     0.000000E+00     0.000000E+00     1.000000E+00 
  155   217   155     8.738056E-01     6.359314E+00     0.000000E+00     0.000000E+00     0.000000E+00     1.000000E+00 
  156   218   156     8.695041E-01     6.471924E+00     0.000000E+00     0.000000E+00     0.000000E+00     1.000000E+00 
  157   219   157     9.246748E-01     5.225396E+00     0.000000E+00     0.000000E+00     0.000000E+00     1.000000E+00 
  158   221   158     8.710155E-01     6.339114E+00     0.000000E+00     0.000000E+00     0.000000E+00     1.000000E+00 
  159   223   159     8.587264E-01     7.872480E+00     0.000000E+00     0.000000E+00     0.000000E+00     1.000000E+00 
  160   224   160     8.578661E-01     4.382971E+00     0.000000E+00     0.000000E+00     0.000000E+00     1.000000E+00 
  161   225   161     8.558862E-01     4.101892E+00     0.000000E+00     0.000000E+00     0.000000E+00     1.000000E+00 
  162   226   162     8.611866E-01     8.288135E+00     0.000000E+00     0.000000E+00     0.000000E+00     1.000000E+00 
  163   228   163     8.549611E-01     2.902340E+00     0.000000E+00     0.000000E+00     0.000000E+00     1.000000E+00 
  164   230   164     8.539773E-01     7.120549E-01     0.000000E+00     0.000000E+00     0.000000E+00     1.000000E+00 
  165   231   165     8.534416E-01     2.556579E+00     0.000000E+00     0.000000E+00     0.000000E+00     1.000000E+00 
  166   232   166     8.523544E-01     4.323121E+00     0.000000E+00     0.000000E+00     0.000000E+00     1.000000E+00 
  167   233   167     8.512351E-01     7.307641E+00     0.000000E+00     0.000000E+00     0.000000E+00     1.000000E+00 
  168   234   168     8.502087E-01     4.773914E+00     0.000000E+00     0.000000E+00     0.000000E+00     1.000000E+00 
  169   235   169     8.499307E-01     5.739591E+00     0.000000E+00     0.000000E+00     0.000000E+00     1.000000E+00 
  170   236   170     8.494026E-01     3.509672E+00     0.000000E+00     0.000000E+00     0.000000E+00     1.000000E+00 
  171   237   171     8.492388E-01     2.581630E+00     0.000000E+00     0.000000E+00     0.000000E+00     1.000000E+00 
  172   238   172     8.489293E-01     2.439739E+00     0.000000E+00     0.000000E+00     0.000000E+00     1.000000E+00 
  173   239   173     8.487242E-01     1.021115E+00     0.000000E+00     0.000000E+00     0.000000E+00     1.000000E+00 
  174   240   174     8.652305E-01     1.689524E+00     0.000000E+00     0.000000E+00     0.000000E+00     1.000000E+00 
  175   242   175     8.957728E-01     1.265675E+00     0.000000E+00     0.000000E+00     0.000000E+00     1.000000E+00 
  176   245   176     9.365464E-01     1.242471E+00     0.000000E+00     0.000000E+00     0.000000E+00     1.000000E+00 
  177   249   177     9.855717E-01     1.231180E+00     0.000000E+00     0.000000E+00     0.000000E+00     1.000000E+00 
  178   253   178     1.035113E+00     1.223885E+00     0.000000E+00     0.000000E+00     0.000000E+00     1.000000E+00 
  179   258   179     1.089048E+00     1.220126E+00     0.000000E+00     0.000000E+00     0.000000E+00     1.000000E+00 
  180   263   180     8.463969E-01     1.015697E+00     0.000000E+00     0.000000E+00     0.000000E+00     1.000000E+00 
  181   264   181     8.444825E-01     3.457216E+00     0.000000E+00     0.000000E+00     0.000000E+00     1.000000E+00 
  182   265   182     8.591109E-01     4.955044E+00     0.000000E+00     0.000000E+00     0.000000E+00     1.000000E+00 
  183   267   183     8.432445E-01     3.987300E+00     0.000000E+00     0.000000E+00     0.000000E+00     1.000000E+00 
  184   268   184     8.412077E-01     6.091861E-01     0.000000E+00     0.000000E+00     0.000000E+00     1.000000E+00 
  185   269   185     8.401466E-01     3.463807E+00     0.000000E+00     0.000000E+00     0.000000E+00     1.000000E+00 
  186   270   186     8.399201E-01     9.766888E+00     0.000000E+00     0.000000E+00     0.000000E+00     1.000000E+00 
  187   271   187     8.396232E-01     4.349378E+00     0.000000E+00     0.000000E+00     0.000000E+00     1.000000E+00 
  188   272   188     8.385318E-01     4.215729E+00     0.000000E+00     0.000000E+00     0.000000E+00     1.000000E+00 
  189   273   189     8.374121E-01     6.111750E+00     0.000000E+00     0.000000E+00     0.000000E+00     1.000000E+00 
  190   274   190     8.368809E-01     6.993622E+00     0.000000E+00     0.000000E+00     0.000000E+00     1.000000E+00 
  191   275   191     8.360816E-01     1.015972E+00     0.000000E+00     0.000000E+00     0.000000E+00     1.000000E+00 
  192   276   192     8.355661E-01     5.064948E+00     0.000000E+00     0.000000E+00     0.000000E+00     1.000000E+00 
  193   277   193     8.346466E-01     3.404139E+00     0.000000E+00     0.000000E+00     0.000000E+00     1.000000E+00 
  194   278   194     8.325329E-01     3.443719E+00     0.000000E+00     0.000000E+00     0.000000E+00     1.000000E+00 
  195   279   195     8.336181E-01     8.758303E-01     0.000000E+00     0.000000E+00     0.000000E+00     1.000000E+00 
  196   281   196     8.320625E-01     2.600866E+00     0.000000E+00     0.000000E+00     0.000000E+00     1.000000E+00 
  197   282   197     8.318424E-01     3.206768E+00     0.000000E+00     0.000000E+00     0.000000E+00     1.000000E+00 
  198   283   198     8.315046E-01     1.654127E+00     0.000000E+00     0.000000E+00     0.000000E+00     1.000000E+00 
  199   284   199     8.313724E-01     1.155443E+00     0.000000E+00     0.000000E+00     0.000000E+00     1.000000E+00 
  200   284   200     8.313724E-01     6.949501E-01     0.000000E+00     0.000000E+00     1.308202E-04     1.000000E+00 
