
	Solution from PySLSQP:
	----------------------------------------------------------------------------------------------------
	Problem                       : SP2_V7
	Solver                        : pyslsqp
	Success                       : True
	Message                       : Optimization terminated successfully
	Status                        : 0
	Objective                     : 0.6698452365487284
	Optimality                    : -3.800027383871196e-07
	Feasibility                   : 0.0
	Gradient norm                 : 0.0016467531030488333
	Major iterations              : 11
	Total function evals          : 17
	Total gradient evals          : 10
	Total time                    : 1166.3904707431793
	Function eval. time           : 751.6388723999844
	Derivative eval. time         : 414.72233670000423
	Optimizer time                : 0.0007568999790237285
	Processing time               : 0.017992700035392772
	Visualization time            : 0.0
	Summary saved in              : SP2_V7_outputs/2026-04-17_20.54.02.958690/slsqp_summary.out
	Total callbacks               : 27
	Reused callbacks              : 0
	obj callbacks                 : 17
	grad callbacks                : 10
	hess callbacks                : 0
	con callbacks                 : 0
	jac callbacks                 : 0
	Optimal variables             : [3.79364949e-01 5.18322184e-01 2.54522308e+00 5.24007882e+00
 4.99121079e+00 3.55799769e+00 2.34893058e+00 1.35723964e+00
 6.23395205e-01 2.14961244e-01 4.78360841e-01 6.42810318e-01
 7.20921361e-01 1.48090765e+00 1.23737164e+00 1.00742368e+00
 8.03732476e-01 4.45561343e-01 2.70324196e-01 1.99078624e-01
 9.97586586e+00 0.00000000e+00 2.64505729e-20]
	Optimal obj. gradient         : [-2.52394450e-05 -1.36280653e-04 -5.22426435e-05 -2.58896270e-05
 -1.12930869e-03 -1.05655661e-04 -1.15076304e-04 -1.16322151e-04
 -1.08990677e-04 -9.30961924e-05 -5.45267651e-06 -2.93933804e-05
 -9.98881867e-06 -4.10697951e-06 -8.65875187e-05 -1.68317126e-05
 -1.89908733e-05 -1.96829249e-05 -1.86360551e-05 -1.54217364e-05
 -1.15984568e-03  0.00000000e+00 -5.70715295e-23]
	Optimal constraints           : []
	Optimal multipliers (constr.) : []
	Optimal Jacobian              : []
	----------------------------------------------------------------------------------------------------
