
	Solution from PySLSQP:
	----------------------------------------------------------------------------------------------------
	Problem                       : unnamed_problem
	Solver                        : pyslsqp
	Success                       : True
	Message                       : Optimization terminated successfully
	Status                        : 0
	Objective                     : 1.5319584771201777
	Optimality                    : -2.530991148885775e-06
	Feasibility                   : 0.0
	Gradient norm                 : 0.11197809051083829
	Major iterations              : 24
	Total function evals          : 85
	Total gradient evals          : 23
	Total time                    : 6362.541215419769
	Function eval. time           : 5041.990494100028
	Derivative eval. time         : 1320.5129239999806
	Optimizer time                : 0.0027775000198744237
	Processing time               : 0.03302069997880608
	Visualization time            : 0.0
	Summary saved in              : unnamed_problem_outputs/2026-04-12_19.40.00.900184/slsqp_summary.out
	Total callbacks               : 108
	Reused callbacks              : 0
	obj callbacks                 : 85
	grad callbacks                : 23
	hess callbacks                : 0
	con callbacks                 : 0
	jac callbacks                 : 0
	Optimal variables             : [ 1.00000000e-01  1.00000000e-01  2.01332872e-01  1.43406095e-01
  1.00000000e-01  1.00000000e-01  1.00000000e-01  1.02562961e-01
  1.00000000e-01  1.00000000e-01  1.20378740e-01  1.45457823e-01
  2.56923898e-01  2.40089889e-01  1.14946982e-01  1.00000000e-01
  1.00000000e-01  1.00000000e-01  1.00000000e-01  1.00000000e-01
 -7.28798694e-02  0.00000000e+00 -3.11067693e-19]
	Optimal obj. gradient         : [ 6.46317685e-02  7.14131219e-02 -1.97580841e-02  3.65790546e-02
  1.87625751e-02  1.58188919e-02  1.28685454e-02  9.98926165e-03
  7.11807811e-03  4.26682823e-03  1.40013649e-02  1.54679773e-02
  7.31110049e-03  7.45238407e-03  3.79292564e-03  3.16226359e-03
  2.53369398e-03  1.91952081e-03  1.30803356e-03  7.00440118e-04
 -4.00951739e-03  0.00000000e+00 -5.42200336e-22]
	Optimal constraints           : []
	Optimal multipliers (constr.) : []
	Optimal Jacobian              : []
	----------------------------------------------------------------------------------------------------
