
	Solution from PySLSQP:
	----------------------------------------------------------------------------------------------------
	Problem                       : SP1_V9
	Solver                        : pyslsqp
	Success                       : True
	Message                       : Optimization terminated successfully
	Status                        : 0
	Objective                     : 0.6112292619420545
	Optimality                    : -2.077872041095219e-08
	Feasibility                   : 0.0
	Gradient norm                 : 0.03717542077376386
	Major iterations              : 46
	Total function evals          : 77
	Total gradient evals          : 45
	Total time                    : 10466.868214130402
	Function eval. time           : 5839.765332200797
	Derivative eval. time         : 4627.042016400024
	Optimizer time                : 0.0032279996667057276
	Processing time               : 0.05805389932356775
	Visualization time            : 0.0
	Summary saved in              : SP1_V9_outputs/2026-05-01_14.01.41.641031/slsqp_summary.out
	Total callbacks               : 122
	Reused callbacks              : 0
	obj callbacks                 : 77
	grad callbacks                : 45
	hess callbacks                : 0
	con callbacks                 : 0
	jac callbacks                 : 0
	Optimal variables             : [ 5.         -3.75911106  2.47148234  4.18675772  3.         13.22110103
  9.00025673  1.71326138 -5.35682016 -6.05478909  5.52228675  1.49857258
  3.85385222  3.83237775  0.48344883]
	Optimal obj. gradient         : [-0.01398336  0.00072727  0.00112695  0.00023909  0.02229606  0.00419473
 -0.00529189  0.00090234  0.00046938  0.01205881 -0.01107751  0.01840916
  0.00549158 -0.00035127  0.00188899]
	Optimal constraints           : []
	Optimal multipliers (constr.) : []
	Optimal Jacobian              : []
	----------------------------------------------------------------------------------------------------
