
	Solution from PySLSQP:
	----------------------------------------------------------------------------------------------------
	Problem                       : SP2_V10
	Solver                        : pyslsqp
	Success                       : True
	Message                       : Optimization terminated successfully
	Status                        : 0
	Objective                     : 0.5316212318943873
	Optimality                    : -7.720016292900311e-08
	Feasibility                   : 0.0
	Gradient norm                 : 0.08552083235675727
	Major iterations              : 2
	Total function evals          : 12
	Total gradient evals          : 1
	Total time                    : 1152.1755802631378
	Function eval. time           : 1152.1508435000433
	Derivative eval. time         : 0.00029589992482215166
	Optimizer time                : 0.0009578001918271184
	Processing time               : 0.02305649989284575
	Visualization time            : 0.0
	Summary saved in              : SP2_V10_outputs/2026-05-03_02.12.59.986821/slsqp_summary.out
	Total callbacks               : 13
	Reused callbacks              : 0
	obj callbacks                 : 12
	grad callbacks                : 1
	hess callbacks                : 0
	con callbacks                 : 0
	jac callbacks                 : 0
	Optimal variables             : [1.18174482e-01 3.10776306e-01 1.60179577e+00 3.24157743e+00
 3.15275116e+00 2.60056115e+00 1.83221361e+00 1.22247490e+00
 7.51429619e-01 1.53453710e-01 1.00000000e-01 2.43387930e-01
 2.74731745e-01 5.85255913e-01 6.11301065e-01 5.14113288e-01
 3.56192466e-01 2.46524473e-01 1.61204938e-01 1.00000000e-01
 1.00000000e+01 0.00000000e+00 1.21743187e-18]
	Optimal obj. gradient         : [ 2.05198573e-02 -8.21628096e-02  1.70551335e-03  8.11371790e-04
  1.95211370e-03  1.70569333e-03  1.46662817e-03  1.22939737e-03
  9.96985410e-04  7.69264983e-04  4.43878393e-03 -1.02707511e-02
  3.28304170e-04  1.35730847e-04  3.16638340e-04  2.76267523e-04
  2.42400987e-04  2.05170811e-04  1.65596498e-04  1.29755464e-04
 -9.20059402e-04  0.00000000e+00 -1.26362750e-23]
	Optimal constraints           : []
	Optimal multipliers (constr.) : []
	Optimal Jacobian              : []
	----------------------------------------------------------------------------------------------------
