
	Solution from PySLSQP:
	----------------------------------------------------------------------------------------------------
	Problem                       : SP2_V7
	Solver                        : pyslsqp
	Success                       : True
	Message                       : Optimization terminated successfully
	Status                        : 0
	Objective                     : 0.6705424050226572
	Optimality                    : -5.360761012873638e-08
	Feasibility                   : 0.0
	Gradient norm                 : 0.019704657622962713
	Major iterations              : 2
	Total function evals          : 6
	Total gradient evals          : 1
	Total time                    : 276.7669723033905
	Function eval. time           : 276.7580978000042
	Derivative eval. time         : 2.0399995264597237e-05
	Optimizer time                : 0.00012949998199474066
	Processing time               : 0.003938800029573031
	Visualization time            : 0.0
	Summary saved in              : SP2_V7_outputs/2026-04-18_06.42.33.899065/slsqp_summary.out
	Total callbacks               : 7
	Reused callbacks              : 0
	obj callbacks                 : 6
	grad callbacks                : 1
	hess callbacks                : 0
	con callbacks                 : 0
	jac callbacks                 : 0
	Optimal variables             : [3.71102417e-01 5.11549226e-01 2.55889989e+00 5.27098134e+00
 5.01486153e+00 3.56330032e+00 2.34715527e+00 1.35573263e+00
 6.22170794e-01 2.14032276e-01 4.76571390e-01 6.41349491e-01
 7.23253777e-01 1.48385470e+00 1.23884353e+00 1.00762924e+00
 8.03439466e-01 4.45306308e-01 2.70114803e-01 1.98924644e-01
 9.97441735e+00 0.00000000e+00 2.18778064e-20]
	Optimal obj. gradient         : [ 1.25021262e-02  1.04697515e-02  2.81063291e-03  1.31627887e-03
 -6.69652162e-03  3.25907370e-03  2.89600665e-03  2.50025434e-03
  2.06421950e-03  1.59008722e-03  2.70117616e-03  2.25837870e-03
  5.37311177e-04  2.08523860e-04 -1.73114404e-04  5.19174889e-04
  4.78203163e-04  4.23274212e-04  3.53101563e-04  2.63604362e-04
  4.71164803e-03  0.00000000e+00  6.56167438e-22]
	Optimal constraints           : []
	Optimal multipliers (constr.) : []
	Optimal Jacobian              : []
	----------------------------------------------------------------------------------------------------
