
	Solution from PySLSQP:
	----------------------------------------------------------------------------------------------------
	Problem                       : SP2_V5
	Solver                        : pyslsqp
	Success                       : True
	Message                       : Optimization terminated successfully
	Status                        : 0
	Objective                     : 0.6695184683350353
	Optimality                    : -7.775441245305714e-07
	Feasibility                   : 0.0
	Gradient norm                 : 0.030782445407899903
	Major iterations              : 2
	Total function evals          : 6
	Total gradient evals          : 1
	Total time                    : 412.13316464424133
	Function eval. time           : 412.1321118000051
	Derivative eval. time         : 0.00011359999189153314
	Optimizer time                : 0.00014030000602360815
	Processing time               : 0.006312500001513399
	Visualization time            : 0.0
	Summary saved in              : SP2_V5_outputs/2026-04-18_02.30.59.115019/slsqp_summary.out
	Total callbacks               : 7
	Reused callbacks              : 0
	obj callbacks                 : 6
	grad callbacks                : 1
	hess callbacks                : 0
	con callbacks                 : 0
	jac callbacks                 : 0
	Optimal variables             : [ 3.46694174e-01  4.70560843e-01  2.34660026e+00  5.14161163e+00
  4.67161201e+00  3.30905472e+00  2.26086892e+00  1.26698523e+00
  5.31006834e-01  1.20509039e-01  3.92866075e-01  5.54068790e-01
  6.03960859e-01  1.38144942e+00  1.12316236e+00  8.97827955e-01
  7.05706382e-01  3.47212304e-01  1.71626473e-01  1.00001519e-01
  9.99999997e+00  0.00000000e+00 -3.51488593e-14]
	Optimal obj. gradient         : [ 1.86161094e-02  1.41740470e-02  3.45349913e-03  1.56774285e-03
  4.03308070e-03 -1.67232379e-02  2.75411617e-03  2.18613502e-03
  1.65884208e-03  1.17509649e-03  4.02261279e-03  3.05855916e-03
  6.66030573e-04  2.50047135e-04  6.29907476e-04 -9.33161112e-04
  4.57542099e-04  3.72705676e-04  2.86239639e-04  1.97308912e-04
 -6.74558716e-03  0.00000000e+00  1.43503263e-19]
	Optimal constraints           : []
	Optimal multipliers (constr.) : []
	Optimal Jacobian              : []
	----------------------------------------------------------------------------------------------------
