
	Solution from PySLSQP:
	----------------------------------------------------------------------------------------------------
	Problem                       : SP2_V5
	Solver                        : pyslsqp
	Success                       : True
	Message                       : Optimization terminated successfully
	Status                        : 0
	Objective                     : 0.669166889052091
	Optimality                    : -7.011150515712217e-07
	Feasibility                   : 0.0
	Gradient norm                 : 0.018242371845524862
	Major iterations              : 3
	Total function evals          : 8
	Total gradient evals          : 2
	Total time                    : 432.10560178756714
	Function eval. time           : 366.7816007999936
	Derivative eval. time         : 65.31677749999653
	Optimizer time                : 0.00023759998293826357
	Processing time               : 0.0062897000316297635
	Visualization time            : 0.0
	Summary saved in              : SP2_V5_outputs/2026-04-17_13.34.27.936016/slsqp_summary.out
	Total callbacks               : 10
	Reused callbacks              : 0
	obj callbacks                 : 8
	grad callbacks                : 2
	hess callbacks                : 0
	con callbacks                 : 0
	jac callbacks                 : 0
	Optimal variables             : [ 3.46854829e-01  4.70819761e-01  2.34667058e+00  5.14164309e+00
  4.67167978e+00  3.30908697e+00  2.26089966e+00  1.26700067e+00
  5.31011001e-01  1.20506015e-01  3.92937192e-01  5.54130060e-01
  6.03974419e-01  1.38145444e+00  1.12317343e+00  8.97834757e-01
  7.05711488e-01  3.47214937e-01  1.71627192e-01  1.00000000e-01
  1.00000000e+01  0.00000000e+00 -3.51488467e-14]
	Optimal obj. gradient         : [ 1.11755097e-02  8.13590112e-03  1.91312912e-03  8.65227931e-04
 -7.92962294e-03  1.70600125e-03  1.30794183e-03  9.62099760e-04
  6.65816763e-04  4.20798821e-04  2.41482730e-03  1.75559019e-03
  3.68841827e-04  1.37916564e-04 -3.85515932e-04  2.76359012e-04
  2.17213930e-04  1.63987225e-04  1.14875821e-04  7.06601872e-05
 -7.67193837e-03  0.00000000e+00  1.65550021e-19]
	Optimal constraints           : []
	Optimal multipliers (constr.) : []
	Optimal Jacobian              : []
	----------------------------------------------------------------------------------------------------
