
	Solution from PySLSQP:
	----------------------------------------------------------------------------------------------------
	Problem                       : SP2_V7
	Solver                        : pyslsqp
	Success                       : True
	Message                       : Optimization terminated successfully
	Status                        : 0
	Objective                     : 0.6705589344413562
	Optimality                    : -2.8336434421127876e-08
	Feasibility                   : 0.0
	Gradient norm                 : 0.19066973785107133
	Major iterations              : 2
	Total function evals          : 12
	Total gradient evals          : 1
	Total time                    : 642.888288974762
	Function eval. time           : 642.8916862000187
	Derivative eval. time         : 2.4499997380189598e-05
	Optimizer time                : 0.00025019999884534627
	Processing time               : 0.004203399992547929
	Visualization time            : 0.0
	Summary saved in              : SP2_V7_outputs/2026-04-18_07.58.03.440398/slsqp_summary.out
	Total callbacks               : 13
	Reused callbacks              : 0
	obj callbacks                 : 12
	grad callbacks                : 1
	hess callbacks                : 0
	con callbacks                 : 0
	jac callbacks                 : 0
	Optimal variables             : [3.71111932e-01 5.11548553e-01 2.55889972e+00 5.27098126e+00
 5.01486133e+00 3.56330016e+00 2.34715514e+00 1.35573253e+00
 6.22170719e-01 2.14032224e-01 4.76572203e-01 6.41349346e-01
 7.23253745e-01 1.48385469e+00 1.23884350e+00 1.00762922e+00
 8.03439444e-01 4.45306291e-01 2.70114791e-01 1.98924635e-01
 9.97441780e+00 0.00000000e+00 2.18778779e-20]
	Optimal obj. gradient         : [-1.89127733e-01  1.33714802e-02  3.37626544e-03  1.56325626e-03
  4.01596334e-03  3.28781426e-03  2.62621205e-03  2.02950656e-03
  1.49215111e-03  1.01717377e-03 -1.61664956e-02  2.88429625e-03
  6.45442894e-04  2.47650307e-04  6.13914386e-04  5.23754773e-04
  4.33654277e-04  3.43580724e-04  2.55244899e-04  1.68627075e-04
 -8.97730265e-03  0.00000000e+00 -1.42169676e-21]
	Optimal constraints           : []
	Optimal multipliers (constr.) : []
	Optimal Jacobian              : []
	----------------------------------------------------------------------------------------------------
