
	Solution from PySLSQP:
	----------------------------------------------------------------------------------------------------
	Problem                       : SP2_V7
	Solver                        : pyslsqp
	Success                       : True
	Message                       : Optimization terminated successfully
	Status                        : 0
	Objective                     : 0.6705418425466263
	Optimality                    : -2.1990838849905714e-07
	Feasibility                   : 0.0
	Gradient norm                 : 0.023021588905741082
	Major iterations              : 2
	Total function evals          : 6
	Total gradient evals          : 1
	Total time                    : 395.8957042694092
	Function eval. time           : 395.876561499972
	Derivative eval. time         : 2.649999805726111e-05
	Optimizer time                : 0.0001339000154985115
	Processing time               : 0.00561010000819806
	Visualization time            : 0.0
	Summary saved in              : SP2_V7_outputs/2026-04-18_13.42.50.714834/slsqp_summary.out
	Total callbacks               : 7
	Reused callbacks              : 0
	obj callbacks                 : 6
	grad callbacks                : 1
	hess callbacks                : 0
	con callbacks                 : 0
	jac callbacks                 : 0
	Optimal variables             : [3.71122152e-01 5.11541552e-01 2.55889797e+00 5.27098046e+00
 5.01486200e+00 3.56329854e+00 2.34715389e+00 1.35573160e+00
 6.22170072e-01 2.14031811e-01 4.76572052e-01 6.41347836e-01
 7.23253412e-01 1.48385456e+00 1.23884338e+00 1.00762896e+00
 8.03439238e-01 4.45306134e-01 2.70114680e-01 1.98924567e-01
 9.97442425e+00 0.00000000e+00 2.18771133e-20]
	Optimal obj. gradient         : [ 1.58174090e-02  1.16855291e-02  2.92223250e-03  1.35023004e-03
 -1.71947398e-03  2.76131015e-03  2.15876672e-03  1.62621306e-03
  1.15931993e-03  7.60764226e-04  3.41747110e-03  2.52062616e-03
  5.58633219e-04  2.13882728e-04  1.63249300e-04  4.39832856e-04
  3.56433462e-04  2.75284767e-04  1.98297985e-04  1.26102492e-04
 -9.70624984e-03  0.00000000e+00  1.53602210e-21]
	Optimal constraints           : []
	Optimal multipliers (constr.) : []
	Optimal Jacobian              : []
	----------------------------------------------------------------------------------------------------
