
	Solution from PySLSQP:
	----------------------------------------------------------------------------------------------------
	Problem                       : SP2_V7
	Solver                        : pyslsqp
	Success                       : True
	Message                       : Optimization terminated successfully
	Status                        : 0
	Objective                     : 0.6704542438446612
	Optimality                    : -3.138491355691997e-08
	Feasibility                   : 0.0
	Gradient norm                 : 0.026396117469911388
	Major iterations              : 2
	Total function evals          : 7
	Total gradient evals          : 1
	Total time                    : 403.0437548160553
	Function eval. time           : 403.03097710000293
	Derivative eval. time         : 2.7000001864507794e-05
	Optimizer time                : 0.00013689999468624592
	Processing time               : 0.0037321999989217147
	Visualization time            : 0.0
	Summary saved in              : SP2_V7_outputs/2026-04-18_02.17.15.780056/slsqp_summary.out
	Total callbacks               : 8
	Reused callbacks              : 0
	obj callbacks                 : 7
	grad callbacks                : 1
	hess callbacks                : 0
	con callbacks                 : 0
	jac callbacks                 : 0
	Optimal variables             : [3.71103067e-01 5.11556870e-01 2.55890180e+00 5.27098222e+00
 5.01485891e+00 3.56330212e+00 2.34715667e+00 1.35573368e+00
 6.22171541e-01 2.14032764e-01 4.76572691e-01 6.41351140e-01
 7.23254142e-01 1.48385484e+00 1.23884354e+00 1.00762953e+00
 8.03439697e-01 4.45306486e-01 2.70114931e-01 1.98924724e-01
 9.97441093e+00 0.00000000e+00 2.18774920e-20]
	Optimal obj. gradient         : [ 1.74931334e-02  1.29450854e-02  3.22881647e-03  1.49153205e-03
 -7.20105888e-03  3.04727079e-03  2.38127889e-03  1.79273596e-03
  1.27685473e-03  8.36598352e-04  3.77953348e-03  2.79231653e-03
  6.17228807e-04  2.36240379e-04 -1.92194052e-04  4.85303791e-04
  3.93114432e-04  3.03434627e-04  2.18374719e-04  1.38631686e-04
 -1.07265897e-02  0.00000000e+00 -1.67161666e-21]
	Optimal constraints           : []
	Optimal multipliers (constr.) : []
	Optimal Jacobian              : []
	----------------------------------------------------------------------------------------------------
