
	Solution from PySLSQP:
	----------------------------------------------------------------------------------------------------
	Problem                       : unnamed_problem
	Solver                        : pyslsqp
	Success                       : True
	Message                       : Optimization terminated successfully
	Status                        : 0
	Objective                     : 1.902020442506855
	Optimality                    : -3.7680349034285854e-06
	Feasibility                   : 0.0
	Gradient norm                 : 0.5615968716634581
	Major iterations              : 101
	Total function evals          : 156
	Total gradient evals          : 100
	Total time                    : 16278.522924900055
	Function eval. time           : 8726.84454760031
	Derivative eval. time         : 7551.541915799957
	Optimizer time                : 0.006843700131867081
	Processing time               : 0.12517329957336187
	Visualization time            : 0.0
	Summary saved in              : unnamed_problem_outputs/2026-04-11_03.36.10.537251/slsqp_summary.out
	Total callbacks               : 256
	Reused callbacks              : 0
	obj callbacks                 : 156
	grad callbacks                : 100
	hess callbacks                : 0
	con callbacks                 : 0
	jac callbacks                 : 0
	Optimal variables             : [  5.          -5.29503133 -10.           3.           7.30428378
   8.          -7.58981611   8.55861255   4.39439415   6.05478909
   5.42658342   1.58763512   3.93358523   4.12824757  -0.51130564]
	Optimal obj. gradient         : [ 0.30374409  0.18200124  0.11021871  0.20584816  0.09130426 -0.12403837
  0.00159608 -0.01635031 -0.00145453 -0.04664432  0.19544433  0.23737921
  0.02535295  0.07959943 -0.08825305]
	Optimal constraints           : []
	Optimal multipliers (constr.) : []
	Optimal Jacobian              : []
	----------------------------------------------------------------------------------------------------
