
	Solution from PySLSQP:
	----------------------------------------------------------------------------------------------------
	Problem                       : SP1_V2
	Solver                        : pyslsqp
	Success                       : True
	Message                       : Optimization terminated successfully
	Status                        : 0
	Objective                     : 1.0630464196290168
	Optimality                    : -2.013927416832928e-06
	Feasibility                   : 0.0
	Gradient norm                 : 0.17441385610575422
	Major iterations              : 18
	Total function evals          : 30
	Total gradient evals          : 17
	Total time                    : 1851.9609558582306
	Function eval. time           : 1016.301808600314
	Derivative eval. time         : 835.6383403998334
	Optimizer time                : 0.0011179997818544507
	Processing time               : 0.016310100094415247
	Visualization time            : 0.0
	Summary saved in              : SP1_V2_outputs/2026-04-16_01.16.32.037078/slsqp_summary.out
	Total callbacks               : 47
	Reused callbacks              : 0
	obj callbacks                 : 30
	grad callbacks                : 17
	hess callbacks                : 0
	con callbacks                 : 0
	jac callbacks                 : 0
	Optimal variables             : [ 5.         -9.24125485 -8.18713714  4.96593539  4.57343615  8.
  9.00025673  5.51859523  6.30416899  5.5345658  11.98427002  1.77487001
  1.86474494  1.68362448  0.25695729]
	Optimal obj. gradient         : [ 0.08741457  0.0382704   0.01955789  0.04689579  0.0307413   0.03659104
 -0.00389756 -0.00023176  0.00085814  0.0027044  -0.01608475  0.02147461
  0.01636009 -0.00804518 -0.12398812]
	Optimal constraints           : []
	Optimal multipliers (constr.) : []
	Optimal Jacobian              : []
	----------------------------------------------------------------------------------------------------
