
	Solution from PySLSQP:
	----------------------------------------------------------------------------------------------------
	Problem                       : SP2_V7
	Solver                        : pyslsqp
	Success                       : True
	Message                       : Optimization terminated successfully
	Status                        : 0
	Objective                     : 0.6704492274594036
	Optimality                    : -7.278410125710622e-07
	Feasibility                   : 0.0
	Gradient norm                 : 0.010323122543772151
	Major iterations              : 5
	Total function evals          : 21
	Total gradient evals          : 4
	Total time                    : 2042.9084203243256
	Function eval. time           : 1775.822468899918
	Derivative eval. time         : 265.96841169995605
	Optimizer time                : 0.0005195999692659825
	Processing time               : 0.009391200146637857
	Visualization time            : 0.0
	Summary saved in              : SP2_V7_outputs/2026-04-18_21.23.22.019555/slsqp_summary.out
	Total callbacks               : 25
	Reused callbacks              : 0
	obj callbacks                 : 21
	grad callbacks                : 4
	hess callbacks                : 0
	con callbacks                 : 0
	jac callbacks                 : 0
	Optimal variables             : [3.70940617e-01 5.10262159e-01 2.55856573e+00 5.27168214e+00
 5.01445560e+00 3.56294603e+00 2.34685605e+00 1.35548687e+00
 6.21977599e-01 2.13890469e-01 4.76360565e-01 6.41071864e-01
 7.23189897e-01 1.48391344e+00 1.23878106e+00 1.00757281e+00
 8.03390061e-01 4.45264705e-01 2.70081757e-01 1.98901137e-01
 9.97462947e+00 0.00000000e+00 2.18199586e-20]
	Optimal obj. gradient         : [-3.27264417e-03 -2.85743375e-03 -7.83205032e-04 -8.68955817e-03
 -1.02294414e-03 -9.55283956e-04 -8.71068560e-04 -7.69933642e-04
 -6.49492214e-04 -5.10322897e-04 -7.07079963e-04 -6.16371791e-04
 -1.49724179e-04 -8.68542559e-04 -1.56356619e-04 -1.52164691e-04
 -1.43826639e-04 -1.30339245e-04 -1.11099356e-04 -8.46026948e-05
 -2.41156668e-03  0.00000000e+00  3.90686803e-22]
	Optimal constraints           : []
	Optimal multipliers (constr.) : []
	Optimal Jacobian              : []
	----------------------------------------------------------------------------------------------------
