
	Solution from PySLSQP:
	----------------------------------------------------------------------------------------------------
	Problem                       : SP1_V7
	Solver                        : pyslsqp
	Success                       : True
	Message                       : Optimization terminated successfully
	Status                        : 0
	Objective                     : 0.6705420624564938
	Optimality                    : -5.732688046489187e-08
	Feasibility                   : 0.0
	Gradient norm                 : 0.03947168150863112
	Major iterations              : 2
	Total function evals          : 6
	Total gradient evals          : 1
	Total time                    : 436.2786328792572
	Function eval. time           : 436.2714943000028
	Derivative eval. time         : 4.9000009312294424e-05
	Optimizer time                : 0.0001339000154985115
	Processing time               : 0.005333599969162606
	Visualization time            : 0.0
	Summary saved in              : SP1_V7_outputs/2026-04-18_13.01.13.328394/slsqp_summary.out
	Total callbacks               : 7
	Reused callbacks              : 0
	obj callbacks                 : 6
	grad callbacks                : 1
	hess callbacks                : 0
	con callbacks                 : 0
	jac callbacks                 : 0
	Optimal variables             : [ 5.         -1.83836007 -1.62060584  3.          3.         17.99103
 -1.51475128 -4.73597075 -3.7506945  -3.91144902  5.09844728  1.6568225
  3.98342969  3.22853905  0.52009223]
	Optimal obj. gradient         : [-3.24436289e-02 -3.31586086e-03 -2.15289117e-03  1.64620111e-02
  4.90336784e-03 -4.16246767e-03 -3.85371288e-04  5.34866535e-04
  3.17730473e-04  1.45736460e-03 -2.83641102e-04 -1.19646212e-02
 -5.17835085e-03 -2.17093204e-03 -8.61041954e-05]
	Optimal constraints           : []
	Optimal multipliers (constr.) : []
	Optimal Jacobian              : []
	----------------------------------------------------------------------------------------------------
