
	Solution from PySLSQP:
	----------------------------------------------------------------------------------------------------
	Problem                       : unnamed_problem
	Solver                        : pyslsqp
	Success                       : True
	Message                       : Optimization terminated successfully
	Status                        : 0
	Objective                     : 1.686148612281012
	Optimality                    : -2.4023381328674986e-07
	Feasibility                   : 0.0
	Gradient norm                 : 0.4721275371411694
	Major iterations              : 18
	Total function evals          : 79
	Total gradient evals          : 17
	Total time                    : 3452.116522550583
	Function eval. time           : 2864.1470379001694
	Derivative eval. time         : 587.9499755999423
	Optimizer time                : 0.00249779992736876
	Processing time               : 0.026534399949014187
	Visualization time            : 0.0
	Summary saved in              : unnamed_problem_outputs/2026-04-11_08.24.31.496915/slsqp_summary.out
	Total callbacks               : 96
	Reused callbacks              : 0
	obj callbacks                 : 79
	grad callbacks                : 17
	hess callbacks                : 0
	con callbacks                 : 0
	jac callbacks                 : 0
	Optimal variables             : [ 1.00000000e-01  1.00000000e-01  1.77589456e-01  1.24546128e-01
  1.00000000e-01  1.32449204e-01  1.83514627e-01  1.45633871e-01
  1.00000000e-01  1.00000000e-01  1.00000000e-01  1.23413265e-01
  2.97733873e-01  2.97681386e-01  1.00000000e-01  1.00000000e-01
  1.00000000e-01  1.00000000e-01  1.00000000e-01  1.00000000e-01
 -3.90207860e-02  0.00000000e+00 -1.06283725e-19]
	Optimal obj. gradient         : [ 1.86329951e-01  1.39667408e-01  1.55278776e-01  5.20922823e-02
  2.29764596e-02  1.98778435e-02  1.67837840e-02  1.37931268e-02
  1.07970384e-02  7.80554813e-03  4.03609452e-02 -3.70669473e-01
  3.28566236e-02  1.05278240e-02  4.58835666e-03  3.90460693e-03
  3.22347882e-03  2.58132176e-03  1.93998131e-03  1.28951377e-03
 -2.63455033e-03  0.00000000e+00 -2.90698376e-22]
	Optimal constraints           : []
	Optimal multipliers (constr.) : []
	Optimal Jacobian              : []
	----------------------------------------------------------------------------------------------------
