
	Solution from PySLSQP:
	----------------------------------------------------------------------------------------------------
	Problem                       : SP2_V9
	Solver                        : pyslsqp
	Success                       : True
	Message                       : Optimization terminated successfully
	Status                        : 0
	Objective                     : 0.7281967423524128
	Optimality                    : 3.1840262065865173e-09
	Feasibility                   : 0.0
	Gradient norm                 : 0.0023793286884838992
	Major iterations              : 6
	Total function evals          : 27
	Total gradient evals          : 6
	Total time                    : 1333.223271369934
	Function eval. time           : 1118.650916200073
	Derivative eval. time         : 214.5257688999991
	Optimizer time                : 0.0011340000201016665
	Processing time               : 0.032469899917487055
	Visualization time            : 0.0
	Summary saved in              : SP2_V9_outputs/2026-04-19_01.11.58.402958/slsqp_summary.out
	Total callbacks               : 33
	Reused callbacks              : 0
	obj callbacks                 : 27
	grad callbacks                : 6
	hess callbacks                : 0
	con callbacks                 : 0
	jac callbacks                 : 0
	Optimal variables             : [2.42706426e-01 3.70202248e-01 2.24371472e+00 5.04022220e+00
 4.56732120e+00 3.20596000e+00 2.15885244e+00 1.16575475e+00
 4.31930706e-01 1.01067066e-01 2.99555770e-01 4.51935473e-01
 5.03385175e-01 1.28120086e+00 1.03102581e+00 7.97295371e-01
 6.05335990e-01 2.46662358e-01 1.00248358e-01 1.00178676e-01
 8.02215878e+00 0.00000000e+00 4.98467714e-21]
	Optimal obj. gradient         : [-3.04915888e-04 -2.75344559e-04 -5.83938348e-05 -2.16175762e-05
 -5.41440867e-05 -4.74143285e-05 -4.07743971e-05 -8.55799585e-05
 -2.73934340e-05 -2.05583806e-05 -6.59552837e-05 -5.94986762e-05
 -1.14730181e-05 -3.41401343e-06 -8.37305117e-06 -7.63349788e-06
 -6.75100921e-06  2.33772500e-03 -4.74980556e-06 -3.44764542e-06
 -4.90265071e-07  0.00000000e+00 -1.12672817e-25]
	Optimal constraints           : []
	Optimal multipliers (constr.) : []
	Optimal Jacobian              : []
	----------------------------------------------------------------------------------------------------
