
	Solution from PySLSQP:
	----------------------------------------------------------------------------------------------------
	Problem                       : SP2_V5
	Solver                        : pyslsqp
	Success                       : True
	Message                       : Optimization terminated successfully
	Status                        : 0
	Objective                     : 0.6696945500820516
	Optimality                    : -3.4895911249499534e-07
	Feasibility                   : 0.0
	Gradient norm                 : 0.03170229481636976
	Major iterations              : 2
	Total function evals          : 5
	Total gradient evals          : 1
	Total time                    : 345.02684473991394
	Function eval. time           : 345.01945559999876
	Derivative eval. time         : 4.11000000895001e-05
	Optimizer time                : 0.00015970000822562724
	Processing time               : 0.006023299989465158
	Visualization time            : 0.0
	Summary saved in              : SP2_V5_outputs/2026-04-17_18.57.11.120550/slsqp_summary.out
	Total callbacks               : 6
	Reused callbacks              : 0
	obj callbacks                 : 5
	grad callbacks                : 1
	hess callbacks                : 0
	con callbacks                 : 0
	jac callbacks                 : 0
	Optimal variables             : [ 3.46915592e-01  4.70802631e-01  2.34666086e+00  5.14163867e+00
  4.67170026e+00  3.30907734e+00  2.26089172e+00  1.26699429e+00
  5.31006101e-01  1.20502498e-01  3.92937326e-01  5.54124219e-01
  6.03972546e-01  1.38145374e+00  1.12317393e+00  8.97833197e-01
  7.05710168e-01  3.47213849e-01  1.71626347e-01  1.00000000e-01
  1.00000000e+01  0.00000000e+00 -3.51488470e-14]
	Optimal obj. gradient         : [ 2.02092314e-02  1.58271300e-02  3.92210795e-03  1.78533509e-03
 -1.55360570e-02  4.00519337e-03  3.37193762e-03  2.76258784e-03
  2.16877375e-03  1.59360909e-03  4.36684748e-03  3.41526141e-03
  7.56405329e-04  2.84760525e-04 -7.19664692e-04  6.49112439e-04
  5.60181705e-04  4.70981378e-04  3.74226975e-04  2.67567877e-04
 -3.29017750e-03  0.00000000e+00  7.10163129e-20]
	Optimal constraints           : []
	Optimal multipliers (constr.) : []
	Optimal Jacobian              : []
	----------------------------------------------------------------------------------------------------
