
	Solution from PySLSQP:
	----------------------------------------------------------------------------------------------------
	Problem                       : unnamed_problem
	Solver                        : pyslsqp
	Success                       : True
	Message                       : Optimization terminated successfully
	Status                        : 0
	Objective                     : 1.1894912133937474
	Optimality                    : -1.0967465402522691e-07
	Feasibility                   : 0.0
	Gradient norm                 : 0.36516639928218536
	Major iterations              : 43
	Total function evals          : 79
	Total gradient evals          : 42
	Total time                    : 8887.35611820221
	Function eval. time           : 5091.553453899804
	Derivative eval. time         : 3795.7493659004103
	Optimizer time                : 0.002762399730272591
	Processing time               : 0.050031900056637824
	Visualization time            : 0.0
	Summary saved in              : unnamed_problem_outputs/2026-04-13_04.16.55.300101/slsqp_summary.out
	Total callbacks               : 121
	Reused callbacks              : 0
	obj callbacks                 : 79
	grad callbacks                : 42
	hess callbacks                : 0
	con callbacks                 : 0
	jac callbacks                 : 0
	Optimal variables             : [ 4.17369383 -4.14208872 -8.6740115   4.87072039  6.35953213  8.7093795
  0.72158921  1.53598979  3.02493722  3.42891888  5.60055449  1.95341422
  3.43637432  1.97924792  0.05857616]
	Optimal obj. gradient         : [-1.57777034e-01 -4.73768190e-02  1.13628060e-02 -6.41726344e-02
 -8.34401060e-02 -1.57517336e-02 -9.37242749e-03  6.25847336e-03
  2.34668166e-04  4.19939228e-04 -7.57356261e-02  6.14415545e-02
  8.37048733e-03 -9.70639435e-03  2.91458854e-01]
	Optimal constraints           : []
	Optimal multipliers (constr.) : []
	Optimal Jacobian              : []
	----------------------------------------------------------------------------------------------------
