
	Solution from PySLSQP:
	----------------------------------------------------------------------------------------------------
	Problem                       : SP2_V3
	Solver                        : pyslsqp
	Success                       : True
	Message                       : Optimization terminated successfully
	Status                        : 0
	Objective                     : 1.0785400891790333
	Optimality                    : -8.570678438069024e-07
	Feasibility                   : 0.0
	Gradient norm                 : 0.20419434358923944
	Major iterations              : 28
	Total function evals          : 80
	Total gradient evals          : 27
	Total time                    : 4030.346633911133
	Function eval. time           : 3026.994695599773
	Derivative eval. time         : 1003.3172621999402
	Optimizer time                : 0.0030938999261707067
	Processing time               : 0.037615300389006734
	Visualization time            : 0.0
	Summary saved in              : SP2_V3_outputs/2026-04-16_22.44.25.217395/slsqp_summary.out
	Total callbacks               : 107
	Reused callbacks              : 0
	obj callbacks                 : 80
	grad callbacks                : 27
	hess callbacks                : 0
	con callbacks                 : 0
	jac callbacks                 : 0
	Optimal variables             : [ 1.00000000e-01  1.00000000e-01  1.11629115e-01  1.00461117e-01
  1.00000000e-01  1.00000000e-01  1.00000000e-01  1.00000000e-01
  1.00000000e-01  1.00000000e-01  1.00000000e-01  1.10353694e-01
  1.06180386e-01  1.20033540e-01  1.14931896e-01  1.00000000e-01
  1.00000000e-01  1.00000000e-01  1.00000000e-01  1.00000000e-01
 -9.87747564e-03  0.00000000e+00  5.30398327e-20]
	Optimal obj. gradient         : [ 1.45293344e-01  1.27638393e-01  9.21248287e-04  3.56862203e-02
  2.12628943e-02  1.76126277e-02  1.39485786e-02  1.03396060e-02
  6.73920973e-03  3.16433908e-03  3.14612359e-02  2.76460582e-02
  6.31555494e-03  7.37331228e-03  4.36745825e-03  3.58871817e-03
  2.81018729e-03  2.04369751e-03  1.27962002e-03  5.21249519e-04
 -2.39620770e-03  0.00000000e+00  1.43364068e-24]
	Optimal constraints           : []
	Optimal multipliers (constr.) : []
	Optimal Jacobian              : []
	----------------------------------------------------------------------------------------------------
