
	Solution from PySLSQP:
	----------------------------------------------------------------------------------------------------
	Problem                       : SP1_V2
	Solver                        : pyslsqp
	Success                       : True
	Message                       : Optimization terminated successfully
	Status                        : 0
	Objective                     : 1.0062171072680823
	Optimality                    : -1.1758732432198826e-07
	Feasibility                   : 0.0
	Gradient norm                 : 0.051801235738315105
	Major iterations              : 2
	Total function evals          : 6
	Total gradient evals          : 1
	Total time                    : 606.6024069786072
	Function eval. time           : 606.596725899959
	Derivative eval. time         : 1.9400031305849552e-05
	Optimizer time                : 0.00013899989426136017
	Processing time               : 0.0031812001252546906
	Visualization time            : 0.0
	Summary saved in              : SP1_V2_outputs/2026-04-16_19.50.01.413532/slsqp_summary.out
	Total callbacks               : 7
	Reused callbacks              : 0
	obj callbacks                 : 6
	grad callbacks                : 1
	hess callbacks                : 0
	con callbacks                 : 0
	jac callbacks                 : 0
	Optimal variables             : [ 4.99999704 -8.73120278 -7.82167472  4.85522249  4.27912032  8.
  9.00025673  5.63548052  6.45873573  5.59739459 11.98427002  1.91842484
  1.72740532  1.69775152  0.33451421]
	Optimal obj. gradient         : [ 0.01883638  0.01911327  0.01589018  0.00748508  0.00287522  0.03092367
 -0.0004851   0.00068095  0.00010144 -0.00329613 -0.0151139   0.01609039
  0.00953981  0.00155822 -0.00989124]
	Optimal constraints           : []
	Optimal multipliers (constr.) : []
	Optimal Jacobian              : []
	----------------------------------------------------------------------------------------------------
