
	Solution from PySLSQP:
	----------------------------------------------------------------------------------------------------
	Problem                       : SP2_V7
	Solver                        : pyslsqp
	Success                       : True
	Message                       : Optimization terminated successfully
	Status                        : 0
	Objective                     : 0.6704683809168496
	Optimality                    : -1.4649676038924753e-07
	Feasibility                   : 0.0
	Gradient norm                 : 0.018317937632415827
	Major iterations              : 9
	Total function evals          : 28
	Total gradient evals          : 8
	Total time                    : 3310.6318106651306
	Function eval. time           : 2632.624723499961
	Derivative eval. time         : 677.9891670999641
	Optimizer time                : 0.0008182998280972242
	Processing time               : 0.015448300226125866
	Visualization time            : 0.0
	Summary saved in              : SP2_V7_outputs/2026-04-18_23.39.26.370036/slsqp_summary.out
	Total callbacks               : 36
	Reused callbacks              : 0
	obj callbacks                 : 28
	grad callbacks                : 8
	hess callbacks                : 0
	con callbacks                 : 0
	jac callbacks                 : 0
	Optimal variables             : [3.71611845e-01 5.07372780e-01 2.55780855e+00 5.27744979e+00
 5.02076318e+00 3.56239688e+00 2.34615027e+00 1.35489829e+00
 6.21507670e-01 2.13540011e-01 4.75994256e-01 6.40448603e-01
 7.23045148e-01 1.48445346e+00 1.23914594e+00 1.00746147e+00
 8.03273527e-01 4.45165068e-01 2.70001374e-01 1.98843038e-01
 9.97463796e+00 0.00000000e+00 2.21646742e-20]
	Optimal obj. gradient         : [ 1.56772756e-03  1.68147396e-03  5.01701762e-04  2.39135804e-04
  7.11094550e-04 -1.75416691e-02  7.17845331e-04  6.75777887e-04
  6.01142155e-04  4.94233428e-04  3.38717154e-04  3.62720567e-04
  9.59118828e-05  3.78660058e-05  1.08648770e-04 -1.20337076e-03
  1.18534594e-04  1.14406516e-04  1.02834147e-04  8.19382392e-05
  4.28930459e-03  0.00000000e+00 -9.21758598e-22]
	Optimal constraints           : []
	Optimal multipliers (constr.) : []
	Optimal Jacobian              : []
	----------------------------------------------------------------------------------------------------
