
	Solution from PySLSQP:
	----------------------------------------------------------------------------------------------------
	Problem                       : SP2_V7
	Solver                        : pyslsqp
	Success                       : True
	Message                       : Optimization terminated successfully
	Status                        : 0
	Objective                     : 0.6705669954579027
	Optimality                    : -4.197542947670385e-07
	Feasibility                   : 0.0
	Gradient norm                 : 0.02287018421709287
	Major iterations              : 4
	Total function evals          : 10
	Total gradient evals          : 3
	Total time                    : 1084.973888874054
	Function eval. time           : 897.7570388999884
	Derivative eval. time         : 187.21399829999427
	Optimizer time                : 0.0002993999805767089
	Processing time               : 0.009438500041142106
	Visualization time            : 0.0
	Summary saved in              : SP2_V7_outputs/2026-04-18_18.39.30.381958/slsqp_summary.out
	Total callbacks               : 13
	Reused callbacks              : 0
	obj callbacks                 : 10
	grad callbacks                : 3
	hess callbacks                : 0
	con callbacks                 : 0
	jac callbacks                 : 0
	Optimal variables             : [3.70844818e-01 5.10781021e-01 2.55870109e+00 5.27088888e+00
 5.01462303e+00 3.56309139e+00 2.34697975e+00 1.35558927e+00
 6.22058757e-01 2.13950548e-01 4.76429377e-01 6.41183786e-01
 7.23215774e-01 1.48384005e+00 1.23880665e+00 1.00759596e+00
 8.03410486e-01 4.45282041e-01 2.70095640e-01 1.98911096e-01
 9.97458544e+00 0.00000000e+00 2.18715180e-20]
	Optimal obj. gradient         : [-2.08091637e-02 -3.53240410e-03 -1.03469240e-03 -4.91713610e-04
 -1.44267869e-03 -1.45473917e-03 -1.41274069e-03 -1.31622432e-03
 -1.16093363e-03 -9.47512770e-04 -2.42470631e-03 -7.61963450e-04
 -1.97799631e-04 -7.78898523e-05 -2.20515583e-04 -2.31719578e-04
 -2.33260066e-04 -2.22812670e-04 -1.98576483e-04 -1.57059925e-04
 -7.69979915e-03  0.00000000e+00  1.10510789e-21]
	Optimal constraints           : []
	Optimal multipliers (constr.) : []
	Optimal Jacobian              : []
	----------------------------------------------------------------------------------------------------
