
	Solution from PySLSQP:
	----------------------------------------------------------------------------------------------------
	Problem                       : unnamed_problem
	Solver                        : pyslsqp
	Success                       : False
	Message                       : Iteration limit reached
	Status                        : 9
	Objective                     : 27.986236811907403
	Optimality                    : 665.7583976137095
	Feasibility                   : 0.0
	Gradient norm                 : 5453.889611530241
	Major iterations              : 2
	Total function evals          : 9
	Total gradient evals          : 2
	Total time                    : 564.5417590141296
	Function eval. time           : 500.56287269998575
	Derivative eval. time         : 63.96928650001064
	Optimizer time                : 0.0002378999488428235
	Processing time               : 0.006143300066469237
	Visualization time            : 0.0
	Summary saved in              : unnamed_problem_outputs/2026-04-09_18.10.21.412280/slsqp_summary.out
	Total callbacks               : 11
	Reused callbacks              : 0
	obj callbacks                 : 9
	grad callbacks                : 2
	hess callbacks                : 0
	con callbacks                 : 0
	jac callbacks                 : 0
	Optimal variables             : [ 1.00000001e-01  1.00000001e-01  1.00000000e-01  1.90122535e-01
  1.00000000e-01  1.00000000e-01  1.00000000e-01  1.00000000e-01
  1.00000000e-01  1.00000000e-01  1.00000000e-01  1.00000000e-01
  1.00000000e-01  1.90122895e-01  1.00000000e-01  1.00000000e-01
  1.00000000e-01  1.00000000e-01  1.00000000e-01  1.00000000e-01
  9.10332651e-02  0.00000000e+00 -1.15968633e-20]
	Optimal obj. gradient         : [ 1.83199371e+01  1.57683845e+01  5.50149046e+00  2.46121810e+00
 -5.43784786e+03  2.52552561e+00  1.99415546e+00  1.52440311e+00
  1.11751303e+00  7.73224795e-01  3.96643039e+00  3.41470704e+00
  1.14163172e+00  4.95893723e-01 -4.16737021e+02  4.95999700e-01
  3.84298420e-01  2.86447478e-01  2.02673071e-01  1.32847055e-01
 -1.97037863e+01  0.00000000e+00 -2.98708726e-18]
	Optimal constraints           : []
	Optimal multipliers (constr.) : []
	Optimal Jacobian              : []
	----------------------------------------------------------------------------------------------------
