
	Solution from PySLSQP:
	----------------------------------------------------------------------------------------------------
	Problem                       : SP1_V10
	Solver                        : pyslsqp
	Success                       : True
	Message                       : Optimization terminated successfully
	Status                        : 0
	Objective                     : 0.5315647297552951
	Optimality                    : -3.1489243434990044e-08
	Feasibility                   : 0.0
	Gradient norm                 : 0.04307207427625714
	Major iterations              : 24
	Total function evals          : 38
	Total gradient evals          : 23
	Total time                    : 7135.210976839066
	Function eval. time           : 3922.0077782999724
	Derivative eval. time         : 3213.1325787998503
	Optimizer time                : 0.002616400015540421
	Processing time               : 0.07036710006650537
	Visualization time            : 0.0
	Summary saved in              : SP1_V10_outputs/2026-05-03_03.25.57.773460/slsqp_summary.out
	Total callbacks               : 61
	Reused callbacks              : 0
	obj callbacks                 : 38
	grad callbacks                : 23
	hess callbacks                : 0
	con callbacks                 : 0
	jac callbacks                 : 0
	Optimal variables             : [ 5.         -0.66058548  4.7078316   3.          3.         16.46421103
  9.00025673  4.05594502 -6.99774789 -6.05478909  4.03857565  1.49857258
  4.3067031   3.92127395  0.4946334 ]
	Optimal obj. gradient         : [-0.01328968  0.000426   -0.00106141  0.00068079  0.03500921 -0.00146133
 -0.00424708 -0.00114195  0.00124419  0.01576482  0.0111191   0.00605079
 -0.00404512 -0.00049827 -0.00166114]
	Optimal constraints           : []
	Optimal multipliers (constr.) : []
	Optimal Jacobian              : []
	----------------------------------------------------------------------------------------------------
