
	Solution from PySLSQP:
	----------------------------------------------------------------------------------------------------
	Problem                       : SP2_V7
	Solver                        : pyslsqp
	Success                       : True
	Message                       : Optimization terminated successfully
	Status                        : 0
	Objective                     : 0.6704980125958312
	Optimality                    : -4.414679236619534e-07
	Feasibility                   : 0.0
	Gradient norm                 : 0.030134037068102297
	Major iterations              : 2
	Total function evals          : 6
	Total gradient evals          : 1
	Total time                    : 465.8789563179016
	Function eval. time           : 465.86689659999683
	Derivative eval. time         : 1.819999306462705e-05
	Optimizer time                : 0.0001251999638043344
	Processing time               : 0.006046700058504939
	Visualization time            : 0.0
	Summary saved in              : SP2_V7_outputs/2026-04-19_02.02.56.709721/slsqp_summary.out
	Total callbacks               : 7
	Reused callbacks              : 0
	obj callbacks                 : 6
	grad callbacks                : 1
	hess callbacks                : 0
	con callbacks                 : 0
	jac callbacks                 : 0
	Optimal variables             : [3.71606191e-01 5.07367687e-01 2.55780713e+00 5.27744912e+00
 5.02076130e+00 3.56240742e+00 2.34614862e+00 1.35489681e+00
 6.21506403e-01 2.13539004e-01 4.75993035e-01 6.40447504e-01
 7.23044877e-01 1.48445335e+00 1.23914565e+00 1.00746207e+00
 8.03273253e-01 4.45164816e-01 2.70001157e-01 1.98842871e-01
 9.97463222e+00 0.00000000e+00 2.21643479e-20]
	Optimal obj. gradient         : [ 1.15210333e-02  1.03783335e-02  2.88631155e-03  1.35982433e-03
  3.82680312e-03 -2.14597887e-02  3.37304935e-03  3.02339951e-03
  2.58198319e-03  2.05085698e-03  2.48918986e-03  2.23877108e-03
  5.51785154e-04  2.15321521e-04  5.84700235e-04 -1.23288505e-03
  5.56976609e-04  5.11849578e-04  4.41685974e-04  3.40008613e-04
  1.16865081e-02  0.00000000e+00  6.65016993e-22]
	Optimal constraints           : []
	Optimal multipliers (constr.) : []
	Optimal Jacobian              : []
	----------------------------------------------------------------------------------------------------
