
	Solution from PySLSQP:
	----------------------------------------------------------------------------------------------------
	Problem                       : SP2_V9
	Solver                        : pyslsqp
	Success                       : True
	Message                       : Optimization terminated successfully
	Status                        : 0
	Objective                     : 0.7207063188961679
	Optimality                    : 3.181350209180584e-12
	Feasibility                   : 0.0
	Gradient norm                 : 2.0910494399141013e-05
	Major iterations              : 8
	Total function evals          : 34
	Total gradient evals          : 8
	Total time                    : 2035.942492723465
	Function eval. time           : 1678.8692592000007
	Derivative eval. time         : 357.03997260000324
	Optimizer time                : 0.0009359000250697136
	Processing time               : 0.03216519998386502
	Visualization time            : 0.0
	Summary saved in              : SP2_V9_outputs/2026-04-19_09.10.42.020392/slsqp_summary.out
	Total callbacks               : 42
	Reused callbacks              : 0
	obj callbacks                 : 34
	grad callbacks                : 8
	hess callbacks                : 0
	con callbacks                 : 0
	jac callbacks                 : 0
	Optimal variables             : [2.41987484e-01 3.70208002e-01 2.24380225e+00 5.04024565e+00
 4.56723364e+00 3.20620874e+00 2.15917394e+00 1.16607947e+00
 4.32281548e-01 1.01376263e-01 3.00153436e-01 4.51936721e-01
 5.03402478e-01 1.28120459e+00 1.03529601e+00 7.97335624e-01
 6.05389413e-01 2.48140080e-01 1.00310491e-01 1.00230346e-01
 8.02806205e+00 0.00000000e+00 4.45673433e-21]
	Optimal obj. gradient         : [ 1.51772831e-07  1.37192482e-07  3.38939325e-08  1.18294006e-08
 -1.10937769e-06  2.71625602e-08  2.31067090e-08  1.90583378e-08
  1.49583657e-08  1.08208224e-08  3.28318780e-08  2.96502152e-08
  6.70061759e-09  1.88256703e-09  2.08799156e-05  4.39488336e-09
  3.83897306e-09  3.25756666e-09  2.59638449e-09  1.80844328e-09
 -1.34557915e-09  0.00000000e+00 -3.31271662e-28]
	Optimal constraints           : []
	Optimal multipliers (constr.) : []
	Optimal Jacobian              : []
	----------------------------------------------------------------------------------------------------
