
	Solution from PySLSQP:
	----------------------------------------------------------------------------------------------------
	Problem                       : SP2_V2
	Solver                        : pyslsqp
	Success                       : True
	Message                       : Optimization terminated successfully
	Status                        : 0
	Objective                     : 1.0454759627827337
	Optimality                    : -8.313698826922788e-06
	Feasibility                   : 0.0
	Gradient norm                 : 0.2360842737207517
	Major iterations              : 9
	Total function evals          : 49
	Total gradient evals          : 8
	Total time                    : 2492.521011352539
	Function eval. time           : 2174.9392620999133
	Derivative eval. time         : 317.57462249998935
	Optimizer time                : 0.0014739995822310448
	Processing time               : 0.012334100436419249
	Visualization time            : 0.0
	Summary saved in              : SP2_V2_outputs/2026-04-16_04.42.18.479546/slsqp_summary.out
	Total callbacks               : 57
	Reused callbacks              : 0
	obj callbacks                 : 49
	grad callbacks                : 8
	hess callbacks                : 0
	con callbacks                 : 0
	jac callbacks                 : 0
	Optimal variables             : [ 1.00000000e-01  1.00000000e-01  1.00850727e-01  1.00000000e-01
  1.00000000e-01  1.00000000e-01  1.00000000e-01  1.00000000e-01
  1.00000000e-01  1.00000000e-01  1.00000000e-01  1.11668903e-01
  1.05100648e-01  1.24561494e-01  1.15057357e-01  1.00000000e-01
  1.00000000e-01  1.00000000e-01  1.00000000e-01  1.00000000e-01
  7.38268668e-03  0.00000000e+00 -1.81999197e-20]
	Optimal obj. gradient         : [ 1.54175007e-01  1.38485799e-01  6.00441963e-02  2.85518628e-02
  1.87832515e-02  1.56868246e-02  1.25714156e-02  9.49296988e-03
  6.41727726e-03  3.35586702e-03  3.33834743e-02  2.99952198e-02
 -7.33539156e-02  5.90238807e-03  3.85803181e-03  3.19413433e-03
  2.52880628e-03  1.87172076e-03  1.21574316e-03  5.63118663e-04
  9.73960825e-04  0.00000000e+00 -2.04070672e-22]
	Optimal constraints           : []
	Optimal multipliers (constr.) : []
	Optimal Jacobian              : []
	----------------------------------------------------------------------------------------------------
