
	Solution from PySLSQP:
	----------------------------------------------------------------------------------------------------
	Problem                       : SP1_V7
	Solver                        : pyslsqp
	Success                       : True
	Message                       : Optimization terminated successfully
	Status                        : 0
	Objective                     : 0.6726568500433573
	Optimality                    : -5.201112962538446e-07
	Feasibility                   : 0.0
	Gradient norm                 : 0.07044445518249813
	Major iterations              : 90
	Total function evals          : 108
	Total gradient evals          : 89
	Total time                    : 3936.578477859497
	Function eval. time           : 1749.3286672000104
	Derivative eval. time         : 2187.142947999986
	Optimizer time                : 0.006421300058718771
	Processing time               : 0.10019659994577523
	Visualization time            : 0.0
	Summary saved in              : SP1_V7_outputs/2026-04-17_17.39.02.069421/slsqp_summary.out
	Total callbacks               : 197
	Reused callbacks              : 0
	obj callbacks                 : 108
	grad callbacks                : 89
	hess callbacks                : 0
	con callbacks                 : 0
	jac callbacks                 : 0
	Optimal variables             : [ 5.         -2.2918336  -1.87973028  3.          3.         18.18347407
 -1.12684707 -4.48792049 -3.44259681 -3.64151323  5.24250174  1.79182127
  3.91273431  3.17443387  0.54926232]
	Optimal obj. gradient         : [ 1.33608563e-02  1.63314165e-02  1.02668243e-02  2.91213186e-02
  1.89796494e-02  3.55247015e-03 -2.61813861e-05 -3.99906601e-04
  4.42054200e-04  3.94997541e-03  4.06740682e-02  3.29538258e-02
 -7.82718143e-03 -1.54405098e-03 -1.92599575e-02]
	Optimal constraints           : []
	Optimal multipliers (constr.) : []
	Optimal Jacobian              : []
	----------------------------------------------------------------------------------------------------
