
	Solution from PySLSQP:
	----------------------------------------------------------------------------------------------------
	Problem                       : SP2_V7
	Solver                        : pyslsqp
	Success                       : True
	Message                       : Optimization terminated successfully
	Status                        : 0
	Objective                     : 0.670523726791531
	Optimality                    : -3.0754458146819985e-07
	Feasibility                   : 0.0
	Gradient norm                 : 0.12005032989426186
	Major iterations              : 2
	Total function evals          : 11
	Total gradient evals          : 1
	Total time                    : 662.2210893630981
	Function eval. time           : 662.2157703000412
	Derivative eval. time         : 2.1700005163438618e-05
	Optimizer time                : 0.00021210001432336867
	Processing time               : 0.0049146999372169375
	Visualization time            : 0.0
	Summary saved in              : SP2_V7_outputs/2026-04-18_12.13.29.122558/slsqp_summary.out
	Total callbacks               : 12
	Reused callbacks              : 0
	obj callbacks                 : 11
	grad callbacks                : 1
	hess callbacks                : 0
	con callbacks                 : 0
	jac callbacks                 : 0
	Optimal variables             : [3.71128807e-01 5.11546468e-01 2.55889920e+00 5.27098102e+00
 5.01486128e+00 3.56329970e+00 2.34715480e+00 1.35573229e+00
 6.22170560e-01 2.14032131e-01 4.76573490e-01 6.41348897e-01
 7.23253647e-01 1.48385465e+00 1.23884345e+00 1.00762914e+00
 8.03439388e-01 4.45306250e-01 2.70114763e-01 1.98924620e-01
 9.97442016e+00 0.00000000e+00 2.18777596e-20]
	Optimal obj. gradient         : [-1.18178359e-01  1.30644190e-02  3.25823585e-03  1.50468732e-03
  3.81707781e-03  3.05101023e-03  2.36920042e-03  1.77004922e-03
  1.24888827e-03  8.08720001e-04 -9.31125190e-03  2.81805945e-03
  6.22865831e-04  2.38349476e-04  5.83439442e-04  4.85977436e-04
  3.91178085e-04  2.99633272e-04  2.13618344e-04  1.34051492e-04
 -1.14712918e-02  0.00000000e+00  9.08035469e-22]
	Optimal constraints           : []
	Optimal multipliers (constr.) : []
	Optimal Jacobian              : []
	----------------------------------------------------------------------------------------------------
