
	Solution from PySLSQP:
	----------------------------------------------------------------------------------------------------
	Problem                       : SP1_V8
	Solver                        : pyslsqp
	Success                       : True
	Message                       : Optimization terminated successfully
	Status                        : 0
	Objective                     : 0.6848930870671738
	Optimality                    : -7.665053053385051e-07
	Feasibility                   : 0.0
	Gradient norm                 : 0.336962409140261
	Major iterations              : 2
	Total function evals          : 7
	Total gradient evals          : 1
	Total time                    : 241.2561116218567
	Function eval. time           : 241.2251413000049
	Derivative eval. time         : 2.3200002033263445e-05
	Optimizer time                : 0.0008502000127919018
	Processing time               : 0.015761499962536618
	Visualization time            : 0.0
	Summary saved in              : SP1_V8_outputs/2026-04-18_03.24.32.977716/slsqp_summary.out
	Total callbacks               : 8
	Reused callbacks              : 0
	obj callbacks                 : 7
	grad callbacks                : 1
	hess callbacks                : 0
	con callbacks                 : 0
	jac callbacks                 : 0
	Optimal variables             : [ 4.9999977  -1.76463103 -1.72233289  3.          3.         17.63426207
 -3.03140496 -5.36793742 -3.86722429 -3.85440232  5.09389079  1.676181
  3.93245177  3.18086953  0.54082369]
	Optimal obj. gradient         : [ 0.14695686  0.08137703  0.03337915  0.10765508  0.06435654  0.0085302
 -0.00695263 -0.00312105  0.00027746  0.02090363  0.19561642  0.09385537
 -0.08013625 -0.01499171 -0.11912393]
	Optimal constraints           : []
	Optimal multipliers (constr.) : []
	Optimal Jacobian              : []
	----------------------------------------------------------------------------------------------------
