
	Solution from PySLSQP:
	----------------------------------------------------------------------------------------------------
	Problem                       : SP1_V2
	Solver                        : pyslsqp
	Success                       : True
	Message                       : Optimization terminated successfully
	Status                        : 0
	Objective                     : 1.0045009952194495
	Optimality                    : -1.5561237955985519e-06
	Feasibility                   : 0.0
	Gradient norm                 : 0.07246959036052694
	Major iterations              : 17
	Total function evals          : 29
	Total gradient evals          : 16
	Total time                    : 3059.5012154579163
	Function eval. time           : 1743.7843158994801
	Derivative eval. time         : 1315.7013911000686
	Optimizer time                : 0.0013190001482143998
	Processing time               : 0.01812370028346777
	Visualization time            : 0.0
	Summary saved in              : SP1_V2_outputs/2026-04-16_13.54.37.685682/slsqp_summary.out
	Total callbacks               : 45
	Reused callbacks              : 0
	obj callbacks                 : 29
	grad callbacks                : 16
	hess callbacks                : 0
	con callbacks                 : 0
	jac callbacks                 : 0
	Optimal variables             : [ 5.         -8.70799139 -7.79763382  4.84282521  4.2697719   8.
  9.00025673  5.62456858  6.45572974  5.5974604  11.98427002  1.94156954
  1.72931384  1.68071862  0.33970491]
	Optimal obj. gradient         : [ 0.02208294  0.01979273  0.01258625  0.00878687  0.01420572  0.03276799
  0.00208813  0.00122058 -0.00050877 -0.00848693 -0.01148738  0.01337398
  0.00963168  0.00519597 -0.04850298]
	Optimal constraints           : []
	Optimal multipliers (constr.) : []
	Optimal Jacobian              : []
	----------------------------------------------------------------------------------------------------
