
	Solution from PySLSQP:
	----------------------------------------------------------------------------------------------------
	Problem                       : SP1_V7
	Solver                        : pyslsqp
	Success                       : True
	Message                       : Optimization terminated successfully
	Status                        : 0
	Objective                     : 0.6703628420928643
	Optimality                    : -1.3032094059450827e-07
	Feasibility                   : 0.0
	Gradient norm                 : 0.030939716986063546
	Major iterations              : 10
	Total function evals          : 25
	Total gradient evals          : 9
	Total time                    : 3531.6768629550934
	Function eval. time           : 2425.063276800065
	Derivative eval. time         : 1106.5906946999603
	Optimizer time                : 0.0007249001355376095
	Processing time               : 0.013269399845739827
	Visualization time            : 0.0
	Summary saved in              : SP1_V7_outputs/2026-04-19_05.29.58.481485/slsqp_summary.out
	Total callbacks               : 34
	Reused callbacks              : 0
	obj callbacks                 : 25
	grad callbacks                : 9
	hess callbacks                : 0
	con callbacks                 : 0
	jac callbacks                 : 0
	Optimal variables             : [ 5.         -1.84252014 -1.62256244  3.          3.         17.99477203
 -1.51745301 -4.74488947 -3.75274108 -3.91166222  5.09780662  1.65996091
  3.98192677  3.23146623  0.52017589]
	Optimal obj. gradient         : [-2.48619584e-02 -2.91370294e-04 -1.07453853e-03  1.59243508e-02
  7.03215258e-03 -1.25636202e-04  1.22635397e-04  6.14292965e-04
  1.45275562e-04  7.88848395e-04 -5.45818466e-03 -1.87621444e-03
 -4.06202995e-05  2.17410309e-04  6.78984624e-04]
	Optimal constraints           : []
	Optimal multipliers (constr.) : []
	Optimal Jacobian              : []
	----------------------------------------------------------------------------------------------------
