
	Solution from PySLSQP:
	----------------------------------------------------------------------------------------------------
	Problem                       : SP2_V8
	Solver                        : pyslsqp
	Success                       : True
	Message                       : Optimization terminated successfully
	Status                        : 0
	Objective                     : 0.6859125130756997
	Optimality                    : 5.988533423011567e-07
	Feasibility                   : 0.0
	Gradient norm                 : 0.006839262096473407
	Major iterations              : 5
	Total function evals          : 12
	Total gradient evals          : 5
	Total time                    : 351.5728430747986
	Function eval. time           : 257.7093492000422
	Derivative eval. time         : 93.84506619995227
	Optimizer time                : 0.0003713999758474529
	Processing time               : 0.017996100039454177
	Visualization time            : 0.0
	Summary saved in              : SP2_V8_outputs/2026-04-17_23.38.38.939042/slsqp_summary.out
	Total callbacks               : 17
	Reused callbacks              : 0
	obj callbacks                 : 12
	grad callbacks                : 5
	hess callbacks                : 0
	con callbacks                 : 0
	jac callbacks                 : 0
	Optimal variables             : [ 4.45763634e-01  5.70352818e-01  2.44901336e+00  5.24161682e+00
  4.77669980e+00  3.40897073e+00  2.36108168e+00  1.36722569e+00
  6.31249311e-01  2.20727744e-01  4.92701641e-01  6.54029463e-01
  7.04368537e-01  1.48145035e+00  1.22352843e+00  9.97835828e-01
  8.05741434e-01  4.47252912e-01  2.71667870e-01  2.00034594e-01
  9.00490139e+00  0.00000000e+00 -3.69312969e-22]
	Optimal obj. gradient         : [4.64595870e-03 3.82337397e-03 1.05051739e-03 4.89711950e-04
 1.88950534e-03 1.08117887e-03 9.39793353e-04 7.94925683e-04
 6.43829316e-04 4.87327160e-04 1.00309749e-03 8.24099130e-04
 2.01180048e-04 7.71091603e-05 2.34967975e-04 1.73002900e-04
 1.54236835e-04 1.33958451e-04 1.09780214e-04 8.06207589e-05
 6.67451723e-04 0.00000000e+00 1.44316214e-23]
	Optimal constraints           : []
	Optimal multipliers (constr.) : []
	Optimal Jacobian              : []
	----------------------------------------------------------------------------------------------------
