
	Solution from PySLSQP:
	----------------------------------------------------------------------------------------------------
	Problem                       : SP1_V10
	Solver                        : pyslsqp
	Success                       : True
	Message                       : Optimization terminated successfully
	Status                        : 0
	Objective                     : 0.5206932218137251
	Optimality                    : -2.5780094503602413e-08
	Feasibility                   : 0.0
	Gradient norm                 : 0.04008736271115176
	Major iterations              : 14
	Total function evals          : 20
	Total gradient evals          : 13
	Total time                    : 3191.716430902481
	Function eval. time           : 1683.7642122000689
	Derivative eval. time         : 1507.8943694001064
	Optimizer time                : 0.0015161997871473432
	Processing time               : 0.057224900112487376
	Visualization time            : 0.0
	Summary saved in              : SP1_V10_outputs/2026-05-01_22.51.51.826417/slsqp_summary.out
	Total callbacks               : 33
	Reused callbacks              : 0
	obj callbacks                 : 20
	grad callbacks                : 13
	hess callbacks                : 0
	con callbacks                 : 0
	jac callbacks                 : 0
	Optimal variables             : [ 5.         -0.83288718  4.61295183  3.          3.         17.07032486
  9.00025673  4.05532208 -6.99774789 -6.05478909  4.06893648  1.49857258
  4.31094741  3.93326083  0.50073853]
	Optimal obj. gradient         : [-1.27670680e-02 -8.50335288e-05  1.20407604e-04  1.71927264e-03
  3.19418461e-02  8.50435355e-04 -4.32386150e-03 -4.24963435e-05
  1.84962913e-03  1.46880544e-02 -4.00701562e-03  1.26869987e-02
  2.26689636e-03 -1.14010476e-06  6.03542120e-05]
	Optimal constraints           : []
	Optimal multipliers (constr.) : []
	Optimal Jacobian              : []
	----------------------------------------------------------------------------------------------------
