
	Solution from PySLSQP:
	----------------------------------------------------------------------------------------------------
	Problem                       : SP2_V10
	Solver                        : pyslsqp
	Success                       : True
	Message                       : Optimization terminated successfully
	Status                        : 0
	Objective                     : 0.5206862894342488
	Optimality                    : -4.129758979232179e-09
	Feasibility                   : 0.0
	Gradient norm                 : 0.027344697572404805
	Major iterations              : 2
	Total function evals          : 7
	Total gradient evals          : 1
	Total time                    : 543.7118213176727
	Function eval. time           : 543.6768035999266
	Derivative eval. time         : 0.0008677999721840024
	Optimizer time                : 0.0011475000064820051
	Processing time               : 0.03377950005233288
	Visualization time            : 0.0
	Summary saved in              : SP2_V10_outputs/2026-05-02_02.51.30.410230/slsqp_summary.out
	Total callbacks               : 8
	Reused callbacks              : 0
	obj callbacks                 : 7
	grad callbacks                : 1
	hess callbacks                : 0
	con callbacks                 : 0
	jac callbacks                 : 0
	Optimal variables             : [1.00000000e-01 2.13155832e-01 1.08769720e+00 2.09539340e+00
 2.02432837e+00 1.62708497e+00 1.20071702e+00 7.94016371e-01
 3.92724658e-01 1.00616618e-01 1.00000000e-01 1.63490219e-01
 1.85379534e-01 2.87217640e-01 3.10490181e-01 2.69110461e-01
 2.21736158e-01 1.57071579e-01 1.06955468e-01 1.00000000e-01
 8.99416589e-02 0.00000000e+00 4.40397770e-20]
	Optimal obj. gradient         : [ 1.92794813e-02  1.42667070e-02  1.63778306e-03 -1.13605060e-02
  1.95554076e-03  1.71478335e-03  1.47812440e-03  1.24284272e-03
  1.01067108e-03  7.80805034e-04  4.17101534e-03  3.08394675e-03
  3.21354555e-04 -9.91293134e-04  3.43416059e-04  3.00243121e-04
  2.58915867e-04  2.17254584e-04  1.76084613e-04  1.32907055e-04
 -5.11342128e-04  0.00000000e+00  3.64264912e-23]
	Optimal constraints           : []
	Optimal multipliers (constr.) : []
	Optimal Jacobian              : []
	----------------------------------------------------------------------------------------------------
