
	Solution from PySLSQP:
	----------------------------------------------------------------------------------------------------
	Problem                       : SP1_V9
	Solver                        : pyslsqp
	Success                       : True
	Message                       : Optimization terminated successfully
	Status                        : 0
	Objective                     : 0.7214558875723509
	Optimality                    : -5.672796876687869e-08
	Feasibility                   : 0.0
	Gradient norm                 : 0.14874224853006682
	Major iterations              : 142
	Total function evals          : 193
	Total gradient evals          : 141
	Total time                    : 16613.72345995903
	Function eval. time           : 8106.904377700121
	Derivative eval. time         : 8506.63995159982
	Optimizer time                : 0.007888700347393751
	Processing time               : 0.18055789970094338
	Visualization time            : 0.0
	Summary saved in              : SP1_V9_outputs/2026-04-19_01.56.22.176178/slsqp_summary.out
	Total callbacks               : 334
	Reused callbacks              : 0
	obj callbacks                 : 193
	grad callbacks                : 141
	hess callbacks                : 0
	con callbacks                 : 0
	jac callbacks                 : 0
	Optimal variables             : [ 4.92796832 -1.22579558 -2.38189776  3.          3.         16.81409138
  2.34544324 -0.27433504  0.3650837  -0.10145937  4.99647751  1.49857258
  4.04066803  2.14065997  0.35409585]
	Optimal obj. gradient         : [-6.16883441e-02 -2.21207431e-02 -2.66422859e-02 -1.15882382e-02
 -1.52594401e-02 -5.58917664e-04 -7.37017357e-05  9.69266617e-04
  4.01399608e-04 -7.49856594e-04 -7.90877047e-02 -9.86497005e-02
  8.94969773e-03 -1.83719637e-05  2.61499842e-02]
	Optimal constraints           : []
	Optimal multipliers (constr.) : []
	Optimal Jacobian              : []
	----------------------------------------------------------------------------------------------------
