
	Solution from PySLSQP:
	----------------------------------------------------------------------------------------------------
	Problem                       : unnamed_problem
	Solver                        : pyslsqp
	Success                       : False
	Message                       : Iteration limit reached
	Status                        : 9
	Objective                     : 138.50846620916954
	Optimality                    : 12202.372087271415
	Feasibility                   : 0.0
	Gradient norm                 : 311.65361196094165
	Major iterations              : 2
	Total function evals          : 6
	Total gradient evals          : 2
	Total time                    : 120.34630155563354
	Function eval. time           : 92.40726339997491
	Derivative eval. time         : 27.933480100007728
	Optimizer time                : 0.00044659996638074517
	Processing time               : 0.0038768000376876444
	Visualization time            : 0.0
	Summary saved in              : unnamed_problem_outputs/2026-04-09_13.26.39.897759/slsqp_summary.out
	Total callbacks               : 8
	Reused callbacks              : 0
	obj callbacks                 : 6
	grad callbacks                : 2
	hess callbacks                : 0
	con callbacks                 : 0
	jac callbacks                 : 0
	Optimal variables             : [ 4.37444007e+00  7.19311290e-01  7.19311298e-01  7.19311608e-01
  7.19160424e-01  7.19311677e-01  7.19311685e-01  7.19311693e-01
  6.96339854e-01  6.33427997e-01  5.67131396e-01  7.19311682e-01
  7.19311684e-01  3.56667928e-01  7.19298018e-01  2.52161097e-01
  2.39149155e-01  2.25655739e-01  2.11332874e-01  1.96234465e-01
  1.80290569e-01 -6.25564419e-01 -6.25565627e-01  4.87613180e+00
  4.84197962e+00  1.53922517e+01 -4.90409278e-01 -6.58138253e-02
 -9.38500343e-02 -3.78767643e-01  5.80471151e+00  2.90340413e+00
  3.51034626e+00  2.18735958e+00  7.68674798e-01 -6.07516429e-02
  2.01450181e-02  2.81500357e-01  3.35525499e-08  5.24902613e-01
  3.35549659e-08  7.86503684e-02  1.02867182e+00  7.86493790e-02
  3.35525499e-08  5.24902613e-01  3.35549659e-08  1.88715305e-08
  8.21544573e-01  1.88740710e-08  1.25800296e-08  8.64509329e-01
  1.25801203e-08  1.88715632e-08  8.21544573e-01  1.88740910e-08
  5.10869797e-03  9.45730220e-01  5.09272777e-03  5.10869797e-03
  9.45730220e-01  5.09272777e-03  1.19046630e-01  1.19045727e-01]
	Optimal obj. gradient         : [ 1.79980622e+02 -1.86144751e+01 -1.93777793e+01 -6.92441789e+00
 -2.33830726e+01 -4.42781317e+00 -4.18357438e+00 -3.91263659e+00
 -3.60685874e+00 -3.26911846e+00 -2.89885815e+00 -4.01460893e+00
 -4.17510753e+00 -1.41856086e+00 -2.65561714e+00 -8.58661056e-01
 -7.95001468e-01 -7.25768413e-01 -6.49496828e-01 -5.67550395e-01
 -4.78018572e-01  7.12831067e+01  3.13153812e+01  4.74437787e+01
  5.92470800e+01  3.70446393e+01  2.05742633e+00 -1.51388820e+00
 -1.31486547e+00  5.96081658e+00  1.25029224e+02  7.35452369e+01
 -3.27579663e+01  4.17890106e+00 -7.34308482e+00  2.32167927e+01
  1.13713444e+00 -1.64545573e+02  3.22707023e+00 -4.99070935e+00
  2.15030549e+00 -7.74857522e-02 -5.78902180e+00 -1.24208097e+00
  3.22707023e+00 -4.99070935e+00  2.15030549e+00  3.52136482e+00
 -3.43012941e+00  2.29208611e+00  2.96041609e+00 -3.56063217e+00
  1.73103560e+00  3.52136482e+00 -3.43012941e+00  2.29208611e+00
  8.32782213e-01 -4.85860918e+00 -3.57220496e-01  8.32782213e-01
 -4.85860918e+00 -3.57220496e-01  4.45948140e-01 -7.53288898e-01]
	Optimal constraints           : []
	Optimal multipliers (constr.) : []
	Optimal Jacobian              : []
	----------------------------------------------------------------------------------------------------
