
	Solution from PySLSQP:
	----------------------------------------------------------------------------------------------------
	Problem                       : unnamed_problem
	Solver                        : pyslsqp
	Success                       : True
	Message                       : Optimization terminated successfully
	Status                        : 0
	Objective                     : 1.0044973927384493
	Optimality                    : -8.477852924770879e-05
	Feasibility                   : 0.0
	Gradient norm                 : 0.7315610897413671
	Major iterations              : 83
	Total function evals          : 211
	Total gradient evals          : 82
	Total time                    : 17316.548799991608
	Function eval. time           : 11066.196066400036
	Derivative eval. time         : 6249.1286755998735
	Optimizer time                : 0.027121200022520497
	Processing time               : 0.11535020006704144
	Visualization time            : 0.0
	Summary saved in              : unnamed_problem_outputs/2026-04-08_17.27.55.568608/slsqp_summary.out
	Total callbacks               : 293
	Reused callbacks              : 0
	obj callbacks                 : 211
	grad callbacks                : 82
	hess callbacks                : 0
	con callbacks                 : 0
	jac callbacks                 : 0
	Optimal variables             : [ 4.76135704  0.13307875  0.14075442  0.29896413  0.10553428  0.97393742
  0.735119    0.5478683   0.38747698  0.20411429  0.4177812   0.18301174
  0.24100536  0.3533714   2.46606112  0.37070134  0.31652118  0.20669097
  0.1401583   0.17316818  0.23933019 -3.24738672 -6.20183843  4.89943437
  3.11518357 15.60253679  2.55838567  2.49839975  4.61752577  3.64715477
  8.54415     2.38147313  5.05876085 -2.58504801  3.24370355  0.05852032
 -0.60028219  0.45547631  0.67678178  2.17979922  0.70028688  0.90035784
  2.4260475   0.93474822  0.67796636  2.17789662  0.70394574  0.28802708
  1.62351202  0.11074371  0.32303318  1.65473927  0.14939534  0.28401498
  1.62773329  0.11002069  0.64866365  2.09012976  0.56787043  0.64606862
  2.09163457  0.56920056  0.73158434  0.66576566]
	Optimal obj. gradient         : [-0.40697285  0.07914156  0.08149373  0.03630471  0.01212351 -0.22719204
  0.02600257  0.02311826  0.01973     0.01590495  0.01164176  0.01713598
  0.01764823  0.00755363  0.00249351 -0.01818392  0.00506611  0.00444708
  0.00372045  0.00291158  0.00192764 -0.16332784 -0.06940871 -0.0871315
 -0.103382   -0.05037506 -0.03185778 -0.01405855  0.02292457 -0.00597522
 -0.1974644  -0.09676651  0.14861034 -0.04383259  0.03289448 -0.072712
 -0.01599925  0.38156908  0.01976062  0.03631108 -0.03330393  0.00946567
  0.02982968  0.04816914  0.03163362  0.01724132  0.00336867  0.01717032
 -0.00053601  0.00645438  0.00830224 -0.04418482  0.03126546 -0.02304285
  0.04177359 -0.00080947  0.05317534  0.02510118 -0.02335968  0.02716546
  0.04018382 -0.0100278  -0.03261906  0.03582005]
	Optimal constraints           : []
	Optimal multipliers (constr.) : []
	Optimal Jacobian              : []
	----------------------------------------------------------------------------------------------------
