
	Solution from PySLSQP:
	----------------------------------------------------------------------------------------------------
	Problem                       : SP1_V7
	Solver                        : pyslsqp
	Success                       : True
	Message                       : Optimization terminated successfully
	Status                        : 0
	Objective                     : 0.6704573062990296
	Optimality                    : -5.143874649560232e-07
	Feasibility                   : 0.0
	Gradient norm                 : 0.03567444688515557
	Major iterations              : 10
	Total function evals          : 23
	Total gradient evals          : 9
	Total time                    : 3993.527866125107
	Function eval. time           : 2637.355142699962
	Derivative eval. time         : 1356.1415465000027
	Optimizer time                : 0.0008098999969661236
	Processing time               : 0.019742000062251464
	Visualization time            : 0.0
	Summary saved in              : SP1_V7_outputs/2026-04-18_19.40.56.739378/slsqp_summary.out
	Total callbacks               : 32
	Reused callbacks              : 0
	obj callbacks                 : 23
	grad callbacks                : 9
	hess callbacks                : 0
	con callbacks                 : 0
	jac callbacks                 : 0
	Optimal variables             : [ 5.         -1.83611099 -1.62414301  3.          3.         17.99989823
 -1.5197096  -4.74391947 -3.7521381  -3.91061013  5.09774561  1.66026584
  3.98172065  3.23013186  0.52555061]
	Optimal obj. gradient         : [-0.02901324 -0.00160759 -0.00011779  0.01727803  0.00503824 -0.00286182
 -0.00085696  0.00030937  0.00033941  0.00231845 -0.0064656  -0.00187533
 -0.00569566 -0.00185098  0.00294748]
	Optimal constraints           : []
	Optimal multipliers (constr.) : []
	Optimal Jacobian              : []
	----------------------------------------------------------------------------------------------------
